Archive member included because of file (symbol)

./RTOSDemo/driverlib/gcc/libdriver.a(ethernet.o)
                              ./RTOSDemo/webserver/emac.o (EthernetInitExpClk)
./RTOSDemo/driverlib/gcc/libdriver.a(flash.o)
                              ./RTOSDemo/webserver/uIP_Task.o (FlashUserGet)
./RTOSDemo/driverlib/gcc/libdriver.a(gpio.o)
                              ./RTOSDemo/ParTest/ParTest.o (GPIODirModeSet)
./RTOSDemo/driverlib/gcc/libdriver.a(i2s.o)
                              ./RTOSDemo/evalbot_drivers/sound.o (I2STxEnable)
./RTOSDemo/driverlib/gcc/libdriver.a(interrupt.o)
                              ./RTOSDemo/driverlib/gcc/libdriver.a(ethernet.o) (IntRegister)
./RTOSDemo/driverlib/gcc/libdriver.a(sysctl.o)
                              ./RTOSDemo/main.o (SysCtlPeripheralPresent)
./RTOSDemo/driverlib/gcc/libdriver.a(timer.o)
                              ./RTOSDemo/timertest.o (TimerEnable)
./RTOSDemo/driverlib/gcc/libdriver.a(cpu.o)
                              ./RTOSDemo/driverlib/gcc/libdriver.a(interrupt.o) (CPUcpsid)
/home/valentin/CodeSourcery/Sourcery_CodeBench_Lite_for_ARM_EABI/bin/../lib/gcc/arm-none-eabi/4.6.1/../../../../arm-none-eabi/lib/thumb2/libc.a(lib_a-memcmp.o)
                              ../FreeRTOS/Source/tasks.o (memcmp)
/home/valentin/CodeSourcery/Sourcery_CodeBench_Lite_for_ARM_EABI/bin/../lib/gcc/arm-none-eabi/4.6.1/../../../../arm-none-eabi/lib/thumb2/libc.a(lib_a-memcpy.o)
                              ./RTOSDemo/webserver/httpd.o (memcpy)
/home/valentin/CodeSourcery/Sourcery_CodeBench_Lite_for_ARM_EABI/bin/../lib/gcc/arm-none-eabi/4.6.1/../../../../arm-none-eabi/lib/thumb2/libc.a(lib_a-memset.o)
                              ../FreeRTOS/Demo/Common/Minimal/IntQueue.o (memset)
/home/valentin/CodeSourcery/Sourcery_CodeBench_Lite_for_ARM_EABI/bin/../lib/gcc/arm-none-eabi/4.6.1/../../../../arm-none-eabi/lib/thumb2/libc.a(lib_a-strcat.o)
                              ./RTOSDemo/webserver/httpd-cgi.o (strcat)
/home/valentin/CodeSourcery/Sourcery_CodeBench_Lite_for_ARM_EABI/bin/../lib/gcc/arm-none-eabi/4.6.1/../../../../arm-none-eabi/lib/thumb2/libc.a(lib_a-strchr.o)
                              ./RTOSDemo/webserver/uIP_Task.o (strchr)
/home/valentin/CodeSourcery/Sourcery_CodeBench_Lite_for_ARM_EABI/bin/../lib/gcc/arm-none-eabi/4.6.1/../../../../arm-none-eabi/lib/thumb2/libc.a(lib_a-strcpy.o)
                              ./RTOSDemo/webserver/uIP_Task.o (strcpy)
/home/valentin/CodeSourcery/Sourcery_CodeBench_Lite_for_ARM_EABI/bin/../lib/gcc/arm-none-eabi/4.6.1/../../../../arm-none-eabi/lib/thumb2/libc.a(lib_a-strlen.o)
                              ./RTOSDemo/evalbot_drivers/display96x16x1.o (strlen)
/home/valentin/CodeSourcery/Sourcery_CodeBench_Lite_for_ARM_EABI/bin/../lib/gcc/arm-none-eabi/4.6.1/../../../../arm-none-eabi/lib/thumb2/libc.a(lib_a-strncmp.o)
                              ./RTOSDemo/driverlib/ustdlib.o (strncmp)
/home/valentin/CodeSourcery/Sourcery_CodeBench_Lite_for_ARM_EABI/bin/../lib/gcc/arm-none-eabi/4.6.1/../../../../arm-none-eabi/lib/thumb2/libc.a(lib_a-strncpy.o)
                              ./RTOSDemo/driverlib/ustdlib.o (strncpy)
/home/valentin/CodeSourcery/Sourcery_CodeBench_Lite_for_ARM_EABI/bin/../lib/gcc/arm-none-eabi/4.6.1/../../../../arm-none-eabi/lib/thumb2/libc.a(lib_a-strrchr.o)
                              ./RTOSDemo/webserver/httpd.o (strrchr)
/home/valentin/CodeSourcery/Sourcery_CodeBench_Lite_for_ARM_EABI/bin/../lib/gcc/arm-none-eabi/4.6.1/../../../../arm-none-eabi/lib/thumb2/libc.a(lib_a-strstr.o)
                              ./RTOSDemo/webserver/uIP_Task.o (strstr)
/home/valentin/CodeSourcery/Sourcery_CodeBench_Lite_for_ARM_EABI/bin/../lib/gcc/arm-none-eabi/4.6.1/../../../../arm-none-eabi/lib/thumb2/libc.a(lib_a-memchr.o)
                              /home/valentin/CodeSourcery/Sourcery_CodeBench_Lite_for_ARM_EABI/bin/../lib/gcc/arm-none-eabi/4.6.1/../../../../arm-none-eabi/lib/thumb2/libc.a(lib_a-strstr.o) (memchr)

Allocating common symbols
Common symbol       size              file

uip_len             0x2               ../FreeRTOS/Demo/Common/ethernet/uIP/uip-1.0/uip/uip.o
xOLEDQueue          0x4               ./RTOSDemo/main.o
pcStatus            0x4               ./RTOSDemo/webserver/httpd-cgi.o
xHighPriorityTask   0x4               ../FreeRTOS/Demo/Common/Minimal/QPeek.o
uip_sappdata        0x4               ../FreeRTOS/Demo/Common/ethernet/uIP/uip-1.0/uip/uip.o
uip_acc32           0x4               ../FreeRTOS/Demo/Common/ethernet/uIP/uip-1.0/uip/uip.o
xMediumPriorityTask
                    0x4               ../FreeRTOS/Demo/Common/Minimal/QPeek.o
xQueueRegistry      0x50              ../FreeRTOS/Source/queue.o
uip_flags           0x1               ../FreeRTOS/Demo/Common/ethernet/uIP/uip-1.0/uip/uip.o
xHighPriorityNormallyEmptyTask2
                    0x4               ../FreeRTOS/Demo/Common/Minimal/IntQueue.o
xHighPriorityNormallyFullTask1
[...]
Memory Configuration

Name             Origin             Length             Attributes
FLASH            0x00000000         0x00040000         xr
SRAM             0x20000000         0x00018000         xrw
*default*        0x00000000         0xffffffff

Linker script and memory map

LOAD ./RTOSDemo/main.o
LOAD ./RTOSDemo/timertest.o
LOAD ./RTOSDemo/ParTest/ParTest.o
LOAD ./RTOSDemo/evalbot_drivers/dac.o
LOAD ./RTOSDemo/evalbot_drivers/display96x16x1.o
LOAD ./RTOSDemo/evalbot_drivers/io.o
LOAD ./RTOSDemo/evalbot_drivers/motor.o
LOAD ./RTOSDemo/evalbot_drivers/sensors.o
LOAD ./RTOSDemo/evalbot_drivers/sound.o
LOAD ./RTOSDemo/evalbot_drivers/wav.o
LOAD ./RTOSDemo/driverlib/ustdlib.o
LOAD ../FreeRTOS/Demo/Common/Minimal/BlockQ.o
LOAD ../FreeRTOS/Demo/Common/Minimal/blocktim.o
LOAD ../FreeRTOS/Demo/Common/Minimal/death.o
LOAD ../FreeRTOS/Demo/Common/Minimal/integer.o
LOAD ../FreeRTOS/Demo/Common/Minimal/PollQ.o
LOAD ../FreeRTOS/Demo/Common/Minimal/semtest.o
LOAD ../FreeRTOS/Demo/Common/Minimal/GenQTest.o
LOAD ../FreeRTOS/Demo/Common/Minimal/QPeek.o
LOAD ../FreeRTOS/Demo/Common/Minimal/recmutex.o
LOAD ../FreeRTOS/Demo/Common/Minimal/IntQueue.o
LOAD ./RTOSDemo/IntQueueTimer.o
LOAD ./RTOSDemo/webserver/uIP_Task.o
LOAD ./RTOSDemo/webserver/emac.o
LOAD ./RTOSDemo/webserver/httpd.o
LOAD ./RTOSDemo/webserver/httpd-cgi.o
LOAD ./RTOSDemo/webserver/httpd-fs.o
LOAD ./RTOSDemo/webserver/http-strings.o
LOAD ../FreeRTOS/Demo/Common/ethernet/uIP/uip-1.0/uip/uip_arp.o
LOAD ../FreeRTOS/Demo/Common/ethernet/uIP/uip-1.0/uip/psock.o
LOAD ../FreeRTOS/Demo/Common/ethernet/uIP/uip-1.0/uip/timer.o
LOAD ../FreeRTOS/Demo/Common/ethernet/uIP/uip-1.0/uip/uip.o
LOAD ../FreeRTOS/Source/list.o
LOAD ../FreeRTOS/Source/queue.o
LOAD ../FreeRTOS/Source/tasks.o
LOAD ../FreeRTOS/Source/portable/GCC/ARM_CM3/port.o
LOAD ../FreeRTOS/Source/portable/MemMang/heap_2.o
LOAD ./RTOSDemo/startup.o
LOAD ./RTOSDemo/driverlib/gcc/libdriver.a
LOAD ./RTOSDemo/driverlib/gcc/libgr.a
START GROUP
LOAD /home/valentin/CodeSourcery/Sourcery_CodeBench_Lite_for_ARM_EABI/bin/../lib/gcc/arm-none-eabi/4.6.1/thumb2/libgcc.a
LOAD /home/valentin/CodeSourcery/Sourcery_CodeBench_Lite_for_ARM_EABI/bin/../lib/gcc/arm-none-eabi/4.6.1/../../../../arm-none-eabi/lib/thumb2/libc.a
END GROUP

.text           0x00000000    0x15044
 *(.isr_vector)
 .isr_vector    0x00000000       0xf0 ./RTOSDemo/startup.o
                0x00000000                g_pfnVectors
 *(.text*)
 .text          0x000000f0        0x0 ./RTOSDemo/main.o
 .text.main     0x000000f0       0xec ./RTOSDemo/main.o
                0x000000f0                main
 .text.prvSetupHardware
                0x000001dc       0x50 ./RTOSDemo/main.o
 .text.vApplicationTickHook
                0x0000022c      0x1c4 ./RTOSDemo/main.o
                0x0000022c                vApplicationTickHook
 .text.vOLEDTask
                0x000003f0      0x12c ./RTOSDemo/main.o
 .text.vApplicationStackOverflowHook
                0x0000051c        0xc ./RTOSDemo/main.o
                0x0000051c                vApplicationStackOverflowHook
 .text          0x00000528        0x0 ./RTOSDemo/timertest.o
 .text.vSetupHighFrequencyTimer
                0x00000528       0xc0 ./RTOSDemo/timertest.o
                0x00000528                vSetupHighFrequencyTimer
 .text.Timer0IntHandler
                0x000005e8       0xa8 ./RTOSDemo/timertest.o
                0x000005e8                Timer0IntHandler
 .text          0x00000690        0x0 ./RTOSDemo/ParTest/ParTest.o
 .text.vParTestInitialise
                0x00000690       0x48 ./RTOSDemo/ParTest/ParTest.o
                0x00000690                vParTestInitialise
 .text.vParTestSetLED
                0x000006d8       0x28 ./RTOSDemo/ParTest/ParTest.o
                0x000006d8                vParTestSetLED
 .text.uxParTestGetLED
                0x00000700       0x24 ./RTOSDemo/ParTest/ParTest.o
                0x00000700                uxParTestGetLED
 .text          0x00000724        0x0 ./RTOSDemo/evalbot_drivers/dac.o
 .text.DACWriteRegister
                0x00000724      0x1e4 ./RTOSDemo/evalbot_drivers/dac.o
 .text.DACReadRegister
                0x00000908      0x228 ./RTOSDemo/evalbot_drivers/dac.o
 .text.DACInit  0x00000b30      0x270 ./RTOSDemo/evalbot_drivers/dac.o
                0x00000b30                DACInit
 .text.DACVolumeSet
                0x00000da0       0x74 ./RTOSDemo/evalbot_drivers/dac.o
                0x00000da0                DACVolumeSet
 .text.DACVolumeGet
                0x00000e14       0x18 ./RTOSDemo/evalbot_drivers/dac.o
                0x00000e14                DACVolumeGet
 .text.DACClassDEn
                0x00000e2c       0x14 ./RTOSDemo/evalbot_drivers/dac.o
                0x00000e2c                DACClassDEn
 .text.DACClassDDis
                0x00000e40       0x14 ./RTOSDemo/evalbot_drivers/dac.o
                0x00000e40                DACClassDDis
 .text          0x00000e54        0x0 ./RTOSDemo/evalbot_drivers/display96x16x1.o
 .text.Display96x16x1WriteFirst
                0x00000e54       0x6c ./RTOSDemo/evalbot_drivers/display96x16x1.o
 .text.Display96x16x1WriteByte
                0x00000ec0       0x8c ./RTOSDemo/evalbot_drivers/display96x16x1.o
 .text.Display96x16x1WriteArray
                0x00000f4c       0xa4 ./RTOSDemo/evalbot_drivers/display96x16x1.o
 .text.Display96x16x1WriteFinal
                0x00000ff0       0xcc ./RTOSDemo/evalbot_drivers/display96x16x1.o
 .text.Display96x16x1ClearLine
                0x000010bc       0x60 ./RTOSDemo/evalbot_drivers/display96x16x1.o
                0x000010bc                Display96x16x1ClearLine
 .text.Display96x16x1Clear
                0x0000111c       0x18 ./RTOSDemo/evalbot_drivers/display96x16x1.o
                0x0000111c                Display96x16x1Clear
 .text.Display96x16x1StringDrawLen
                0x00001134      0x150 ./RTOSDemo/evalbot_drivers/display96x16x1.o
                0x00001134                Display96x16x1StringDrawLen
 .text.Display96x16x1StringDraw
                0x00001284       0x24 ./RTOSDemo/evalbot_drivers/display96x16x1.o
                0x00001284                Display96x16x1StringDraw
 .text.Display96x16x1StringDrawCentered
                0x000012a8       0x74 ./RTOSDemo/evalbot_drivers/display96x16x1.o
                0x000012a8                Display96x16x1StringDrawCentered
 .text.Display96x16x1ImageDraw
                0x0000131c       0xc8 ./RTOSDemo/evalbot_drivers/display96x16x1.o
                0x0000131c                Display96x16x1ImageDraw
 .text.Display96x16x1Init
                0x000013e4      0x258 ./RTOSDemo/evalbot_drivers/display96x16x1.o
                0x000013e4                Display96x16x1Init
 .text.Display96x16x1DisplayOn
                0x0000163c       0x9c ./RTOSDemo/evalbot_drivers/display96x16x1.o
                0x0000163c                Display96x16x1DisplayOn
 .text.Display96x16x1DisplayOff
                0x000016d8       0x38 ./RTOSDemo/evalbot_drivers/display96x16x1.o
                0x000016d8                Display96x16x1DisplayOff
 .text          0x00001710        0x0 ./RTOSDemo/evalbot_drivers/io.o
 .text.PushButtonsInit
                0x00001710       0x68 ./RTOSDemo/evalbot_drivers/io.o
                0x00001710                PushButtonsInit
 .text.PushButtonDebouncer
                0x00001778      0x124 ./RTOSDemo/evalbot_drivers/io.o
                0x00001778                PushButtonDebouncer
 .text.PushButtonGetStatus
                0x0000189c       0x84 ./RTOSDemo/evalbot_drivers/io.o
                0x0000189c                PushButtonGetStatus
 .text.PushButtonGetDebounced
                0x00001920       0x5c ./RTOSDemo/evalbot_drivers/io.o
                0x00001920                PushButtonGetDebounced
 .text.LEDsInit
                0x0000197c       0x48 ./RTOSDemo/evalbot_drivers/io.o
                0x0000197c                LEDsInit
 .text.LED_On   0x000019c4       0x84 ./RTOSDemo/evalbot_drivers/io.o
                0x000019c4                LED_On
 .text.LED_Off  0x00001a48       0x84 ./RTOSDemo/evalbot_drivers/io.o
                0x00001a48                LED_Off
 .text.LED_Toggle
                0x00001acc       0xfc ./RTOSDemo/evalbot_drivers/io.o
                0x00001acc                LED_Toggle
 .text          0x00001bc8        0x0 ./RTOSDemo/evalbot_drivers/motor.o
 .text.MotorsInit
                0x00001bc8      0x320 ./RTOSDemo/evalbot_drivers/motor.o
                0x00001bc8                MotorsInit
 .text.MotorDir
                0x00001ee8       0xa8 ./RTOSDemo/evalbot_drivers/motor.o
                0x00001ee8                MotorDir
 .text.MotorRun
                0x00001f90       0x44 ./RTOSDemo/evalbot_drivers/motor.o
                0x00001f90                MotorRun
 .text.MotorStop
                0x00001fd4       0x5c ./RTOSDemo/evalbot_drivers/motor.o
                0x00001fd4                MotorStop
 .text.MotorSpeed
                0x00002030       0xcc ./RTOSDemo/evalbot_drivers/motor.o
                0x00002030                MotorSpeed
 .text          0x000020fc        0x0 ./RTOSDemo/evalbot_drivers/sensors.o
 .text.BumpSensorsInit
                0x000020fc       0x68 ./RTOSDemo/evalbot_drivers/sensors.o
                0x000020fc                BumpSensorsInit
 .text.BumpSensorGetStatus
                0x00002164       0x80 ./RTOSDemo/evalbot_drivers/sensors.o
                0x00002164                BumpSensorGetStatus
 .text.BumpSensorDebouncer
                0x000021e4      0x124 ./RTOSDemo/evalbot_drivers/sensors.o
                0x000021e4                BumpSensorDebouncer
 .text.BumpSensorGetDebounced
                0x00002308       0x58 ./RTOSDemo/evalbot_drivers/sensors.o
                0x00002308                BumpSensorGetDebounced
 .text.WheelSensorsInit
                0x00002360      0x1b0 ./RTOSDemo/evalbot_drivers/sensors.o
                0x00002360                WheelSensorsInit
 .text.WheelSensorEnable
                0x00002510       0x24 ./RTOSDemo/evalbot_drivers/sensors.o
                0x00002510                WheelSensorEnable
 .text.WheelSensorDisable
                0x00002534       0x24 ./RTOSDemo/evalbot_drivers/sensors.o
                0x00002534                WheelSensorDisable
 .text.WheelSensorIntEnable
                0x00002558       0x94 ./RTOSDemo/evalbot_drivers/sensors.o
                0x00002558                WheelSensorIntEnable
 .text.WheelSensorIntDisable
                0x000025ec       0x58 ./RTOSDemo/evalbot_drivers/sensors.o
                0x000025ec                WheelSensorIntDisable
 .text.WheelSensorIntHandler
                0x00002644      0x15c ./RTOSDemo/evalbot_drivers/sensors.o
                0x00002644                WheelSensorIntHandler
 .text          0x000027a0        0x0 ./RTOSDemo/evalbot_drivers/sound.o
 .text.SoundInit
                0x000027a0      0x1e0 ./RTOSDemo/evalbot_drivers/sound.o
                0x000027a0                SoundInit
 .text.SoundIntHandler
                0x00002980      0x174 ./RTOSDemo/evalbot_drivers/sound.o
                0x00002980                SoundIntHandler
 .text.SoundSetFormat
                0x00002af4      0x2f4 ./RTOSDemo/evalbot_drivers/sound.o
                0x00002af4                SoundSetFormat
 .text.SoundSampleRateGet
                0x00002de8       0x18 ./RTOSDemo/evalbot_drivers/sound.o
                0x00002de8                SoundSampleRateGet
 .text.SoundBufferPlay
                0x00002e00      0x2c0 ./RTOSDemo/evalbot_drivers/sound.o
                0x00002e00                SoundBufferPlay
 .text.SoundVolumeSet
                0x000030c0       0x18 ./RTOSDemo/evalbot_drivers/sound.o
                0x000030c0                SoundVolumeSet
 .text.SoundVolumeGet
                0x000030d8       0x18 ./RTOSDemo/evalbot_drivers/sound.o
                0x000030d8                SoundVolumeGet
 .text.SoundVolumeDown
                0x000030f0       0x60 ./RTOSDemo/evalbot_drivers/sound.o
                0x000030f0                SoundVolumeDown
 .text.SoundVolumeUp
                0x00003150       0x58 ./RTOSDemo/evalbot_drivers/sound.o
                0x00003150                SoundVolumeUp
 .text.SoundClassDEn
                0x000031a8        0xc ./RTOSDemo/evalbot_drivers/sound.o
                0x000031a8                SoundClassDEn
 .text.SoundClassDDis
                0x000031b4        0xc ./RTOSDemo/evalbot_drivers/sound.o
                0x000031b4                SoundClassDDis
 .text          0x000031c0        0x0 ./RTOSDemo/evalbot_drivers/wav.o
 .text.BufferCallback
                0x000031c0       0x78 ./RTOSDemo/evalbot_drivers/wav.o
 .text.WaveConvert8Bit
                0x00003238       0x44 ./RTOSDemo/evalbot_drivers/wav.o
 .text.WaveOpen
                0x0000327c      0x1f4 ./RTOSDemo/evalbot_drivers/wav.o
                0x0000327c                WaveOpen
 .text.WaveStop
                0x00003470       0x24 ./RTOSDemo/evalbot_drivers/wav.o
                0x00003470                WaveStop
 .text.WaveRead
                0x00003494       0xb8 ./RTOSDemo/evalbot_drivers/wav.o
 .text.WavePlayStart
                0x0000354c       0x3c ./RTOSDemo/evalbot_drivers/wav.o
                0x0000354c                WavePlayStart
 .text.WavePlayContinue
                0x00003588      0x134 ./RTOSDemo/evalbot_drivers/wav.o
                0x00003588                WavePlayContinue
 .text.WaveGetTime
                0x000036bc       0xa0 ./RTOSDemo/evalbot_drivers/wav.o
                0x000036bc                WaveGetTime
 .text.WavePlaybackStatus
                0x0000375c       0x24 ./RTOSDemo/evalbot_drivers/wav.o
                0x0000375c                WavePlaybackStatus
 .text          0x00003780        0x0 ./RTOSDemo/driverlib/ustdlib.o
 .text.uvsnprintf
                0x00003780      0x5bc ./RTOSDemo/driverlib/ustdlib.o
                0x00003780                uvsnprintf
 .text.usprintf
                0x00003d3c       0x34 ./RTOSDemo/driverlib/ustdlib.o
                0x00003d3c                usprintf
 .text.usnprintf
                0x00003d70       0x34 ./RTOSDemo/driverlib/ustdlib.o
                0x00003d70                usnprintf
 .text.ulocaltime
                0x00003da4      0x1e0 ./RTOSDemo/driverlib/ustdlib.o
                0x00003da4                ulocaltime
 .text.ustrtoul
                0x00003f84      0x184 ./RTOSDemo/driverlib/ustdlib.o
                0x00003f84                ustrtoul
 .text.ustrstr  0x00004108       0x48 ./RTOSDemo/driverlib/ustdlib.o
                0x00004108                ustrstr
 .text.ustrnicmp
                0x00004150       0xb4 ./RTOSDemo/driverlib/ustdlib.o
                0x00004150                ustrnicmp
 .text.ustrcasecmp
                0x00004204       0x24 ./RTOSDemo/driverlib/ustdlib.o
                0x00004204                ustrcasecmp
 .text          0x00004228        0x0 ../FreeRTOS/Demo/Common/Minimal/BlockQ.o
 .text.vStartBlockingQueueTasks
                0x00004228      0x244 ../FreeRTOS/Demo/Common/Minimal/BlockQ.o
                0x00004228                vStartBlockingQueueTasks
 .text.vBlockingQueueProducer
                0x0000446c       0x64 ../FreeRTOS/Demo/Common/Minimal/BlockQ.o
 .text.vBlockingQueueConsumer
                0x000044d0       0x74 ../FreeRTOS/Demo/Common/Minimal/BlockQ.o
 .text.xAreBlockingQueuesStillRunning
                0x00004544       0xc4 ../FreeRTOS/Demo/Common/Minimal/BlockQ.o
                0x00004544                xAreBlockingQueuesStillRunning
 .text          0x00004608        0x0 ../FreeRTOS/Demo/Common/Minimal/blocktim.o
 .text.vCreateBlockTimeTasks
                0x00004608       0xac ../FreeRTOS/Demo/Common/Minimal/blocktim.o
                0x00004608                vCreateBlockTimeTasks
 .text.vPrimaryBlockTimeTestTask
                0x000046b4      0x468 ../FreeRTOS/Demo/Common/Minimal/blocktim.o
 .text.vSecondaryBlockTimeTestTask
                0x00004b1c      0x148 ../FreeRTOS/Demo/Common/Minimal/blocktim.o
 .text.xAreBlockTimeTestTasksStillRunning
                0x00004c64       0x94 ../FreeRTOS/Demo/Common/Minimal/blocktim.o
                0x00004c64                xAreBlockTimeTestTasksStillRunning
 .text          0x00004cf8        0x0 ../FreeRTOS/Demo/Common/Minimal/death.o
 .text.vCreateSuicidalTasks
                0x00004cf8       0x78 ../FreeRTOS/Demo/Common/Minimal/death.o
                0x00004cf8                vCreateSuicidalTasks
 .text.vSuicidalTask
                0x00004d70       0x60 ../FreeRTOS/Demo/Common/Minimal/death.o
 .text.vCreateTasks
                0x00004dd0       0xb8 ../FreeRTOS/Demo/Common/Minimal/death.o
 .text.xIsCreateTaskStillRunning
                0x00004e88       0xac ../FreeRTOS/Demo/Common/Minimal/death.o
                0x00004e88                xIsCreateTaskStillRunning
 .text          0x00004f34        0x0 ../FreeRTOS/Demo/Common/Minimal/integer.o
 .text.vStartIntegerMathTasks
                0x00004f34       0x68 ../FreeRTOS/Demo/Common/Minimal/integer.o
                0x00004f34                vStartIntegerMathTasks
 .text.vCompeteingIntMathTask
                0x00004f9c       0x80 ../FreeRTOS/Demo/Common/Minimal/integer.o
 .text.xAreIntegerMathsTaskStillRunning
                0x0000501c       0x60 ../FreeRTOS/Demo/Common/Minimal/integer.o
                0x0000501c                xAreIntegerMathsTaskStillRunning
 .text          0x0000507c        0x0 ../FreeRTOS/Demo/Common/Minimal/PollQ.o
 .text.vStartPolledQueueTasks
                0x0000507c       0xb0 ../FreeRTOS/Demo/Common/Minimal/PollQ.o
                0x0000507c                vStartPolledQueueTasks
 .text.vPolledQueueProducer
                0x0000512c       0x8c ../FreeRTOS/Demo/Common/Minimal/PollQ.o
 .text.vPolledQueueConsumer
                0x000051b8       0x94 ../FreeRTOS/Demo/Common/Minimal/PollQ.o
 .text.xArePollingQueuesStillRunning
                0x0000524c       0x5c ../FreeRTOS/Demo/Common/Minimal/PollQ.o
                0x0000524c                xArePollingQueuesStillRunning
 .text          0x000052a8        0x0 ../FreeRTOS/Demo/Common/Minimal/semtest.o
 .text.vStartSemaphoreTasks
                0x000052a8      0x1d4 ../FreeRTOS/Demo/Common/Minimal/semtest.o
                0x000052a8                vStartSemaphoreTasks
 .text.prvSemaphoreTest
                0x0000547c      0x13c ../FreeRTOS/Demo/Common/Minimal/semtest.o
 .text.xAreSemaphoreTasksStillRunning
                0x000055b8       0x7c ../FreeRTOS/Demo/Common/Minimal/semtest.o
                0x000055b8                xAreSemaphoreTasksStillRunning
 .text          0x00005634        0x0 ../FreeRTOS/Demo/Common/Minimal/GenQTest.o
 .text.vStartGenericQueueTasks
                0x00005634      0x118 ../FreeRTOS/Demo/Common/Minimal/GenQTest.o
                0x00005634                vStartGenericQueueTasks
 .text.prvSendFrontAndBackTest
                0x0000574c      0x468 ../FreeRTOS/Demo/Common/Minimal/GenQTest.o
 .text.prvLowPriorityMutexTask
                0x00005bb4      0x160 ../FreeRTOS/Demo/Common/Minimal/GenQTest.o
 .text.prvMediumPriorityMutexTask
                0x00005d14       0x2c ../FreeRTOS/Demo/Common/Minimal/GenQTest.o
 .text.prvHighPriorityMutexTask
                0x00005d40       0x68 ../FreeRTOS/Demo/Common/Minimal/GenQTest.o
 .text.xAreGenericQueueTasksStillRunning
                0x00005da8       0x94 ../FreeRTOS/Demo/Common/Minimal/GenQTest.o
                0x00005da8                xAreGenericQueueTasksStillRunning
 .text          0x00005e3c        0x0 ../FreeRTOS/Demo/Common/Minimal/QPeek.o
 .text.vStartQueuePeekTasks
                0x00005e3c      0x104 ../FreeRTOS/Demo/Common/Minimal/QPeek.o
                0x00005e3c                vStartQueuePeekTasks
 .text.prvHighestPriorityPeekTask
                0x00005f40      0x168 ../FreeRTOS/Demo/Common/Minimal/QPeek.o
 .text.prvHighPriorityPeekTask
                0x000060a8       0xc0 ../FreeRTOS/Demo/Common/Minimal/QPeek.o
 .text.prvMediumPriorityPeekTask
                0x00006168       0x8c ../FreeRTOS/Demo/Common/Minimal/QPeek.o
 .text.prvLowPriorityPeekTask
                0x000061f4      0x174 ../FreeRTOS/Demo/Common/Minimal/QPeek.o
 .text.xAreQueuePeekTasksStillRunning
                0x00006368       0x58 ../FreeRTOS/Demo/Common/Minimal/QPeek.o
                0x00006368                xAreQueuePeekTasksStillRunning
 .text          0x000063c0        0x0 ../FreeRTOS/Demo/Common/Minimal/recmutex.o
 .text.vStartRecursiveMutexTasks
                0x000063c0       0xe8 ../FreeRTOS/Demo/Common/Minimal/recmutex.o
                0x000063c0                vStartRecursiveMutexTasks
 .text.prvRecursiveMutexControllingTask
                0x000064a8      0x118 ../FreeRTOS/Demo/Common/Minimal/recmutex.o
 .text.prvRecursiveMutexBlockingTask
                0x000065c0       0xdc ../FreeRTOS/Demo/Common/Minimal/recmutex.o
 .text.prvRecursiveMutexPollingTask
                0x0000669c       0xdc ../FreeRTOS/Demo/Common/Minimal/recmutex.o
 .text.xAreRecursiveMutexTasksStillRunning
                0x00006778       0xe4 ../FreeRTOS/Demo/Common/Minimal/recmutex.o
                0x00006778                xAreRecursiveMutexTasksStillRunning
 .text          0x0000685c        0x0 ../FreeRTOS/Demo/Common/Minimal/IntQueue.o
 .text.vStartInterruptQueueTasks
                0x0000685c      0x1bc ../FreeRTOS/Demo/Common/Minimal/IntQueue.o
                0x0000685c                vStartInterruptQueueTasks
 .text.prvRecordValue_NormallyFull
                0x00006a18       0x44 ../FreeRTOS/Demo/Common/Minimal/IntQueue.o
 .text.prvRecordValue_NormallyEmpty
                0x00006a5c       0x44 ../FreeRTOS/Demo/Common/Minimal/IntQueue.o
 .text.prvQueueAccessLogError
                0x00006aa0       0x2c ../FreeRTOS/Demo/Common/Minimal/IntQueue.o
 .text.prvHigherPriorityNormallyEmptyTask
                0x00006acc      0x1cc ../FreeRTOS/Demo/Common/Minimal/IntQueue.o
 .text.prvLowerPriorityNormallyEmptyTask
                0x00006c98       0xf4 ../FreeRTOS/Demo/Common/Minimal/IntQueue.o
 .text.prv1stHigherPriorityNormallyFullTask
                0x00006d8c      0x1c4 ../FreeRTOS/Demo/Common/Minimal/IntQueue.o
 .text.prv2ndHigherPriorityNormallyFullTask
                0x00006f50       0xe4 ../FreeRTOS/Demo/Common/Minimal/IntQueue.o
 .text.prvLowerPriorityNormallyFullTask
                0x00007034       0xd0 ../FreeRTOS/Demo/Common/Minimal/IntQueue.o
 .text.xFirstTimerHandler
                0x00007104      0x204 ../FreeRTOS/Demo/Common/Minimal/IntQueue.o
                0x00007104                xFirstTimerHandler
 .text.xSecondTimerHandler
                0x00007308      0x338 ../FreeRTOS/Demo/Common/Minimal/IntQueue.o
                0x00007308                xSecondTimerHandler
 .text.xAreIntQueueTasksStillRunning
                0x00007640       0xe4 ../FreeRTOS/Demo/Common/Minimal/IntQueue.o
                0x00007640                xAreIntQueueTasksStillRunning
 .text          0x00007724        0x0 ./RTOSDemo/IntQueueTimer.o
 .text.vInitialiseTimerForIntQueueTest
                0x00007724       0xe8 ./RTOSDemo/IntQueueTimer.o
                0x00007724                vInitialiseTimerForIntQueueTest
 .text.vT2InterruptHandler
                0x0000780c       0x24 ./RTOSDemo/IntQueueTimer.o
                0x0000780c                vT2InterruptHandler
 .text.vT3InterruptHandler
                0x00007830       0x24 ./RTOSDemo/IntQueueTimer.o
                0x00007830                vT3InterruptHandler
 .text          0x00007854        0x0 ./RTOSDemo/webserver/uIP_Task.o
 .text.clock_init
                0x00007854        0xc ./RTOSDemo/webserver/uIP_Task.o
                0x00007854                clock_init
 .text.clock_time
                0x00007860       0x10 ./RTOSDemo/webserver/uIP_Task.o
                0x00007860                clock_time
 .text.vuIP_Task
                0x00007870      0x208 ./RTOSDemo/webserver/uIP_Task.o
                0x00007870                vuIP_Task
 .text.prvENET_Send
                0x00007a78       0x20 ./RTOSDemo/webserver/uIP_Task.o
 .text.prvSetMACAddress
                0x00007a98       0xc4 ./RTOSDemo/webserver/uIP_Task.o
 .text.vApplicationProcessFormInput
                0x00007b5c       0xe0 ./RTOSDemo/webserver/uIP_Task.o
                0x00007b5c                vApplicationProcessFormInput
 .text          0x00007c3c        0x0 ./RTOSDemo/webserver/emac.o
 .text.vInitEMAC
                0x00007c3c      0x160 ./RTOSDemo/webserver/emac.o
                0x00007c3c                vInitEMAC
 .text.uiGetEMACRxData
                0x00007d9c       0xac ./RTOSDemo/webserver/emac.o
                0x00007d9c                uiGetEMACRxData
 .text.vInitialiseSend
                0x00007e48       0x18 ./RTOSDemo/webserver/emac.o
                0x00007e48                vInitialiseSend
 .text.vIncrementTxLength
                0x00007e60       0x2c ./RTOSDemo/webserver/emac.o
                0x00007e60                vIncrementTxLength
 .text.vSendBufferToMAC
                0x00007e8c       0x98 ./RTOSDemo/webserver/emac.o
                0x00007e8c                vSendBufferToMAC
 .text.vEMAC_ISR
                0x00007f24       0x78 ./RTOSDemo/webserver/emac.o
                0x00007f24                vEMAC_ISR
 .text.vMACHandleTask
                0x00007f9c      0x180 ./RTOSDemo/webserver/emac.o
                0x00007f9c                vMACHandleTask
 .text          0x0000811c        0x0 ./RTOSDemo/webserver/httpd.o
 .text.generate_part_of_file
                0x0000811c       0x78 ./RTOSDemo/webserver/httpd.o
 .text.send_file
                0x00008194       0x94 ./RTOSDemo/webserver/httpd.o
 .text.send_part_of_file
                0x00008228       0x68 ./RTOSDemo/webserver/httpd.o
 .text.next_scriptstate
                0x00008290       0x50 ./RTOSDemo/webserver/httpd.o
 .text.handle_script
                0x000082e0      0x22c ./RTOSDemo/webserver/httpd.o
 .text.send_headers
                0x0000850c      0x2d4 ./RTOSDemo/webserver/httpd.o
 .text.handle_output
                0x000087e0      0x17c ./RTOSDemo/webserver/httpd.o
 .text.handle_input
                0x0000895c      0x1e0 ./RTOSDemo/webserver/httpd.o
 .text.handle_connection
                0x00008b3c       0x28 ./RTOSDemo/webserver/httpd.o
 .text.httpd_appcall
                0x00008b64      0x118 ./RTOSDemo/webserver/httpd.o
                0x00008b64                httpd_appcall
 .text.httpd_init
                0x00008c7c       0x10 ./RTOSDemo/webserver/httpd.o
                0x00008c7c                httpd_init
 .text          0x00008c8c        0x0 ./RTOSDemo/webserver/httpd-cgi.o
 .text.nullfunction
                0x00008c8c       0x30 ./RTOSDemo/webserver/httpd-cgi.o
 .text.httpd_cgi
                0x00008cbc       0x64 ./RTOSDemo/webserver/httpd-cgi.o
                0x00008cbc                httpd_cgi
 .text.generate_file_stats
                0x00008d20       0x40 ./RTOSDemo/webserver/httpd-cgi.o
 .text.file_stats
                0x00008d60       0x74 ./RTOSDemo/webserver/httpd-cgi.o
 .text.generate_tcp_stats
                0x00008dd4      0x120 ./RTOSDemo/webserver/httpd-cgi.o
 .text.tcp_stats
                0x00008ef4       0xb4 ./RTOSDemo/webserver/httpd-cgi.o
 .text.generate_net_stats
                0x00008fa8       0x4c ./RTOSDemo/webserver/httpd-cgi.o
 .text.net_stats
                0x00008ff4       0x8c ./RTOSDemo/webserver/httpd-cgi.o
 .text.generate_rtos_stats
                0x00009080       0x88 ./RTOSDemo/webserver/httpd-cgi.o
 .text.rtos_stats
                0x00009108       0x68 ./RTOSDemo/webserver/httpd-cgi.o
 .text.generate_io_state
                0x00009170       0x80 ./RTOSDemo/webserver/httpd-cgi.o
 .text.generate_runtime_stats
                0x000091f0       0x88 ./RTOSDemo/webserver/httpd-cgi.o
 .text.run_time
                0x00009278       0x6c ./RTOSDemo/webserver/httpd-cgi.o
 .text.led_io   0x000092e4       0x6c ./RTOSDemo/webserver/httpd-cgi.o
 .text          0x00009350        0x0 ./RTOSDemo/webserver/httpd-fs.o
 .text.httpd_fs_strcmp
                0x00009350       0x6c ./RTOSDemo/webserver/httpd-fs.o
 .text.httpd_fs_open
                0x000093bc       0x88 ./RTOSDemo/webserver/httpd-fs.o
                0x000093bc                httpd_fs_open
 .text.httpd_fs_init
                0x00009444       0x38 ./RTOSDemo/webserver/httpd-fs.o
                0x00009444                httpd_fs_init
 .text.httpd_fs_count
                0x0000947c       0x60 ./RTOSDemo/webserver/httpd-fs.o
                0x0000947c                httpd_fs_count
 .text          0x000094dc        0x0 ./RTOSDemo/webserver/http-strings.o
 .text          0x000094dc        0x0 ../FreeRTOS/Demo/Common/ethernet/uIP/uip-1.0/uip/uip_arp.o
 .text.uip_arp_init
                0x000094dc       0x8c ../FreeRTOS/Demo/Common/ethernet/uIP/uip-1.0/uip/uip_arp.o
                0x000094dc                uip_arp_init
 .text.uip_arp_timer
                0x00009568       0xd8 ../FreeRTOS/Demo/Common/ethernet/uIP/uip-1.0/uip/uip_arp.o
                0x00009568                uip_arp_timer
 .text.uip_arp_update
                0x00009640      0x248 ../FreeRTOS/Demo/Common/ethernet/uIP/uip-1.0/uip/uip_arp.o
 .text.uip_arp_ipin
                0x00009888       0xac ../FreeRTOS/Demo/Common/ethernet/uIP/uip-1.0/uip/uip_arp.o
                0x00009888                uip_arp_ipin
 .text.uip_arp_arpin
                0x00009934      0x244 ../FreeRTOS/Demo/Common/ethernet/uIP/uip-1.0/uip/uip_arp.o
                0x00009934                uip_arp_arpin
 .text.uip_arp_out
                0x00009b78      0x394 ../FreeRTOS/Demo/Common/ethernet/uIP/uip-1.0/uip/uip_arp.o
                0x00009b78                uip_arp_out
 .text          0x00009f0c        0x0 ../FreeRTOS/Demo/Common/ethernet/uIP/uip-1.0/uip/psock.o
 .text.buf_setup
                0x00009f0c       0x24 ../FreeRTOS/Demo/Common/ethernet/uIP/uip-1.0/uip/psock.o
 .text.buf_bufdata
                0x00009f30      0x118 ../FreeRTOS/Demo/Common/ethernet/uIP/uip-1.0/uip/psock.o
 .text.buf_bufto
                0x0000a048       0xa0 ../FreeRTOS/Demo/Common/ethernet/uIP/uip-1.0/uip/psock.o
 .text.send_data
                0x0000a0e8       0x6c ../FreeRTOS/Demo/Common/ethernet/uIP/uip-1.0/uip/psock.o
 .text.data_acked
                0x0000a154       0x84 ../FreeRTOS/Demo/Common/ethernet/uIP/uip-1.0/uip/psock.o
 .text.psock_send
                0x0000a1d8       0x94 ../FreeRTOS/Demo/Common/ethernet/uIP/uip-1.0/uip/psock.o
                0x0000a1d8                psock_send
 .text.psock_generator_send
                0x0000a26c       0xb4 ../FreeRTOS/Demo/Common/ethernet/uIP/uip-1.0/uip/psock.o
                0x0000a26c                psock_generator_send
 .text.psock_datalen
                0x0000a320       0x24 ../FreeRTOS/Demo/Common/ethernet/uIP/uip-1.0/uip/psock.o
                0x0000a320                psock_datalen
 .text.psock_newdata
                0x0000a344       0x58 ../FreeRTOS/Demo/Common/ethernet/uIP/uip-1.0/uip/psock.o
                0x0000a344                psock_newdata
 .text.psock_readto
                0x0000a39c       0xc8 ../FreeRTOS/Demo/Common/ethernet/uIP/uip-1.0/uip/psock.o
                0x0000a39c                psock_readto
 .text.psock_readbuf
                0x0000a464       0xd0 ../FreeRTOS/Demo/Common/ethernet/uIP/uip-1.0/uip/psock.o
                0x0000a464                psock_readbuf
 .text.psock_init
                0x0000a534       0x48 ../FreeRTOS/Demo/Common/ethernet/uIP/uip-1.0/uip/psock.o
                0x0000a534                psock_init
 .text          0x0000a57c        0x0 ../FreeRTOS/Demo/Common/ethernet/uIP/uip-1.0/uip/timer.o
 .text.timer_set
                0x0000a57c       0x24 ../FreeRTOS/Demo/Common/ethernet/uIP/uip-1.0/uip/timer.o
                0x0000a57c                timer_set
 .text.timer_reset
                0x0000a5a0       0x20 ../FreeRTOS/Demo/Common/ethernet/uIP/uip-1.0/uip/timer.o
                0x0000a5a0                timer_reset
 .text.timer_restart
                0x0000a5c0       0x1c ../FreeRTOS/Demo/Common/ethernet/uIP/uip-1.0/uip/timer.o
                0x0000a5c0                timer_restart
 .text.timer_expired
                0x0000a5dc       0x2c ../FreeRTOS/Demo/Common/ethernet/uIP/uip-1.0/uip/timer.o
                0x0000a5dc                timer_expired
 .text          0x0000a608        0x0 ../FreeRTOS/Demo/Common/ethernet/uIP/uip-1.0/uip/uip.o
 .text.uip_setipid
                0x0000a608       0x20 ../FreeRTOS/Demo/Common/ethernet/uIP/uip-1.0/uip/uip.o
                0x0000a608                uip_setipid
 .text.uip_add32
                0x0000a628      0x144 ../FreeRTOS/Demo/Common/ethernet/uIP/uip-1.0/uip/uip.o
                0x0000a628                uip_add32
 .text.chksum   0x0000a76c       0x98 ../FreeRTOS/Demo/Common/ethernet/uIP/uip-1.0/uip/uip.o
 .text.uip_chksum
                0x0000a804       0x30 ../FreeRTOS/Demo/Common/ethernet/uIP/uip-1.0/uip/uip.o
                0x0000a804                uip_chksum
 .text.uip_ipchksum
                0x0000a834       0x48 ../FreeRTOS/Demo/Common/ethernet/uIP/uip-1.0/uip/uip.o
                0x0000a834                uip_ipchksum
 .text.upper_layer_chksum
                0x0000a87c       0xa8 ../FreeRTOS/Demo/Common/ethernet/uIP/uip-1.0/uip/uip.o
 .text.uip_tcpchksum
                0x0000a924       0x14 ../FreeRTOS/Demo/Common/ethernet/uIP/uip-1.0/uip/uip.o
                0x0000a924                uip_tcpchksum
 .text.uip_udpchksum
                0x0000a938       0x14 ../FreeRTOS/Demo/Common/ethernet/uIP/uip-1.0/uip/uip.o
                0x0000a938                uip_udpchksum
 .text.uip_init
                0x0000a94c       0xcc ../FreeRTOS/Demo/Common/ethernet/uIP/uip-1.0/uip/uip.o
                0x0000a94c                uip_init
 .text.uip_connect
                0x0000aa18      0x1d0 ../FreeRTOS/Demo/Common/ethernet/uIP/uip-1.0/uip/uip.o
                0x0000aa18                uip_connect
 .text.uip_unlisten
                0x0000abe8       0x88 ../FreeRTOS/Demo/Common/ethernet/uIP/uip-1.0/uip/uip.o
                0x0000abe8                uip_unlisten
 .text.uip_listen
                0x0000ac70       0x84 ../FreeRTOS/Demo/Common/ethernet/uIP/uip-1.0/uip/uip.o
                0x0000ac70                uip_listen
 .text.uip_add_rcv_nxt
                0x0000acf4       0x84 ../FreeRTOS/Demo/Common/ethernet/uIP/uip-1.0/uip/uip.o
 .text.uip_process
                0x0000ad78     0x1ea4 ../FreeRTOS/Demo/Common/ethernet/uIP/uip-1.0/uip/uip.o
                0x0000ad78                uip_process
 .text.htons    0x0000cc1c       0x30 ../FreeRTOS/Demo/Common/ethernet/uIP/uip-1.0/uip/uip.o
                0x0000cc1c                htons
 .text.uip_send
                0x0000cc4c       0x58 ../FreeRTOS/Demo/Common/ethernet/uIP/uip-1.0/uip/uip.o
                0x0000cc4c                uip_send
 .text          0x0000cca4        0x0 ../FreeRTOS/Source/list.o
 .text.vListInitialise
                0x0000cca4       0x40 ../FreeRTOS/Source/list.o
                0x0000cca4                vListInitialise
 .text.vListInitialiseItem
                0x0000cce4       0x1c ../FreeRTOS/Source/list.o
                0x0000cce4                vListInitialiseItem
 .text.vListInsertEnd
                0x0000cd00       0x50 ../FreeRTOS/Source/list.o
                0x0000cd00                vListInsertEnd
 .text.vListInsert
                0x0000cd50       0x74 ../FreeRTOS/Source/list.o
                0x0000cd50                vListInsert
 .text.vListRemove
                0x0000cdc4       0x54 ../FreeRTOS/Source/list.o
                0x0000cdc4                vListRemove
 .text          0x0000ce18        0x0 ../FreeRTOS/Source/queue.o
 .text.xQueueGenericReset
                0x0000ce18       0xac ../FreeRTOS/Source/queue.o
                0x0000ce18                xQueueGenericReset
 .text.xQueueGenericCreate
                0x0000cec4       0x84 ../FreeRTOS/Source/queue.o
                0x0000cec4                xQueueGenericCreate
 .text.xQueueCreateMutex
                0x0000cf48       0xa0 ../FreeRTOS/Source/queue.o
                0x0000cf48                xQueueCreateMutex
 .text.xQueueGiveMutexRecursive
                0x0000cfe8       0x58 ../FreeRTOS/Source/queue.o
                0x0000cfe8                xQueueGiveMutexRecursive
 .text.xQueueTakeMutexRecursive
                0x0000d040       0x5c ../FreeRTOS/Source/queue.o
                0x0000d040                xQueueTakeMutexRecursive
 .text.xQueueGenericSend
                0x0000d09c      0x120 ../FreeRTOS/Source/queue.o
                0x0000d09c                xQueueGenericSend
 .text.xQueueGenericSendFromISR
                0x0000d1bc       0x90 ../FreeRTOS/Source/queue.o
                0x0000d1bc                xQueueGenericSendFromISR
 .text.xQueueGenericReceive
                0x0000d24c      0x188 ../FreeRTOS/Source/queue.o
                0x0000d24c                xQueueGenericReceive
 .text.xQueueReceiveFromISR
                0x0000d3d4       0x94 ../FreeRTOS/Source/queue.o
                0x0000d3d4                xQueueReceiveFromISR
 .text.uxQueueMessagesWaiting
                0x0000d468       0x24 ../FreeRTOS/Source/queue.o
                0x0000d468                uxQueueMessagesWaiting
 .text.uxQueueMessagesWaitingFromISR
                0x0000d48c       0x1c ../FreeRTOS/Source/queue.o
                0x0000d48c                uxQueueMessagesWaitingFromISR
 .text.vQueueDelete
                0x0000d4a8       0x28 ../FreeRTOS/Source/queue.o
                0x0000d4a8                vQueueDelete
 .text.ucQueueGetQueueNumber
                0x0000d4d0       0x1c ../FreeRTOS/Source/queue.o
                0x0000d4d0                ucQueueGetQueueNumber
 .text.vQueueSetQueueNumber
                0x0000d4ec       0x20 ../FreeRTOS/Source/queue.o
                0x0000d4ec                vQueueSetQueueNumber
 .text.ucQueueGetQueueType
                0x0000d50c       0x1c ../FreeRTOS/Source/queue.o
                0x0000d50c                ucQueueGetQueueType
 .text.prvCopyDataToQueue
                0x0000d528       0xc8 ../FreeRTOS/Source/queue.o
 .text.prvCopyDataFromQueue
                0x0000d5f0       0x50 ../FreeRTOS/Source/queue.o
 .text.prvUnlockQueue
                0x0000d640       0xa0 ../FreeRTOS/Source/queue.o
 .text.prvIsQueueEmpty
                0x0000d6e0       0x2c ../FreeRTOS/Source/queue.o
 .text.xQueueIsQueueEmptyFromISR
                0x0000d70c       0x24 ../FreeRTOS/Source/queue.o
                0x0000d70c                xQueueIsQueueEmptyFromISR
 .text.prvIsQueueFull
                0x0000d730       0x30 ../FreeRTOS/Source/queue.o
 .text.xQueueIsQueueFullFromISR
                0x0000d760       0x28 ../FreeRTOS/Source/queue.o
                0x0000d760                xQueueIsQueueFullFromISR
 .text.vQueueAddToRegistry
                0x0000d788       0x64 ../FreeRTOS/Source/queue.o
                0x0000d788                vQueueAddToRegistry
 .text.vQueueUnregisterQueue
                0x0000d7ec       0x54 ../FreeRTOS/Source/queue.o
 .text          0x0000d840        0x0 ../FreeRTOS/Source/tasks.o
 .text.xTaskGenericCreate
                0x0000d840      0x1b8 ../FreeRTOS/Source/tasks.o
                0x0000d840                xTaskGenericCreate
 .text.vTaskDelete
                0x0000d9f8       0xc0 ../FreeRTOS/Source/tasks.o
                0x0000d9f8                vTaskDelete
 .text.vTaskDelayUntil
                0x0000dab8       0xb0 ../FreeRTOS/Source/tasks.o
                0x0000dab8                vTaskDelayUntil
 .text.vTaskDelay
                0x0000db68       0x5c ../FreeRTOS/Source/tasks.o
                0x0000db68                vTaskDelay
 .text.uxTaskPriorityGet
                0x0000dbc4       0x38 ../FreeRTOS/Source/tasks.o
                0x0000dbc4                uxTaskPriorityGet
 .text.vTaskPrioritySet
                0x0000dbfc      0x12c ../FreeRTOS/Source/tasks.o
                0x0000dbfc                vTaskPrioritySet
 .text.vTaskSuspend
                0x0000dd28       0xc0 ../FreeRTOS/Source/tasks.o
                0x0000dd28                vTaskSuspend
 .text.xTaskIsTaskSuspended
                0x0000dde8       0x50 ../FreeRTOS/Source/tasks.o
                0x0000dde8                xTaskIsTaskSuspended
 .text.vTaskResume
                0x0000de38       0xac ../FreeRTOS/Source/tasks.o
                0x0000de38                vTaskResume
 .text.xTaskResumeFromISR
                0x0000dee4       0xd4 ../FreeRTOS/Source/tasks.o
                0x0000dee4                xTaskResumeFromISR
 .text.vTaskStartScheduler
                0x0000dfb8       0x80 ../FreeRTOS/Source/tasks.o
                0x0000dfb8                vTaskStartScheduler
 .text.vTaskEndScheduler
                0x0000e038       0x20 ../FreeRTOS/Source/tasks.o
                0x0000e038                vTaskEndScheduler
 .text.vTaskSuspendAll
                0x0000e058       0x24 ../FreeRTOS/Source/tasks.o
                0x0000e058                vTaskSuspendAll
 .text.xTaskResumeAll
                0x0000e07c      0x154 ../FreeRTOS/Source/tasks.o
                0x0000e07c                xTaskResumeAll
 .text.xTaskGetTickCount
                0x0000e1d0       0x28 ../FreeRTOS/Source/tasks.o
                0x0000e1d0                xTaskGetTickCount
 .text.xTaskGetTickCountFromISR
                0x0000e1f8       0x38 ../FreeRTOS/Source/tasks.o
                0x0000e1f8                xTaskGetTickCountFromISR
 .text.uxTaskGetNumberOfTasks
                0x0000e230       0x18 ../FreeRTOS/Source/tasks.o
                0x0000e230                uxTaskGetNumberOfTasks
 .text.vTaskList
                0x0000e248      0x12c ../FreeRTOS/Source/tasks.o
                0x0000e248                vTaskList
 .text.vTaskGetRunTimeStats
                0x0000e374      0x144 ../FreeRTOS/Source/tasks.o
                0x0000e374                vTaskGetRunTimeStats
 .text.vTaskIncrementTick
                0x0000e4b8      0x1cc ../FreeRTOS/Source/tasks.o
                0x0000e4b8                vTaskIncrementTick
 .text.vTaskSwitchContext
                0x0000e684      0x180 ../FreeRTOS/Source/tasks.o
                0x0000e684                vTaskSwitchContext
 .text.vTaskPlaceOnEventList
                0x0000e804       0x78 ../FreeRTOS/Source/tasks.o
                0x0000e804                vTaskPlaceOnEventList
 .text.xTaskRemoveFromEventList
                0x0000e87c       0xc4 ../FreeRTOS/Source/tasks.o
                0x0000e87c                xTaskRemoveFromEventList
 .text.vTaskSetTimeOutState
                0x0000e940       0x30 ../FreeRTOS/Source/tasks.o
                0x0000e940                vTaskSetTimeOutState
 .text.xTaskCheckForTimeOut
                0x0000e970       0xa4 ../FreeRTOS/Source/tasks.o
                0x0000e970                xTaskCheckForTimeOut
 .text.vTaskMissedYield
                0x0000ea14       0x18 ../FreeRTOS/Source/tasks.o
                0x0000ea14                vTaskMissedYield
 .text.uxTaskGetTaskNumber
                0x0000ea2c       0x30 ../FreeRTOS/Source/tasks.o
                0x0000ea2c                uxTaskGetTaskNumber
 .text.vTaskSetTaskNumber
                0x0000ea5c       0x24 ../FreeRTOS/Source/tasks.o
                0x0000ea5c                vTaskSetTaskNumber
 .text.prvIdleTask
                0x0000ea80       0x10 ../FreeRTOS/Source/tasks.o
 .text.prvInitialiseTCBVariables
                0x0000ea90       0x80 ../FreeRTOS/Source/tasks.o
 .text.prvInitialiseTaskLists
                0x0000eb10       0xa4 ../FreeRTOS/Source/tasks.o
 .text.prvCheckTasksWaitingTermination
                0x0000ebb4       0x98 ../FreeRTOS/Source/tasks.o
 .text.prvAddCurrentTaskToDelayedList
                0x0000ec4c       0x8c ../FreeRTOS/Source/tasks.o
 .text.prvAllocateTCBAndStack
                0x0000ecd8       0x70 ../FreeRTOS/Source/tasks.o
 .text.prvListTaskWithinSingleList
                0x0000ed48       0xc4 ../FreeRTOS/Source/tasks.o
 .text.prvGenerateRunTimeStatsForTasksInList
                0x0000ee0c      0x108 ../FreeRTOS/Source/tasks.o
 .text.usTaskCheckFreeStackSpace
                0x0000ef14       0x38 ../FreeRTOS/Source/tasks.o
 .text.uxTaskGetStackHighWaterMark
                0x0000ef4c       0x3c ../FreeRTOS/Source/tasks.o
                0x0000ef4c                uxTaskGetStackHighWaterMark
 .text.prvDeleteTCB
                0x0000ef88       0x20 ../FreeRTOS/Source/tasks.o
 .text.xTaskGetCurrentTaskHandle
                0x0000efa8       0x20 ../FreeRTOS/Source/tasks.o
                0x0000efa8                xTaskGetCurrentTaskHandle
 .text.vTaskPriorityInherit
                0x0000efc8       0xd8 ../FreeRTOS/Source/tasks.o
                0x0000efc8                vTaskPriorityInherit
 .text.vTaskPriorityDisinherit
                0x0000f0a0       0x90 ../FreeRTOS/Source/tasks.o
                0x0000f0a0                vTaskPriorityDisinherit
 .text          0x0000f130        0x0 ../FreeRTOS/Source/portable/GCC/ARM_CM3/port.o
 .text.pxPortInitialiseStack
                0x0000f130       0x60 ../FreeRTOS/Source/portable/GCC/ARM_CM3/port.o
                0x0000f130                pxPortInitialiseStack
 .text.vPortSVCHandler
                0x0000f190       0x20 ../FreeRTOS/Source/portable/GCC/ARM_CM3/port.o
                0x0000f190                vPortSVCHandler
 .text.vPortStartFirstTask
                0x0000f1b0       0x14 ../FreeRTOS/Source/portable/GCC/ARM_CM3/port.o
                0x0000f1b0                vPortStartFirstTask
 .text.xPortStartScheduler
                0x0000f1c4       0x54 ../FreeRTOS/Source/portable/GCC/ARM_CM3/port.o
                0x0000f1c4                xPortStartScheduler
 .text.vPortEndScheduler
                0x0000f218        0xc ../FreeRTOS/Source/portable/GCC/ARM_CM3/port.o
                0x0000f218                vPortEndScheduler
 .text.vPortYieldFromISR
                0x0000f224       0x18 ../FreeRTOS/Source/portable/GCC/ARM_CM3/port.o
                0x0000f224                vPortYieldFromISR
 .text.vPortEnterCritical
                0x0000f23c       0x2c ../FreeRTOS/Source/portable/GCC/ARM_CM3/port.o
                0x0000f23c                vPortEnterCritical
 .text.vPortExitCritical
                0x0000f268       0x38 ../FreeRTOS/Source/portable/GCC/ARM_CM3/port.o
                0x0000f268                vPortExitCritical
 .text.xPortPendSVHandler
                0x0000f2a0       0x3c ../FreeRTOS/Source/portable/GCC/ARM_CM3/port.o
                0x0000f2a0                xPortPendSVHandler
 .text.xPortSysTickHandler
                0x0000f2dc       0x38 ../FreeRTOS/Source/portable/GCC/ARM_CM3/port.o
                0x0000f2dc                xPortSysTickHandler
 .text.prvSetupTimerInterrupt
                0x0000f314       0x28 ../FreeRTOS/Source/portable/GCC/ARM_CM3/port.o
 .text          0x0000f33c        0x0 ../FreeRTOS/Source/portable/MemMang/heap_2.o
 .text.pvPortMalloc
                0x0000f33c      0x1b0 ../FreeRTOS/Source/portable/MemMang/heap_2.o
                0x0000f33c                pvPortMalloc
 .text.vPortFree
                0x0000f4ec       0x88 ../FreeRTOS/Source/portable/MemMang/heap_2.o
                0x0000f4ec                vPortFree
 .text.xPortGetFreeHeapSize
                0x0000f574       0x18 ../FreeRTOS/Source/portable/MemMang/heap_2.o
                0x0000f574                xPortGetFreeHeapSize
 .text.vPortInitialiseBlocks
                0x0000f58c        0xc ../FreeRTOS/Source/portable/MemMang/heap_2.o
                0x0000f58c                vPortInitialiseBlocks
 .text          0x0000f598        0x0 ./RTOSDemo/startup.o
 .text.ResetISR
                0x0000f598       0x78 ./RTOSDemo/startup.o
                0x0000f598                ResetISR
 .text.NmiSR    0x0000f610        0x8 ./RTOSDemo/startup.o
 .text.FaultISR
                0x0000f618        0x8 ./RTOSDemo/startup.o
 .text.IntDefaultHandler
                0x0000f620        0x8 ./RTOSDemo/startup.o
 .text.uipprintf
                0x0000f628       0x14 ./RTOSDemo/startup.o
                0x0000f628                uipprintf
 .text          0x0000f63c        0x0 ./RTOSDemo/driverlib/gcc/libdriver.a(ethernet.o)
 .text.EthernetPacketGetInternal
                0x0000f63c       0x84 ./RTOSDemo/driverlib/gcc/libdriver.a(ethernet.o)
 .text.EthernetPacketPutInternal
                0x0000f6c0       0x76 ./RTOSDemo/driverlib/gcc/libdriver.a(ethernet.o)
 *fill*         0x0000f736        0x2 00
 .text.EthernetInitExpClk
                0x0000f738       0x14 ./RTOSDemo/driverlib/gcc/libdriver.a(ethernet.o)
                0x0000f738                EthernetInitExpClk
 .text.EthernetConfigSet
                0x0000f74c       0x34 ./RTOSDemo/driverlib/gcc/libdriver.a(ethernet.o)
                0x0000f74c                EthernetConfigSet
 .text.EthernetConfigGet
                0x0000f780       0x18 ./RTOSDemo/driverlib/gcc/libdriver.a(ethernet.o)
                0x0000f780                EthernetConfigGet
 .text.EthernetMACAddrSet
                0x0000f798       0x36 ./RTOSDemo/driverlib/gcc/libdriver.a(ethernet.o)
                0x0000f798                EthernetMACAddrSet
 .text.EthernetMACAddrGet
                0x0000f7ce       0x28 ./RTOSDemo/driverlib/gcc/libdriver.a(ethernet.o)
                0x0000f7ce                EthernetMACAddrGet
 .text.EthernetEnable
                0x0000f7f6       0x22 ./RTOSDemo/driverlib/gcc/libdriver.a(ethernet.o)
                0x0000f7f6                EthernetEnable
 .text.EthernetDisable
                0x0000f818       0x22 ./RTOSDemo/driverlib/gcc/libdriver.a(ethernet.o)
                0x0000f818                EthernetDisable
 .text.EthernetPacketAvail
                0x0000f83a        0xe ./RTOSDemo/driverlib/gcc/libdriver.a(ethernet.o)
                0x0000f83a                EthernetPacketAvail
 .text.EthernetSpaceAvail
                0x0000f848        0xc ./RTOSDemo/driverlib/gcc/libdriver.a(ethernet.o)
                0x0000f848                EthernetSpaceAvail
 .text.EthernetPacketGetNonBlocking
                0x0000f854       0x10 ./RTOSDemo/driverlib/gcc/libdriver.a(ethernet.o)
                0x0000f854                EthernetPacketGetNonBlocking
 .text.EthernetPacketGet
                0x0000f864        0xc ./RTOSDemo/driverlib/gcc/libdriver.a(ethernet.o)
                0x0000f864                EthernetPacketGet
 .text.EthernetPacketPutNonBlocking
                0x0000f870       0x10 ./RTOSDemo/driverlib/gcc/libdriver.a(ethernet.o)
                0x0000f870                EthernetPacketPutNonBlocking
 .text.EthernetPacketPut
                0x0000f880        0xc ./RTOSDemo/driverlib/gcc/libdriver.a(ethernet.o)
                0x0000f880                EthernetPacketPut
 .text.EthernetIntRegister
                0x0000f88c       0x12 ./RTOSDemo/driverlib/gcc/libdriver.a(ethernet.o)
                0x0000f88c                EthernetIntRegister
 .text.EthernetIntUnregister
                0x0000f89e       0x12 ./RTOSDemo/driverlib/gcc/libdriver.a(ethernet.o)
                0x0000f89e                EthernetIntUnregister
 .text.EthernetIntEnable
                0x0000f8b0        0x8 ./RTOSDemo/driverlib/gcc/libdriver.a(ethernet.o)
                0x0000f8b0                EthernetIntEnable
 .text.EthernetIntDisable
                0x0000f8b8        0xa ./RTOSDemo/driverlib/gcc/libdriver.a(ethernet.o)
                0x0000f8b8                EthernetIntDisable
 .text.EthernetIntStatus
                0x0000f8c2        0xc ./RTOSDemo/driverlib/gcc/libdriver.a(ethernet.o)
                0x0000f8c2                EthernetIntStatus
 .text.EthernetIntClear
                0x0000f8ce        0x4 ./RTOSDemo/driverlib/gcc/libdriver.a(ethernet.o)
                0x0000f8ce                EthernetIntClear
 .text.EthernetPHYWrite
                0x0000f8d2       0x28 ./RTOSDemo/driverlib/gcc/libdriver.a(ethernet.o)
                0x0000f8d2                EthernetPHYWrite
 .text.EthernetPHYRead
                0x0000f8fa       0x26 ./RTOSDemo/driverlib/gcc/libdriver.a(ethernet.o)
                0x0000f8fa                EthernetPHYRead
 .text.EthernetPHYPowerOff
                0x0000f920       0x1e ./RTOSDemo/driverlib/gcc/libdriver.a(ethernet.o)
                0x0000f920                EthernetPHYPowerOff
 .text.EthernetPHYPowerOn
                0x0000f93e       0x1e ./RTOSDemo/driverlib/gcc/libdriver.a(ethernet.o)
                0x0000f93e                EthernetPHYPowerOn
 .text          0x0000f95c        0x0 ./RTOSDemo/driverlib/gcc/libdriver.a(flash.o)
 .text.FlashUsecGet
                0x0000f95c        0xc ./RTOSDemo/driverlib/gcc/libdriver.a(flash.o)
                0x0000f95c                FlashUsecGet
 .text.FlashUsecSet
                0x0000f968        0xc ./RTOSDemo/driverlib/gcc/libdriver.a(flash.o)
                0x0000f968                FlashUsecSet
 .text.FlashErase
                0x0000f974       0x3c ./RTOSDemo/driverlib/gcc/libdriver.a(flash.o)
                0x0000f974                FlashErase
 .text.FlashProgram
                0x0000f9b0       0xa8 ./RTOSDemo/driverlib/gcc/libdriver.a(flash.o)
                0x0000f9b0                FlashProgram
 .text.FlashProtectGet
                0x0000fa58       0x84 ./RTOSDemo/driverlib/gcc/libdriver.a(flash.o)
                0x0000fa58                FlashProtectGet
 .text.FlashProtectSet
                0x0000fadc      0x104 ./RTOSDemo/driverlib/gcc/libdriver.a(flash.o)
                0x0000fadc                FlashProtectSet
 .text.FlashProtectSave
                0x0000fbe0       0x50 ./RTOSDemo/driverlib/gcc/libdriver.a(flash.o)
                0x0000fbe0                FlashProtectSave
 .text.FlashUserGet
                0x0000fc30       0x44 ./RTOSDemo/driverlib/gcc/libdriver.a(flash.o)
                0x0000fc30                FlashUserGet
 .text.FlashUserSet
                0x0000fc74       0x3c ./RTOSDemo/driverlib/gcc/libdriver.a(flash.o)
                0x0000fc74                FlashUserSet
 .text.FlashUserSave
                0x0000fcb0       0x68 ./RTOSDemo/driverlib/gcc/libdriver.a(flash.o)
                0x0000fcb0                FlashUserSave
 .text.FlashIntRegister
                0x0000fd18       0x14 ./RTOSDemo/driverlib/gcc/libdriver.a(flash.o)
                0x0000fd18                FlashIntRegister
 .text.FlashIntUnregister
                0x0000fd2c       0x12 ./RTOSDemo/driverlib/gcc/libdriver.a(flash.o)
                0x0000fd2c                FlashIntUnregister
 *fill*         0x0000fd3e        0x2 00
 .text.FlashIntEnable
                0x0000fd40       0x10 ./RTOSDemo/driverlib/gcc/libdriver.a(flash.o)
                0x0000fd40                FlashIntEnable
 .text.FlashIntDisable
                0x0000fd50       0x10 ./RTOSDemo/driverlib/gcc/libdriver.a(flash.o)
                0x0000fd50                FlashIntDisable
 .text.FlashIntStatus
                0x0000fd60       0x18 ./RTOSDemo/driverlib/gcc/libdriver.a(flash.o)
                0x0000fd60                FlashIntStatus
 .text.FlashIntClear
                0x0000fd78        0xc ./RTOSDemo/driverlib/gcc/libdriver.a(flash.o)
                0x0000fd78                FlashIntClear
 .text          0x0000fd84        0x0 ./RTOSDemo/driverlib/gcc/libdriver.a(gpio.o)
 .text.GPIOGetIntNumber
                0x0000fd84       0xf4 ./RTOSDemo/driverlib/gcc/libdriver.a(gpio.o)
 .text.GPIODirModeSet
                0x0000fe78       0x2e ./RTOSDemo/driverlib/gcc/libdriver.a(gpio.o)
                0x0000fe78                GPIODirModeSet
 .text.GPIODirModeGet
                0x0000fea6       0x24 ./RTOSDemo/driverlib/gcc/libdriver.a(gpio.o)
                0x0000fea6                GPIODirModeGet
 .text.GPIOIntTypeSet
                0x0000feca       0x48 ./RTOSDemo/driverlib/gcc/libdriver.a(gpio.o)
                0x0000feca                GPIOIntTypeSet
 .text.GPIOIntTypeGet
                0x0000ff12       0x32 ./RTOSDemo/driverlib/gcc/libdriver.a(gpio.o)
                0x0000ff12                GPIOIntTypeGet
 .text.GPIOPadConfigSet
                0x0000ff44       0xc8 ./RTOSDemo/driverlib/gcc/libdriver.a(gpio.o)
                0x0000ff44                GPIOPadConfigSet
 .text.GPIOPadConfigGet
                0x0001000c       0x78 ./RTOSDemo/driverlib/gcc/libdriver.a(gpio.o)
                0x0001000c                GPIOPadConfigGet
 .text.GPIOPinIntEnable
                0x00010084        0xc ./RTOSDemo/driverlib/gcc/libdriver.a(gpio.o)
                0x00010084                GPIOPinIntEnable
 .text.GPIOPinIntDisable
                0x00010090        0xe ./RTOSDemo/driverlib/gcc/libdriver.a(gpio.o)
                0x00010090                GPIOPinIntDisable
 .text.GPIOPinIntStatus
                0x0001009e        0xe ./RTOSDemo/driverlib/gcc/libdriver.a(gpio.o)
                0x0001009e                GPIOPinIntStatus
 .text.GPIOPinIntClear
                0x000100ac        0x6 ./RTOSDemo/driverlib/gcc/libdriver.a(gpio.o)
                0x000100ac                GPIOPinIntClear
 .text.GPIOPortIntRegister
                0x000100b2       0x1a ./RTOSDemo/driverlib/gcc/libdriver.a(gpio.o)
                0x000100b2                GPIOPortIntRegister
 .text.GPIOPortIntUnregister
                0x000100cc       0x16 ./RTOSDemo/driverlib/gcc/libdriver.a(gpio.o)
                0x000100cc                GPIOPortIntUnregister
 .text.GPIOPinRead
                0x000100e2        0x6 ./RTOSDemo/driverlib/gcc/libdriver.a(gpio.o)
                0x000100e2                GPIOPinRead
 .text.GPIOPinWrite
                0x000100e8        0x6 ./RTOSDemo/driverlib/gcc/libdriver.a(gpio.o)
                0x000100e8                GPIOPinWrite
 .text.GPIOPinTypeADC
                0x000100ee       0x1c ./RTOSDemo/driverlib/gcc/libdriver.a(gpio.o)
                0x000100ee                GPIOPinTypeADC
 .text.GPIOPinTypeCAN
                0x0001010a       0x1c ./RTOSDemo/driverlib/gcc/libdriver.a(gpio.o)
                0x0001010a                GPIOPinTypeCAN
 .text.GPIOPinTypeComparator
                0x00010126       0x1c ./RTOSDemo/driverlib/gcc/libdriver.a(gpio.o)
                0x00010126                GPIOPinTypeComparator
 .text.GPIOPinTypeGPIOInput
                0x00010142       0x1c ./RTOSDemo/driverlib/gcc/libdriver.a(gpio.o)
                0x00010142                GPIOPinTypeGPIOInput
 .text.GPIOPinTypeGPIOOutput
                0x0001015e       0x1c ./RTOSDemo/driverlib/gcc/libdriver.a(gpio.o)
                0x0001015e                GPIOPinTypeGPIOOutput
 .text.GPIOPinTypeGPIOOutputOD
                0x0001017a       0x1c ./RTOSDemo/driverlib/gcc/libdriver.a(gpio.o)
                0x0001017a                GPIOPinTypeGPIOOutputOD
 .text.GPIOPinTypeI2C
                0x00010196       0x1c ./RTOSDemo/driverlib/gcc/libdriver.a(gpio.o)
                0x00010196                GPIOPinTypeI2C
 .text.GPIOPinTypePWM
                0x000101b2       0x1c ./RTOSDemo/driverlib/gcc/libdriver.a(gpio.o)
                0x000101b2                GPIOPinTypePWM
 .text.GPIOPinTypeQEI
                0x000101ce       0x1c ./RTOSDemo/driverlib/gcc/libdriver.a(gpio.o)
                0x000101ce                GPIOPinTypeQEI
 .text.GPIOPinTypeSSI
                0x000101ea       0x1c ./RTOSDemo/driverlib/gcc/libdriver.a(gpio.o)
                0x000101ea                GPIOPinTypeSSI
 .text.GPIOPinTypeTimer
                0x00010206       0x1c ./RTOSDemo/driverlib/gcc/libdriver.a(gpio.o)
                0x00010206                GPIOPinTypeTimer
 .text.GPIOPinTypeUART
                0x00010222       0x1c ./RTOSDemo/driverlib/gcc/libdriver.a(gpio.o)
                0x00010222                GPIOPinTypeUART
 .text.GPIOPinTypeUSBDigital
                0x0001023e       0x1c ./RTOSDemo/driverlib/gcc/libdriver.a(gpio.o)
                0x0001023e                GPIOPinTypeUSBDigital
 .text.GPIOPinTypeUSBAnalog
                0x0001025a       0x1c ./RTOSDemo/driverlib/gcc/libdriver.a(gpio.o)
                0x0001025a                GPIOPinTypeUSBAnalog
 .text.GPIOPinTypeI2S
                0x00010276       0x1c ./RTOSDemo/driverlib/gcc/libdriver.a(gpio.o)
                0x00010276                GPIOPinTypeI2S
 .text.GPIOPinTypeEthernetLED
                0x00010292       0x1c ./RTOSDemo/driverlib/gcc/libdriver.a(gpio.o)
                0x00010292                GPIOPinTypeEthernetLED
 .text.GPIOPinTypeEPI
                0x000102ae       0x1c ./RTOSDemo/driverlib/gcc/libdriver.a(gpio.o)
                0x000102ae                GPIOPinTypeEPI
 *fill*         0x000102ca        0x2 00
 .text.GPIOPinConfigure
                0x000102cc       0x4c ./RTOSDemo/driverlib/gcc/libdriver.a(gpio.o)
                0x000102cc                GPIOPinConfigure
 .text          0x00010318        0x0 ./RTOSDemo/driverlib/gcc/libdriver.a(i2s.o)
 .text.I2STxEnable
                0x00010318       0x12 ./RTOSDemo/driverlib/gcc/libdriver.a(i2s.o)
                0x00010318                I2STxEnable
 .text.I2STxDisable
                0x0001032a        0xe ./RTOSDemo/driverlib/gcc/libdriver.a(i2s.o)
                0x0001032a                I2STxDisable
 .text.I2STxDataPut
                0x00010338        0xa ./RTOSDemo/driverlib/gcc/libdriver.a(i2s.o)
                0x00010338                I2STxDataPut
 .text.I2STxDataPutNonBlocking
                0x00010342       0x10 ./RTOSDemo/driverlib/gcc/libdriver.a(i2s.o)
                0x00010342                I2STxDataPutNonBlocking
 .text.I2STxConfigSet
                0x00010352       0x1a ./RTOSDemo/driverlib/gcc/libdriver.a(i2s.o)
                0x00010352                I2STxConfigSet
 .text.I2STxFIFOLimitSet
                0x0001036c        0x4 ./RTOSDemo/driverlib/gcc/libdriver.a(i2s.o)
                0x0001036c                I2STxFIFOLimitSet
 .text.I2STxFIFOLimitGet
                0x00010370        0x4 ./RTOSDemo/driverlib/gcc/libdriver.a(i2s.o)
                0x00010370                I2STxFIFOLimitGet
 .text.I2STxFIFOLevelGet
                0x00010374        0x4 ./RTOSDemo/driverlib/gcc/libdriver.a(i2s.o)
                0x00010374                I2STxFIFOLevelGet
 .text.I2SRxEnable
                0x00010378       0x14 ./RTOSDemo/driverlib/gcc/libdriver.a(i2s.o)
                0x00010378                I2SRxEnable
 .text.I2SRxDisable
                0x0001038c        0xe ./RTOSDemo/driverlib/gcc/libdriver.a(i2s.o)
                0x0001038c                I2SRxDisable
 .text.I2SRxDataGet
                0x0001039a       0x10 ./RTOSDemo/driverlib/gcc/libdriver.a(i2s.o)
                0x0001039a                I2SRxDataGet
 .text.I2SRxDataGetNonBlocking
                0x000103aa       0x14 ./RTOSDemo/driverlib/gcc/libdriver.a(i2s.o)
                0x000103aa                I2SRxDataGetNonBlocking
 .text.I2SRxConfigSet
                0x000103be       0x36 ./RTOSDemo/driverlib/gcc/libdriver.a(i2s.o)
                0x000103be                I2SRxConfigSet
 .text.I2SRxFIFOLimitSet
                0x000103f4        0x6 ./RTOSDemo/driverlib/gcc/libdriver.a(i2s.o)
                0x000103f4                I2SRxFIFOLimitSet
 .text.I2SRxFIFOLimitGet
                0x000103fa        0xe ./RTOSDemo/driverlib/gcc/libdriver.a(i2s.o)
                0x000103fa                I2SRxFIFOLimitGet
 .text.I2SRxFIFOLevelGet
                0x00010408        0x6 ./RTOSDemo/driverlib/gcc/libdriver.a(i2s.o)
                0x00010408                I2SRxFIFOLevelGet
 .text.I2STxRxEnable
                0x0001040e       0x16 ./RTOSDemo/driverlib/gcc/libdriver.a(i2s.o)
                0x0001040e                I2STxRxEnable
 .text.I2STxRxDisable
                0x00010424        0xe ./RTOSDemo/driverlib/gcc/libdriver.a(i2s.o)
                0x00010424                I2STxRxDisable
 .text.I2STxRxConfigSet
                0x00010432       0x48 ./RTOSDemo/driverlib/gcc/libdriver.a(i2s.o)
                0x00010432                I2STxRxConfigSet
 .text.I2SMasterClockSelect
                0x0001047a       0x10 ./RTOSDemo/driverlib/gcc/libdriver.a(i2s.o)
                0x0001047a                I2SMasterClockSelect
 .text.I2SIntEnable
                0x0001048a        0xc ./RTOSDemo/driverlib/gcc/libdriver.a(i2s.o)
                0x0001048a                I2SIntEnable
 .text.I2SIntDisable
                0x00010496        0xe ./RTOSDemo/driverlib/gcc/libdriver.a(i2s.o)
                0x00010496                I2SIntDisable
 .text.I2SIntStatus
                0x000104a4        0xe ./RTOSDemo/driverlib/gcc/libdriver.a(i2s.o)
                0x000104a4                I2SIntStatus
 .text.I2SIntClear
                0x000104b2        0x6 ./RTOSDemo/driverlib/gcc/libdriver.a(i2s.o)
                0x000104b2                I2SIntClear
 .text.I2SIntRegister
                0x000104b8       0x12 ./RTOSDemo/driverlib/gcc/libdriver.a(i2s.o)
                0x000104b8                I2SIntRegister
 .text.I2SIntUnregister
                0x000104ca       0x12 ./RTOSDemo/driverlib/gcc/libdriver.a(i2s.o)
                0x000104ca                I2SIntUnregister
 .text          0x000104dc        0x0 ./RTOSDemo/driverlib/gcc/libdriver.a(interrupt.o)
 .text.IntDefaultHandler
                0x000104dc        0x2 ./RTOSDemo/driverlib/gcc/libdriver.a(interrupt.o)
 .text.IntMasterEnable
                0x000104de        0xa ./RTOSDemo/driverlib/gcc/libdriver.a(interrupt.o)
                0x000104de                IntMasterEnable
 .text.IntMasterDisable
                0x000104e8        0xa ./RTOSDemo/driverlib/gcc/libdriver.a(interrupt.o)
                0x000104e8                IntMasterDisable
 *fill*         0x000104f2        0x2 00
 .text.IntRegister
                0x000104f4       0x30 ./RTOSDemo/driverlib/gcc/libdriver.a(interrupt.o)
                0x000104f4                IntRegister
 .text.IntUnregister
                0x00010524       0x14 ./RTOSDemo/driverlib/gcc/libdriver.a(interrupt.o)
                0x00010524                IntUnregister
 .text.IntPriorityGroupingSet
                0x00010538       0x1c ./RTOSDemo/driverlib/gcc/libdriver.a(interrupt.o)
                0x00010538                IntPriorityGroupingSet
 .text.IntPriorityGroupingGet
                0x00010554       0x24 ./RTOSDemo/driverlib/gcc/libdriver.a(interrupt.o)
                0x00010554                IntPriorityGroupingGet
 .text.IntPrioritySet
                0x00010578       0x28 ./RTOSDemo/driverlib/gcc/libdriver.a(interrupt.o)
                0x00010578                IntPrioritySet
 .text.IntPriorityGet
                0x000105a0       0x1c ./RTOSDemo/driverlib/gcc/libdriver.a(interrupt.o)
                0x000105a0                IntPriorityGet
 .text.IntEnable
                0x000105bc       0x70 ./RTOSDemo/driverlib/gcc/libdriver.a(interrupt.o)
                0x000105bc                IntEnable
 .text.IntDisable
                0x0001062c       0x70 ./RTOSDemo/driverlib/gcc/libdriver.a(interrupt.o)
                0x0001062c                IntDisable
 .text.IntPendSet
                0x0001069c       0x60 ./RTOSDemo/driverlib/gcc/libdriver.a(interrupt.o)
                0x0001069c                IntPendSet
 .text.IntPendClear
                0x000106fc       0x50 ./RTOSDemo/driverlib/gcc/libdriver.a(interrupt.o)
                0x000106fc                IntPendClear
 .text.IntPriorityMaskSet
                0x0001074c        0x4 ./RTOSDemo/driverlib/gcc/libdriver.a(interrupt.o)
                0x0001074c                IntPriorityMaskSet
 .text.IntPriorityMaskGet
                0x00010750        0x4 ./RTOSDemo/driverlib/gcc/libdriver.a(interrupt.o)
                0x00010750                IntPriorityMaskGet
 .text          0x00010754        0x0 ./RTOSDemo/driverlib/gcc/libdriver.a(sysctl.o)
 .text.SysCtlSRAMSizeGet
                0x00010754       0x14 ./RTOSDemo/driverlib/gcc/libdriver.a(sysctl.o)
                0x00010754                SysCtlSRAMSizeGet
 .text.SysCtlFlashSizeGet
                0x00010768       0x14 ./RTOSDemo/driverlib/gcc/libdriver.a(sysctl.o)
                0x00010768                SysCtlFlashSizeGet
 .text.SysCtlPinPresent
                0x0001077c       0x14 ./RTOSDemo/driverlib/gcc/libdriver.a(sysctl.o)
                0x0001077c                SysCtlPinPresent
 .text.SysCtlPeripheralPresent
                0x00010790       0x44 ./RTOSDemo/driverlib/gcc/libdriver.a(sysctl.o)
                0x00010790                SysCtlPeripheralPresent
 .text.SysCtlPeripheralReset
                0x000107d4       0x40 ./RTOSDemo/driverlib/gcc/libdriver.a(sysctl.o)
                0x000107d4                SysCtlPeripheralReset
 .text.SysCtlPeripheralEnable
                0x00010814       0x20 ./RTOSDemo/driverlib/gcc/libdriver.a(sysctl.o)
                0x00010814                SysCtlPeripheralEnable
 .text.SysCtlPeripheralDisable
                0x00010834       0x24 ./RTOSDemo/driverlib/gcc/libdriver.a(sysctl.o)
                0x00010834                SysCtlPeripheralDisable
 .text.SysCtlPeripheralSleepEnable
                0x00010858       0x20 ./RTOSDemo/driverlib/gcc/libdriver.a(sysctl.o)
                0x00010858                SysCtlPeripheralSleepEnable
 .text.SysCtlPeripheralSleepDisable
                0x00010878       0x24 ./RTOSDemo/driverlib/gcc/libdriver.a(sysctl.o)
                0x00010878                SysCtlPeripheralSleepDisable
 .text.SysCtlPeripheralDeepSleepEnable
                0x0001089c       0x20 ./RTOSDemo/driverlib/gcc/libdriver.a(sysctl.o)
                0x0001089c                SysCtlPeripheralDeepSleepEnable
 .text.SysCtlPeripheralDeepSleepDisable
                0x000108bc       0x24 ./RTOSDemo/driverlib/gcc/libdriver.a(sysctl.o)
                0x000108bc                SysCtlPeripheralDeepSleepDisable
 .text.SysCtlPeripheralClockGating
                0x000108e0       0x1c ./RTOSDemo/driverlib/gcc/libdriver.a(sysctl.o)
                0x000108e0                SysCtlPeripheralClockGating
 .text.SysCtlIntRegister
                0x000108fc       0x14 ./RTOSDemo/driverlib/gcc/libdriver.a(sysctl.o)
                0x000108fc                SysCtlIntRegister
 .text.SysCtlIntUnregister
                0x00010910       0x12 ./RTOSDemo/driverlib/gcc/libdriver.a(sysctl.o)
                0x00010910                SysCtlIntUnregister
 *fill*         0x00010922        0x2 00
 .text.SysCtlIntEnable
                0x00010924       0x10 ./RTOSDemo/driverlib/gcc/libdriver.a(sysctl.o)
                0x00010924                SysCtlIntEnable
 .text.SysCtlIntDisable
                0x00010934       0x10 ./RTOSDemo/driverlib/gcc/libdriver.a(sysctl.o)
                0x00010934                SysCtlIntDisable
 .text.SysCtlIntClear
                0x00010944        0xc ./RTOSDemo/driverlib/gcc/libdriver.a(sysctl.o)
                0x00010944                SysCtlIntClear
 .text.SysCtlIntStatus
                0x00010950       0x18 ./RTOSDemo/driverlib/gcc/libdriver.a(sysctl.o)
                0x00010950                SysCtlIntStatus
 .text.SysCtlLDOSet
                0x00010968        0xc ./RTOSDemo/driverlib/gcc/libdriver.a(sysctl.o)
                0x00010968                SysCtlLDOSet
 .text.SysCtlLDOGet
                0x00010974        0xc ./RTOSDemo/driverlib/gcc/libdriver.a(sysctl.o)
                0x00010974                SysCtlLDOGet
 .text.SysCtlLDOConfigSet
                0x00010980        0xc ./RTOSDemo/driverlib/gcc/libdriver.a(sysctl.o)
                0x00010980                SysCtlLDOConfigSet
 .text.SysCtlReset
                0x0001098c       0x10 ./RTOSDemo/driverlib/gcc/libdriver.a(sysctl.o)
                0x0001098c                SysCtlReset
 .text.SysCtlSleep
                0x0001099c        0x4 ./RTOSDemo/driverlib/gcc/libdriver.a(sysctl.o)
                0x0001099c                SysCtlSleep
 .text.SysCtlDeepSleep
                0x000109a0       0x20 ./RTOSDemo/driverlib/gcc/libdriver.a(sysctl.o)
                0x000109a0                SysCtlDeepSleep
 .text.SysCtlResetCauseGet
                0x000109c0        0xc ./RTOSDemo/driverlib/gcc/libdriver.a(sysctl.o)
                0x000109c0                SysCtlResetCauseGet
 .text.SysCtlResetCauseClear
                0x000109cc       0x10 ./RTOSDemo/driverlib/gcc/libdriver.a(sysctl.o)
                0x000109cc                SysCtlResetCauseClear
 .text.SysCtlBrownOutConfigSet
                0x000109dc       0x10 ./RTOSDemo/driverlib/gcc/libdriver.a(sysctl.o)
                0x000109dc                SysCtlBrownOutConfigSet
 .text.SysCtlDelay
                0x000109ec        0x6 ./RTOSDemo/driverlib/gcc/libdriver.a(sysctl.o)
                0x000109ec                SysCtlDelay
 *fill*         0x000109f2        0x2 00
 .text.SysCtlClockSet
                0x000109f4      0x158 ./RTOSDemo/driverlib/gcc/libdriver.a(sysctl.o)
                0x000109f4                SysCtlClockSet
 .text.SysCtlClockGet
                0x00010b4c      0x1dc ./RTOSDemo/driverlib/gcc/libdriver.a(sysctl.o)
                0x00010b4c                SysCtlClockGet
 .text.SysCtlPWMClockSet
                0x00010d28       0x14 ./RTOSDemo/driverlib/gcc/libdriver.a(sysctl.o)
                0x00010d28                SysCtlPWMClockSet
 .text.SysCtlPWMClockGet
                0x00010d3c       0x18 ./RTOSDemo/driverlib/gcc/libdriver.a(sysctl.o)
                0x00010d3c                SysCtlPWMClockGet
 .text.SysCtlADCSpeedSet
                0x00010d54       0x20 ./RTOSDemo/driverlib/gcc/libdriver.a(sysctl.o)
                0x00010d54                SysCtlADCSpeedSet
 .text.SysCtlADCSpeedGet
                0x00010d74       0x10 ./RTOSDemo/driverlib/gcc/libdriver.a(sysctl.o)
                0x00010d74                SysCtlADCSpeedGet
 .text.SysCtlIOSCVerificationSet
                0x00010d84       0x1c ./RTOSDemo/driverlib/gcc/libdriver.a(sysctl.o)
                0x00010d84                SysCtlIOSCVerificationSet
 .text.SysCtlMOSCVerificationSet
                0x00010da0       0x1c ./RTOSDemo/driverlib/gcc/libdriver.a(sysctl.o)
                0x00010da0                SysCtlMOSCVerificationSet
 .text.SysCtlPLLVerificationSet
                0x00010dbc       0x1c ./RTOSDemo/driverlib/gcc/libdriver.a(sysctl.o)
                0x00010dbc                SysCtlPLLVerificationSet
 .text.SysCtlClkVerificationClear
                0x00010dd8       0x10 ./RTOSDemo/driverlib/gcc/libdriver.a(sysctl.o)
                0x00010dd8                SysCtlClkVerificationClear
 .text.SysCtlGPIOAHBEnable
                0x00010de8       0x14 ./RTOSDemo/driverlib/gcc/libdriver.a(sysctl.o)
                0x00010de8                SysCtlGPIOAHBEnable
 .text.SysCtlGPIOAHBDisable
                0x00010dfc       0x14 ./RTOSDemo/driverlib/gcc/libdriver.a(sysctl.o)
                0x00010dfc                SysCtlGPIOAHBDisable
 .text.SysCtlUSBPLLEnable
                0x00010e10       0x10 ./RTOSDemo/driverlib/gcc/libdriver.a(sysctl.o)
                0x00010e10                SysCtlUSBPLLEnable
 .text.SysCtlUSBPLLDisable
                0x00010e20       0x10 ./RTOSDemo/driverlib/gcc/libdriver.a(sysctl.o)
                0x00010e20                SysCtlUSBPLLDisable
 .text.SysCtlI2SMClkSet
                0x00010e30       0xe4 ./RTOSDemo/driverlib/gcc/libdriver.a(sysctl.o)
                0x00010e30                SysCtlI2SMClkSet
 .text          0x00010f14        0x0 ./RTOSDemo/driverlib/gcc/libdriver.a(timer.o)
 .text.TimerEnable
                0x00010f14       0x12 ./RTOSDemo/driverlib/gcc/libdriver.a(timer.o)
                0x00010f14                TimerEnable
 .text.TimerDisable
                0x00010f26       0x12 ./RTOSDemo/driverlib/gcc/libdriver.a(timer.o)
                0x00010f26                TimerDisable
 .text.TimerConfigure
                0x00010f38       0x20 ./RTOSDemo/driverlib/gcc/libdriver.a(timer.o)
                0x00010f38                TimerConfigure
 .text.TimerControlLevel
                0x00010f58       0x20 ./RTOSDemo/driverlib/gcc/libdriver.a(timer.o)
                0x00010f58                TimerControlLevel
 .text.TimerControlTrigger
                0x00010f78       0x20 ./RTOSDemo/driverlib/gcc/libdriver.a(timer.o)
                0x00010f78                TimerControlTrigger
 .text.TimerControlEvent
                0x00010f98       0x1c ./RTOSDemo/driverlib/gcc/libdriver.a(timer.o)
                0x00010f98                TimerControlEvent
 .text.TimerControlStall
                0x00010fb4       0x20 ./RTOSDemo/driverlib/gcc/libdriver.a(timer.o)
                0x00010fb4                TimerControlStall
 .text.TimerControlWaitOnTrigger
                0x00010fd4       0x34 ./RTOSDemo/driverlib/gcc/libdriver.a(timer.o)
                0x00010fd4                TimerControlWaitOnTrigger
 .text.TimerRTCEnable
                0x00011008        0xa ./RTOSDemo/driverlib/gcc/libdriver.a(timer.o)
                0x00011008                TimerRTCEnable
 .text.TimerRTCDisable
                0x00011012        0xa ./RTOSDemo/driverlib/gcc/libdriver.a(timer.o)
                0x00011012                TimerRTCDisable
 .text.TimerPrescaleSet
                0x0001101c       0x12 ./RTOSDemo/driverlib/gcc/libdriver.a(timer.o)
                0x0001101c                TimerPrescaleSet
 .text.TimerPrescaleGet
                0x0001102e        0xa ./RTOSDemo/driverlib/gcc/libdriver.a(timer.o)
                0x0001102e                TimerPrescaleGet
 .text.TimerPrescaleMatchSet
                0x00011038       0x12 ./RTOSDemo/driverlib/gcc/libdriver.a(timer.o)
                0x00011038                TimerPrescaleMatchSet
 .text.TimerPrescaleMatchGet
                0x0001104a        0xa ./RTOSDemo/driverlib/gcc/libdriver.a(timer.o)
                0x0001104a                TimerPrescaleMatchGet
 .text.TimerLoadSet
                0x00011054       0x12 ./RTOSDemo/driverlib/gcc/libdriver.a(timer.o)
                0x00011054                TimerLoadSet
 .text.TimerLoadGet
                0x00011066        0xa ./RTOSDemo/driverlib/gcc/libdriver.a(timer.o)
                0x00011066                TimerLoadGet
 .text.TimerValueGet
                0x00011070        0xa ./RTOSDemo/driverlib/gcc/libdriver.a(timer.o)
                0x00011070                TimerValueGet
 .text.TimerMatchSet
                0x0001107a       0x12 ./RTOSDemo/driverlib/gcc/libdriver.a(timer.o)
                0x0001107a                TimerMatchSet
 .text.TimerMatchGet
                0x0001108c        0xa ./RTOSDemo/driverlib/gcc/libdriver.a(timer.o)
                0x0001108c                TimerMatchGet
 *fill*         0x00011096        0x2 00
 .text.TimerIntRegister
                0x00011098       0x60 ./RTOSDemo/driverlib/gcc/libdriver.a(timer.o)
                0x00011098                TimerIntRegister
 .text.TimerIntUnregister
                0x000110f8       0x5c ./RTOSDemo/driverlib/gcc/libdriver.a(timer.o)
                0x000110f8                TimerIntUnregister
 .text.TimerIntEnable
                0x00011154        0x8 ./RTOSDemo/driverlib/gcc/libdriver.a(timer.o)
                0x00011154                TimerIntEnable
 .text.TimerIntDisable
                0x0001115c        0xa ./RTOSDemo/driverlib/gcc/libdriver.a(timer.o)
                0x0001115c                TimerIntDisable
 .text.TimerIntStatus
                0x00011166        0xa ./RTOSDemo/driverlib/gcc/libdriver.a(timer.o)
                0x00011166                TimerIntStatus
 .text.TimerIntClear
                0x00011170        0x4 ./RTOSDemo/driverlib/gcc/libdriver.a(timer.o)
                0x00011170                TimerIntClear
 .text.TimerQuiesce
                0x00011174       0x3c ./RTOSDemo/driverlib/gcc/libdriver.a(timer.o)
                0x00011174                TimerQuiesce
 .text          0x000111b0        0x0 ./RTOSDemo/driverlib/gcc/libdriver.a(cpu.o)
 .text.CPUcpsid
                0x000111b0        0x8 ./RTOSDemo/driverlib/gcc/libdriver.a(cpu.o)
                0x000111b0                CPUcpsid
 .text.CPUprimask
                0x000111b8        0x6 ./RTOSDemo/driverlib/gcc/libdriver.a(cpu.o)
                0x000111b8                CPUprimask
 .text.CPUcpsie
                0x000111be        0x8 ./RTOSDemo/driverlib/gcc/libdriver.a(cpu.o)
                0x000111be                CPUcpsie
 .text.CPUwfi   0x000111c6        0x4 ./RTOSDemo/driverlib/gcc/libdriver.a(cpu.o)
                0x000111c6                CPUwfi
 .text.CPUbasepriSet
                0x000111ca        0x6 ./RTOSDemo/driverlib/gcc/libdriver.a(cpu.o)
                0x000111ca                CPUbasepriSet
 .text.CPUbasepriGet
                0x000111d0        0x6 ./RTOSDemo/driverlib/gcc/libdriver.a(cpu.o)
                0x000111d0                CPUbasepriGet
 *fill*         0x000111d6        0x2 00
 .text          0x000111d8       0x5c /home/valentin/CodeSourcery/Sourcery_CodeBench_Lite_for_ARM_EABI/bin/../lib/gcc/arm-none-eabi/4.6.1/../../../../arm-none-eabi/lib/thumb2/libc.a(lib_a-memcmp.o)
                0x000111d8                memcmp
 .text          0x00011234       0xf0 /home/valentin/CodeSourcery/Sourcery_CodeBench_Lite_for_ARM_EABI/bin/../lib/gcc/arm-none-eabi/4.6.1/../../../../arm-none-eabi/lib/thumb2/libc.a(lib_a-memcpy.o)
                0x00011234                memcpy
 .text          0x00011324       0x8c /home/valentin/CodeSourcery/Sourcery_CodeBench_Lite_for_ARM_EABI/bin/../lib/gcc/arm-none-eabi/4.6.1/../../../../arm-none-eabi/lib/thumb2/libc.a(lib_a-memset.o)
                0x00011324                memset
 .text          0x000113b0       0x48 /home/valentin/CodeSourcery/Sourcery_CodeBench_Lite_for_ARM_EABI/bin/../lib/gcc/arm-none-eabi/4.6.1/../../../../arm-none-eabi/lib/thumb2/libc.a(lib_a-strcat.o)
                0x000113b0                strcat
 .text          0x000113f8       0xf0 /home/valentin/CodeSourcery/Sourcery_CodeBench_Lite_for_ARM_EABI/bin/../lib/gcc/arm-none-eabi/4.6.1/../../../../arm-none-eabi/lib/thumb2/libc.a(lib_a-strchr.o)
                0x000113f8                strchr
 .text          0x000114e8       0xbc /home/valentin/CodeSourcery/Sourcery_CodeBench_Lite_for_ARM_EABI/bin/../lib/gcc/arm-none-eabi/4.6.1/../../../../arm-none-eabi/lib/thumb2/libc.a(lib_a-strcpy.o)
                0x000114e8                strcpy
 .text          0x000115a4       0x60 /home/valentin/CodeSourcery/Sourcery_CodeBench_Lite_for_ARM_EABI/bin/../lib/gcc/arm-none-eabi/4.6.1/../../../../arm-none-eabi/lib/thumb2/libc.a(lib_a-strlen.o)
                0x000115a4                strlen
 .text          0x00011604       0xa8 /home/valentin/CodeSourcery/Sourcery_CodeBench_Lite_for_ARM_EABI/bin/../lib/gcc/arm-none-eabi/4.6.1/../../../../arm-none-eabi/lib/thumb2/libc.a(lib_a-strncmp.o)
                0x00011604                strncmp
 .text          0x000116ac       0x74 /home/valentin/CodeSourcery/Sourcery_CodeBench_Lite_for_ARM_EABI/bin/../lib/gcc/arm-none-eabi/4.6.1/../../../../arm-none-eabi/lib/thumb2/libc.a(lib_a-strncpy.o)
                0x000116ac                strncpy
 .text          0x00011720       0x28 /home/valentin/CodeSourcery/Sourcery_CodeBench_Lite_for_ARM_EABI/bin/../lib/gcc/arm-none-eabi/4.6.1/../../../../arm-none-eabi/lib/thumb2/libc.a(lib_a-strrchr.o)
                0x00011720                strrchr
 .text          0x00011748      0x4c8 /home/valentin/CodeSourcery/Sourcery_CodeBench_Lite_for_ARM_EABI/bin/../lib/gcc/arm-none-eabi/4.6.1/../../../../arm-none-eabi/lib/thumb2/libc.a(lib_a-strstr.o)
                0x000119fc                strstr
 .text          0x00011c10       0x88 /home/valentin/CodeSourcery/Sourcery_CodeBench_Lite_for_ARM_EABI/bin/../lib/gcc/arm-none-eabi/4.6.1/../../../../arm-none-eabi/lib/thumb2/libc.a(lib_a-memchr.o)
                0x00011c10                memchr
 *(.rodata*)
 .rodata.pucBasicBitmap
                0x00011c98      0xc84 ./RTOSDemo/main.o
                0x00011c98                pucBasicBitmap
 .rodata.pucGrLibBitmap
                0x0001291c      0x6a8 ./RTOSDemo/main.o
                0x0001291c                pucGrLibBitmap
 .rodata        0x00012fc4      0x10c ./RTOSDemo/main.o
 .rodata.pcWelcomeMessage
                0x000130d0        0x4 ./RTOSDemo/main.o
                0x000130d0                pcWelcomeMessage
 .rodata.g_pucFont
                0x000130d4      0x1dc ./RTOSDemo/evalbot_drivers/display96x16x1.o
 .rodata.g_pucRITInit
                0x000132b0       0x30 ./RTOSDemo/evalbot_drivers/display96x16x1.o
 .rodata.g_pucRITRow1
                0x000132e0        0x8 ./RTOSDemo/evalbot_drivers/display96x16x1.o
 .rodata.g_pucRITRow2
                0x000132e8        0x8 ./RTOSDemo/evalbot_drivers/display96x16x1.o
 .rodata        0x000132f0       0x10 ./RTOSDemo/evalbot_drivers/wav.o
 .rodata        0x00013300       0x1c ./RTOSDemo/driverlib/ustdlib.o
 .rodata.g_pcHex
                0x0001331c        0x4 ./RTOSDemo/driverlib/ustdlib.o
 .rodata.g_psDaysToMonth
                0x00013320       0x18 ./RTOSDemo/driverlib/ustdlib.o
 .rodata        0x00013338       0x30 ../FreeRTOS/Demo/Common/Minimal/BlockQ.o
 .rodata        0x00013368       0x24 ../FreeRTOS/Demo/Common/Minimal/blocktim.o
 .rodata.uxMaxNumberOfExtraTasksRunning
                0x0001338c        0x4 ../FreeRTOS/Demo/Common/Minimal/death.o
 .rodata        0x00013390       0x18 ../FreeRTOS/Demo/Common/Minimal/death.o
 .rodata        0x000133a8        0x8 ../FreeRTOS/Demo/Common/Minimal/integer.o
 .rodata        0x000133b0       0x20 ../FreeRTOS/Demo/Common/Minimal/PollQ.o
 .rodata        0x000133d0       0x40 ../FreeRTOS/Demo/Common/Minimal/semtest.o
 .rodata        0x00013410       0x40 ../FreeRTOS/Demo/Common/Minimal/GenQTest.o
 .rodata        0x00013450       0x34 ../FreeRTOS/Demo/Common/Minimal/QPeek.o
 .rodata        0x00013484       0x28 ../FreeRTOS/Demo/Common/Minimal/recmutex.o
 .rodata        0x000134ac       0x48 ../FreeRTOS/Demo/Common/Minimal/IntQueue.o
 .rodata        0x000134f4       0x10 ./RTOSDemo/webserver/uIP_Task.o
 .rodata        0x00013504        0x4 ./RTOSDemo/webserver/emac.o
 .rodata        0x00013508      0x154 ./RTOSDemo/webserver/httpd-cgi.o
 .rodata.file   0x0001365c        0x8 ./RTOSDemo/webserver/httpd-cgi.o
 .rodata.tcp    0x00013664        0x8 ./RTOSDemo/webserver/httpd-cgi.o
 .rodata.net    0x0001366c        0x8 ./RTOSDemo/webserver/httpd-cgi.o
 .rodata.rtos   0x00013674        0x8 ./RTOSDemo/webserver/httpd-cgi.o
 .rodata.run    0x0001367c        0x8 ./RTOSDemo/webserver/httpd-cgi.o
 .rodata.io     0x00013684        0x8 ./RTOSDemo/webserver/httpd-cgi.o
 .rodata.closed
                0x0001368c        0x8 ./RTOSDemo/webserver/httpd-cgi.o
 .rodata.syn_rcvd
                0x00013694        0xc ./RTOSDemo/webserver/httpd-cgi.o
 .rodata.syn_sent
                0x000136a0        0xc ./RTOSDemo/webserver/httpd-cgi.o
 .rodata.established
                0x000136ac        0xc ./RTOSDemo/webserver/httpd-cgi.o
 .rodata.fin_wait_1
                0x000136b8        0xc ./RTOSDemo/webserver/httpd-cgi.o
 .rodata.fin_wait_2
                0x000136c4        0xc ./RTOSDemo/webserver/httpd-cgi.o
 .rodata.closing
                0x000136d0        0x8 ./RTOSDemo/webserver/httpd-cgi.o
 .rodata.time_wait
                0x000136d8        0xc ./RTOSDemo/webserver/httpd-cgi.o
 .rodata.last_ack
                0x000136e4        0xc ./RTOSDemo/webserver/httpd-cgi.o
 .rodata.data_404_html
                0x000136f0       0xac ./RTOSDemo/webserver/httpd-fs.o
 .rodata.data_index_html
                0x0001379c      0x1a4 ./RTOSDemo/webserver/httpd-fs.o
 .rodata.data_index_shtml
                0x00013940      0x348 ./RTOSDemo/webserver/httpd-fs.o
 .rodata.data_io_shtml
                0x00013c88      0x330 ./RTOSDemo/webserver/httpd-fs.o
 .rodata.data_runtime_shtml
                0x00013fb8      0x340 ./RTOSDemo/webserver/httpd-fs.o
 .rodata.data_stats_shtml
                0x000142f8      0x55c ./RTOSDemo/webserver/httpd-fs.o
 .rodata.data_tcp_shtml
                0x00014854      0x2d8 ./RTOSDemo/webserver/httpd-fs.o
 .rodata.file_404_html
                0x00014b2c       0x14 ./RTOSDemo/webserver/httpd-fs.o
                0x00014b2c                file_404_html
 .rodata.file_index_html
                0x00014b40       0x14 ./RTOSDemo/webserver/httpd-fs.o
                0x00014b40                file_index_html
 .rodata.file_index_shtml
                0x00014b54       0x14 ./RTOSDemo/webserver/httpd-fs.o
                0x00014b54                file_index_shtml
 .rodata.file_io_shtml
                0x00014b68       0x14 ./RTOSDemo/webserver/httpd-fs.o
                0x00014b68                file_io_shtml
 .rodata.file_runtime_shtml
                0x00014b7c       0x14 ./RTOSDemo/webserver/httpd-fs.o
                0x00014b7c                file_runtime_shtml
 .rodata.file_stats_shtml
                0x00014b90       0x14 ./RTOSDemo/webserver/httpd-fs.o
                0x00014b90                file_stats_shtml
 .rodata.file_tcp_shtml
                0x00014ba4       0x14 ./RTOSDemo/webserver/httpd-fs.o
                0x00014ba4                file_tcp_shtml
 .rodata.http_http
                0x00014bb8        0x8 ./RTOSDemo/webserver/http-strings.o
                0x00014bb8                http_http
 .rodata.http_200
                0x00014bc0        0x8 ./RTOSDemo/webserver/http-strings.o
                0x00014bc0                http_200
 .rodata.http_301
                0x00014bc8        0x8 ./RTOSDemo/webserver/http-strings.o
                0x00014bc8                http_301
 .rodata.http_302
                0x00014bd0        0x8 ./RTOSDemo/webserver/http-strings.o
                0x00014bd0                http_302
 .rodata.http_get
                0x00014bd8        0x8 ./RTOSDemo/webserver/http-strings.o
                0x00014bd8                http_get
 .rodata.http_10
                0x00014be0        0xc ./RTOSDemo/webserver/http-strings.o
                0x00014be0                http_10
 .rodata.http_11
                0x00014bec        0xc ./RTOSDemo/webserver/http-strings.o
                0x00014bec                http_11
 .rodata.http_content_type
                0x00014bf8       0x10 ./RTOSDemo/webserver/http-strings.o
                0x00014bf8                http_content_type
 .rodata.http_texthtml
                0x00014c08        0xc ./RTOSDemo/webserver/http-strings.o
                0x00014c08                http_texthtml
 .rodata.http_location
                0x00014c14        0xc ./RTOSDemo/webserver/http-strings.o
                0x00014c14                http_location
 .rodata.http_host
                0x00014c20        0x8 ./RTOSDemo/webserver/http-strings.o
                0x00014c20                http_host
 .rodata.http_crnl
                0x00014c28        0x4 ./RTOSDemo/webserver/http-strings.o
                0x00014c28                http_crnl
 .rodata.http_index_html
                0x00014c2c        0xc ./RTOSDemo/webserver/http-strings.o
                0x00014c2c                http_index_html
 .rodata.http_404_html
                0x00014c38        0xc ./RTOSDemo/webserver/http-strings.o
                0x00014c38                http_404_html
 .rodata.http_referer
                0x00014c44        0xc ./RTOSDemo/webserver/http-strings.o
                0x00014c44                http_referer
 .rodata.http_header_200
                0x00014c50       0x54 ./RTOSDemo/webserver/http-strings.o
                0x00014c50                http_header_200
 .rodata.http_header_404
                0x00014ca4       0x5c ./RTOSDemo/webserver/http-strings.o
                0x00014ca4                http_header_404
 .rodata.http_content_type_plain
                0x00014d00       0x20 ./RTOSDemo/webserver/http-strings.o
                0x00014d00                http_content_type_plain
 .rodata.http_content_type_html
                0x00014d20       0x1c ./RTOSDemo/webserver/http-strings.o
                0x00014d20                http_content_type_html
 .rodata.http_content_type_css
                0x00014d3c       0x1c ./RTOSDemo/webserver/http-strings.o
                0x00014d3c                http_content_type_css
 .rodata.http_content_type_text
                0x00014d58       0x1c ./RTOSDemo/webserver/http-strings.o
                0x00014d58                http_content_type_text
 .rodata.http_content_type_png
                0x00014d74       0x1c ./RTOSDemo/webserver/http-strings.o
                0x00014d74                http_content_type_png
 .rodata.http_content_type_gif
                0x00014d90       0x1c ./RTOSDemo/webserver/http-strings.o
                0x00014d90                http_content_type_gif
 .rodata.http_content_type_jpg
                0x00014dac       0x20 ./RTOSDemo/webserver/http-strings.o
                0x00014dac                http_content_type_jpg
 .rodata.http_content_type_binary
                0x00014dcc       0x2c ./RTOSDemo/webserver/http-strings.o
                0x00014dcc                http_content_type_binary
 .rodata.http_html
                0x00014df8        0x8 ./RTOSDemo/webserver/http-strings.o
                0x00014df8                http_html
 .rodata.http_shtml
                0x00014e00        0x8 ./RTOSDemo/webserver/http-strings.o
                0x00014e00                http_shtml
 .rodata.http_htm
                0x00014e08        0x8 ./RTOSDemo/webserver/http-strings.o
                0x00014e08                http_htm
 .rodata.http_css
                0x00014e10        0x8 ./RTOSDemo/webserver/http-strings.o
                0x00014e10                http_css
 .rodata.http_png
                0x00014e18        0x8 ./RTOSDemo/webserver/http-strings.o
                0x00014e18                http_png
 .rodata.http_gif
                0x00014e20        0x8 ./RTOSDemo/webserver/http-strings.o
                0x00014e20                http_gif
 .rodata.http_jpg
                0x00014e28        0x8 ./RTOSDemo/webserver/http-strings.o
                0x00014e28                http_jpg
 .rodata.http_text
                0x00014e30        0x8 ./RTOSDemo/webserver/http-strings.o
                0x00014e30                http_text
 .rodata.http_txt
                0x00014e38        0x8 ./RTOSDemo/webserver/http-strings.o
                0x00014e38                http_txt
 .rodata.broadcast_ethaddr
                0x00014e40        0x8 ../FreeRTOS/Demo/Common/ethernet/uIP/uip-1.0/uip/uip_arp.o
 .rodata.broadcast_ipaddr
                0x00014e48        0x4 ../FreeRTOS/Demo/Common/ethernet/uIP/uip-1.0/uip/uip_arp.o
 .rodata        0x00014e4c       0x14 ../FreeRTOS/Demo/Common/ethernet/uIP/uip-1.0/uip/psock.o
 .rodata.all_ones_addr
                0x00014e60        0x4 ../FreeRTOS/Demo/Common/ethernet/uIP/uip-1.0/uip/uip.o
 .rodata.all_zeroes_addr