Archive member included because of file (symbol)

driverlib/gcc/libdriver.a(ethernet.o)
                              ./webserver/emac.o (EthernetInitExpClk)
driverlib/gcc/libdriver.a(flash.o)
                              ./webserver/uIP_Task.o (FlashUserGet)
driverlib/gcc/libdriver.a(gpio.o)
                              ./ParTest/ParTest.o (GPIODirModeSet)
driverlib/gcc/libdriver.a(i2s.o)
                              ./evalbot_drivers/sound.o (I2STxEnable)
driverlib/gcc/libdriver.a(interrupt.o)
                              driverlib/gcc/libdriver.a(ethernet.o) (IntRegister)
driverlib/gcc/libdriver.a(sysctl.o)
                              main.o (SysCtlPeripheralPresent)
driverlib/gcc/libdriver.a(timer.o)
                              timertest.o (TimerEnable)
driverlib/gcc/libdriver.a(cpu.o)
                              driverlib/gcc/libdriver.a(interrupt.o) (CPUcpsid)
d:/sourcery_codebench_lite_for_arm_eabi/bin/../lib/gcc/arm-none-eabi/4.6.1/../../../../arm-none-eabi/lib/thumb2\libc.a(lib_a-memcmp.o)
                              ../../../Source/tasks.o (memcmp)
d:/sourcery_codebench_lite_for_arm_eabi/bin/../lib/gcc/arm-none-eabi/4.6.1/../../../../arm-none-eabi/lib/thumb2\libc.a(lib_a-memcpy.o)
                              ./webserver/httpd.o (memcpy)
d:/sourcery_codebench_lite_for_arm_eabi/bin/../lib/gcc/arm-none-eabi/4.6.1/../../../../arm-none-eabi/lib/thumb2\libc.a(lib_a-memset.o)
                              ../../Common/Minimal/IntQueue.o (memset)
d:/sourcery_codebench_lite_for_arm_eabi/bin/../lib/gcc/arm-none-eabi/4.6.1/../../../../arm-none-eabi/lib/thumb2\libc.a(lib_a-strcat.o)
                              ./webserver/httpd-cgi.o (strcat)
d:/sourcery_codebench_lite_for_arm_eabi/bin/../lib/gcc/arm-none-eabi/4.6.1/../../../../arm-none-eabi/lib/thumb2\libc.a(lib_a-strchr.o)
                              ./webserver/uIP_Task.o (strchr)
d:/sourcery_codebench_lite_for_arm_eabi/bin/../lib/gcc/arm-none-eabi/4.6.1/../../../../arm-none-eabi/lib/thumb2\libc.a(lib_a-strcpy.o)
                              ./webserver/uIP_Task.o (strcpy)
d:/sourcery_codebench_lite_for_arm_eabi/bin/../lib/gcc/arm-none-eabi/4.6.1/../../../../arm-none-eabi/lib/thumb2\libc.a(lib_a-strlen.o)
                              ./evalbot_drivers/display96x16x1.o (strlen)
d:/sourcery_codebench_lite_for_arm_eabi/bin/../lib/gcc/arm-none-eabi/4.6.1/../../../../arm-none-eabi/lib/thumb2\libc.a(lib_a-strncmp.o)
                              driverlib/ustdlib.o (strncmp)
d:/sourcery_codebench_lite_for_arm_eabi/bin/../lib/gcc/arm-none-eabi/4.6.1/../../../../arm-none-eabi/lib/thumb2\libc.a(lib_a-strncpy.o)
                              driverlib/ustdlib.o (strncpy)
d:/sourcery_codebench_lite_for_arm_eabi/bin/../lib/gcc/arm-none-eabi/4.6.1/../../../../arm-none-eabi/lib/thumb2\libc.a(lib_a-strrchr.o)
                              ./webserver/httpd.o (strrchr)
d:/sourcery_codebench_lite_for_arm_eabi/bin/../lib/gcc/arm-none-eabi/4.6.1/../../../../arm-none-eabi/lib/thumb2\libc.a(lib_a-strstr.o)
                              ./webserver/uIP_Task.o (strstr)
d:/sourcery_codebench_lite_for_arm_eabi/bin/../lib/gcc/arm-none-eabi/4.6.1/../../../../arm-none-eabi/lib/thumb2\libc.a(lib_a-memchr.o)
                              d:/sourcery_codebench_lite_for_arm_eabi/bin/../lib/gcc/arm-none-eabi/4.6.1/../../../../arm-none-eabi/lib/thumb2\libc.a(lib_a-strstr.o) (memchr)

Allocating common symbols
Common symbol       size              file

uip_len             0x2               ../../Common/ethernet/uIP/uip-1.0/uip/uip.o
xOLEDQueue          0x4               main.o
pcStatus            0x4               ./webserver/httpd-cgi.o
xHighPriorityTask   0x4               ../../Common/Minimal/QPeek.o
uip_sappdata        0x4               ../../Common/ethernet/uIP/uip-1.0/uip/uip.o
uip_acc32           0x4               ../../Common/ethernet/uIP/uip-1.0/uip/uip.o
xMediumPriorityTask
                    0x4               ../../Common/Minimal/QPeek.o
xQueueRegistry      0x50              ../../../Source/queue.o
uip_flags           0x1               ../../Common/ethernet/uIP/uip-1.0/uip/uip.o
xHighPriorityNormallyEmptyTask2
                    0x4               ../../Common/Minimal/IntQueue.o
xHighPriorityNormallyFullTask1
                    0x4               ../../Common/Minimal/IntQueue.o
uip_appdata         0x4               ../../Common/ethernet/uIP/uip-1.0/uip/uip.o
uip_conn            0x4               ../../Common/ethernet/uIP/uip-1.0/uip/uip.o
uip_conns           0x1fe0            ../../Common/ethernet/uIP/uip-1.0/uip/uip.o
xHighPriorityNormallyEmptyTask1
                    0x4               ../../Common/Minimal/IntQueue.o
xHighestPriorityTask
                    0x4               ../../Common/Minimal/QPeek.o
xCreatedTask        0x4               ../../Common/Minimal/death.o
uip_listenports     0x50              ../../Common/ethernet/uIP/uip-1.0/uip/uip.o
[...]
Memory Configuration

Name             Origin             Length             Attributes
FLASH            0x00000000         0x00040000         xr
SRAM             0x20000000         0x00018000         xrw
*default*        0x00000000         0xffffffff

Linker script and memory map

LOAD main.o
LOAD timertest.o
LOAD ./ParTest/ParTest.o
LOAD ./evalbot_drivers/dac.o
LOAD ./evalbot_drivers/display96x16x1.o
LOAD ./evalbot_drivers/io.o
LOAD ./evalbot_drivers/motor.o
LOAD ./evalbot_drivers/sensors.o
LOAD ./evalbot_drivers/sound.o
LOAD ./evalbot_drivers/wav.o
LOAD driverlib/ustdlib.o
LOAD ../../Common/Minimal/BlockQ.o
LOAD ../../Common/Minimal/blocktim.o
LOAD ../../Common/Minimal/death.o
LOAD ../../Common/Minimal/integer.o
LOAD ../../Common/Minimal/PollQ.o
LOAD ../../Common/Minimal/semtest.o
LOAD ../../Common/Minimal/GenQTest.o
LOAD ../../Common/Minimal/QPeek.o
LOAD ../../Common/Minimal/recmutex.o
LOAD ../../Common/Minimal/IntQueue.o
LOAD ./IntQueueTimer.o
LOAD ./webserver/uIP_Task.o
LOAD ./webserver/emac.o
LOAD ./webserver/httpd.o
LOAD ./webserver/httpd-cgi.o
LOAD ./webserver/httpd-fs.o
LOAD ./webserver/http-strings.o
LOAD ../../Common/ethernet/uIP/uip-1.0/uip/uip_arp.o
LOAD ../../Common/ethernet/uIP/uip-1.0/uip/psock.o
LOAD ../../Common/ethernet/uIP/uip-1.0/uip/timer.o
LOAD ../../Common/ethernet/uIP/uip-1.0/uip/uip.o
LOAD ../../../Source/list.o
LOAD ../../../Source/queue.o
LOAD ../../../Source/tasks.o
LOAD ../../../Source/portable/GCC/ARM_CM3/port.o
LOAD ../../../Source/portable/MemMang/heap_2.o
LOAD startup.o
LOAD driverlib/gcc/libdriver.a
LOAD driverlib/gcc/libgr.a
START GROUP
LOAD d:/sourcery_codebench_lite_for_arm_eabi/bin/../lib/gcc/arm-none-eabi/4.6.1/thumb2\libgcc.a
LOAD d:/sourcery_codebench_lite_for_arm_eabi/bin/../lib/gcc/arm-none-eabi/4.6.1/../../../../arm-none-eabi/lib/thumb2\libc.a
END GROUP

.text           0x00000000    0x15024
 *(.isr_vector)
 .isr_vector    0x00000000       0xf0 startup.o
                0x00000000                g_pfnVectors
 *(.text*)
 .text          0x000000f0        0x0 main.o
 .text.main     0x000000f0       0xec main.o
                0x000000f0                main
 .text.prvSetupHardware
                0x000001dc       0x50 main.o
 .text.vApplicationTickHook
                0x0000022c      0x1c4 main.o
                0x0000022c                vApplicationTickHook
 .text.vOLEDTask
                0x000003f0      0x12c main.o
 .text.vApplicationStackOverflowHook
                0x0000051c        0xc main.o
                0x0000051c                vApplicationStackOverflowHook
 .text          0x00000528        0x0 timertest.o
 .text.vSetupHighFrequencyTimer
                0x00000528       0xc0 timertest.o
                0x00000528                vSetupHighFrequencyTimer
 .text.Timer0IntHandler
                0x000005e8       0xa8 timertest.o
                0x000005e8                Timer0IntHandler
 .text          0x00000690        0x0 ./ParTest/ParTest.o
 .text.vParTestInitialise
                0x00000690       0x48 ./ParTest/ParTest.o
                0x00000690                vParTestInitialise
 .text.vParTestSetLED
                0x000006d8       0x28 ./ParTest/ParTest.o
                0x000006d8                vParTestSetLED
 .text.uxParTestGetLED
                0x00000700       0x24 ./ParTest/ParTest.o
                0x00000700                uxParTestGetLED
 .text          0x00000724        0x0 ./evalbot_drivers/dac.o
 .text.DACWriteRegister
                0x00000724      0x1e4 ./evalbot_drivers/dac.o
 .text.DACReadRegister
                0x00000908      0x228 ./evalbot_drivers/dac.o
 .text.DACInit  0x00000b30      0x270 ./evalbot_drivers/dac.o
                0x00000b30                DACInit
 .text.DACVolumeSet
                0x00000da0       0x74 ./evalbot_drivers/dac.o
                0x00000da0                DACVolumeSet
 .text.DACVolumeGet
                0x00000e14       0x18 ./evalbot_drivers/dac.o
                0x00000e14                DACVolumeGet
 .text.DACClassDEn
                0x00000e2c       0x14 ./evalbot_drivers/dac.o
                0x00000e2c                DACClassDEn
 .text.DACClassDDis
                0x00000e40       0x14 ./evalbot_drivers/dac.o
                0x00000e40                DACClassDDis
 .text          0x00000e54        0x0 ./evalbot_drivers/display96x16x1.o
 .text.Display96x16x1WriteFirst
                0x00000e54       0x6c ./evalbot_drivers/display96x16x1.o
 .text.Display96x16x1WriteByte
                0x00000ec0       0x8c ./evalbot_drivers/display96x16x1.o
 .text.Display96x16x1WriteArray
                0x00000f4c       0xa4 ./evalbot_drivers/display96x16x1.o
 .text.Display96x16x1WriteFinal
                0x00000ff0       0xcc ./evalbot_drivers/display96x16x1.o
 .text.Display96x16x1ClearLine
                0x000010bc       0x60 ./evalbot_drivers/display96x16x1.o
                0x000010bc                Display96x16x1ClearLine
 .text.Display96x16x1Clear
                0x0000111c       0x18 ./evalbot_drivers/display96x16x1.o
                0x0000111c                Display96x16x1Clear
 .text.Display96x16x1StringDrawLen
                0x00001134      0x150 ./evalbot_drivers/display96x16x1.o
                0x00001134                Display96x16x1StringDrawLen
 .text.Display96x16x1StringDraw
                0x00001284       0x24 ./evalbot_drivers/display96x16x1.o
                0x00001284                Display96x16x1StringDraw
 .text.Display96x16x1StringDrawCentered
                0x000012a8       0x74 ./evalbot_drivers/display96x16x1.o
                0x000012a8                Display96x16x1StringDrawCentered
 .text.Display96x16x1ImageDraw
                0x0000131c       0xc8 ./evalbot_drivers/display96x16x1.o
                0x0000131c                Display96x16x1ImageDraw
 .text.Display96x16x1Init
                0x000013e4      0x258 ./evalbot_drivers/display96x16x1.o
                0x000013e4                Display96x16x1Init
 .text.Display96x16x1DisplayOn
                0x0000163c       0x9c ./evalbot_drivers/display96x16x1.o
                0x0000163c                Display96x16x1DisplayOn
 .text.Display96x16x1DisplayOff
                0x000016d8       0x38 ./evalbot_drivers/display96x16x1.o
                0x000016d8                Display96x16x1DisplayOff
 .text          0x00001710        0x0 ./evalbot_drivers/io.o
 .text.PushButtonsInit
                0x00001710       0x68 ./evalbot_drivers/io.o
                0x00001710                PushButtonsInit
 .text.PushButtonDebouncer
                0x00001778      0x124 ./evalbot_drivers/io.o
                0x00001778                PushButtonDebouncer
 .text.PushButtonGetStatus
                0x0000189c       0x84 ./evalbot_drivers/io.o
                0x0000189c                PushButtonGetStatus
 .text.PushButtonGetDebounced
                0x00001920       0x5c ./evalbot_drivers/io.o
                0x00001920                PushButtonGetDebounced
 .text.LEDsInit
                0x0000197c       0x48 ./evalbot_drivers/io.o
                0x0000197c                LEDsInit
 .text.LED_On   0x000019c4       0x84 ./evalbot_drivers/io.o
                0x000019c4                LED_On
 .text.LED_Off  0x00001a48       0x84 ./evalbot_drivers/io.o
                0x00001a48                LED_Off
 .text.LED_Toggle
                0x00001acc       0xfc ./evalbot_drivers/io.o
                0x00001acc                LED_Toggle
 .text          0x00001bc8        0x0 ./evalbot_drivers/motor.o
 .text.MotorsInit
                0x00001bc8      0x320 ./evalbot_drivers/motor.o
                0x00001bc8                MotorsInit
 .text.MotorDir
                0x00001ee8       0xa8 ./evalbot_drivers/motor.o
                0x00001ee8                MotorDir
 .text.MotorRun
                0x00001f90       0x44 ./evalbot_drivers/motor.o
                0x00001f90                MotorRun
 .text.MotorStop
                0x00001fd4       0x5c ./evalbot_drivers/motor.o
                0x00001fd4                MotorStop
 .text.MotorSpeed
                0x00002030       0xcc ./evalbot_drivers/motor.o
                0x00002030                MotorSpeed
 .text          0x000020fc        0x0 ./evalbot_drivers/sensors.o
 .text.BumpSensorsInit
                0x000020fc       0x68 ./evalbot_drivers/sensors.o
                0x000020fc                BumpSensorsInit
 .text.BumpSensorGetStatus
                0x00002164       0x80 ./evalbot_drivers/sensors.o
                0x00002164                BumpSensorGetStatus
 .text.BumpSensorDebouncer
                0x000021e4      0x124 ./evalbot_drivers/sensors.o
                0x000021e4                BumpSensorDebouncer
 .text.BumpSensorGetDebounced
                0x00002308       0x58 ./evalbot_drivers/sensors.o
                0x00002308                BumpSensorGetDebounced
 .text.WheelSensorsInit
                0x00002360      0x1b0 ./evalbot_drivers/sensors.o
                0x00002360                WheelSensorsInit
 .text.WheelSensorEnable
                0x00002510       0x24 ./evalbot_drivers/sensors.o
                0x00002510                WheelSensorEnable
 .text.WheelSensorDisable
                0x00002534       0x24 ./evalbot_drivers/sensors.o
                0x00002534                WheelSensorDisable
 .text.WheelSensorIntEnable
                0x00002558       0x94 ./evalbot_drivers/sensors.o
                0x00002558                WheelSensorIntEnable
 .text.WheelSensorIntDisable
                0x000025ec       0x58 ./evalbot_drivers/sensors.o
                0x000025ec                WheelSensorIntDisable
 .text.WheelSensorIntHandler
                0x00002644      0x15c ./evalbot_drivers/sensors.o
                0x00002644                WheelSensorIntHandler
 .text          0x000027a0        0x0 ./evalbot_drivers/sound.o
 .text.SoundInit
                0x000027a0      0x1e0 ./evalbot_drivers/sound.o
                0x000027a0                SoundInit
 .text.SoundIntHandler
                0x00002980      0x174 ./evalbot_drivers/sound.o
                0x00002980                SoundIntHandler
 .text.SoundSetFormat
                0x00002af4      0x2f4 ./evalbot_drivers/sound.o
                0x00002af4                SoundSetFormat
 .text.SoundSampleRateGet
                0x00002de8       0x18 ./evalbot_drivers/sound.o
                0x00002de8                SoundSampleRateGet
 .text.SoundBufferPlay
                0x00002e00      0x2c0 ./evalbot_drivers/sound.o
                0x00002e00                SoundBufferPlay
 .text.SoundVolumeSet
                0x000030c0       0x18 ./evalbot_drivers/sound.o
                0x000030c0                SoundVolumeSet
 .text.SoundVolumeGet
                0x000030d8       0x18 ./evalbot_drivers/sound.o
                0x000030d8                SoundVolumeGet
 .text.SoundVolumeDown
                0x000030f0       0x60 ./evalbot_drivers/sound.o
                0x000030f0                SoundVolumeDown
 .text.SoundVolumeUp
                0x00003150       0x58 ./evalbot_drivers/sound.o
                0x00003150                SoundVolumeUp
 .text.SoundClassDEn
                0x000031a8        0xc ./evalbot_drivers/sound.o
                0x000031a8                SoundClassDEn
 .text.SoundClassDDis
                0x000031b4        0xc ./evalbot_drivers/sound.o
                0x000031b4                SoundClassDDis
 .text          0x000031c0        0x0 ./evalbot_drivers/wav.o
 .text.BufferCallback
                0x000031c0       0x78 ./evalbot_drivers/wav.o
 .text.WaveConvert8Bit
                0x00003238       0x44 ./evalbot_drivers/wav.o
 .text.WaveOpen
                0x0000327c      0x1f4 ./evalbot_drivers/wav.o
                0x0000327c                WaveOpen
 .text.WaveStop
                0x00003470       0x24 ./evalbot_drivers/wav.o
                0x00003470                WaveStop
 .text.WaveRead
                0x00003494       0xb8 ./evalbot_drivers/wav.o
 .text.WavePlayStart
                0x0000354c       0x3c ./evalbot_drivers/wav.o
                0x0000354c                WavePlayStart
 .text.WavePlayContinue
                0x00003588      0x134 ./evalbot_drivers/wav.o
                0x00003588                WavePlayContinue
 .text.WaveGetTime
                0x000036bc       0xa0 ./evalbot_drivers/wav.o
                0x000036bc                WaveGetTime
 .text.WavePlaybackStatus
                0x0000375c       0x24 ./evalbot_drivers/wav.o
                0x0000375c                WavePlaybackStatus
 .text          0x00003780        0x0 driverlib/ustdlib.o
 .text.uvsnprintf
                0x00003780      0x5bc driverlib/ustdlib.o
                0x00003780                uvsnprintf
 .text.usprintf
                0x00003d3c       0x34 driverlib/ustdlib.o
                0x00003d3c                usprintf
 .text.usnprintf
                0x00003d70       0x34 driverlib/ustdlib.o
                0x00003d70                usnprintf
 .text.ulocaltime
                0x00003da4      0x1e0 driverlib/ustdlib.o
                0x00003da4                ulocaltime
 .text.ustrtoul
                0x00003f84      0x184 driverlib/ustdlib.o
                0x00003f84                ustrtoul
 .text.ustrstr  0x00004108       0x48 driverlib/ustdlib.o
                0x00004108                ustrstr
 .text.ustrnicmp
                0x00004150       0xb4 driverlib/ustdlib.o
                0x00004150                ustrnicmp
 .text.ustrcasecmp
                0x00004204       0x24 driverlib/ustdlib.o
                0x00004204                ustrcasecmp
 .text          0x00004228        0x0 ../../Common/Minimal/BlockQ.o
 .text.vStartBlockingQueueTasks
                0x00004228      0x244 ../../Common/Minimal/BlockQ.o
                0x00004228                vStartBlockingQueueTasks
 .text.vBlockingQueueProducer
                0x0000446c       0x64 ../../Common/Minimal/BlockQ.o
 .text.vBlockingQueueConsumer
                0x000044d0       0x74 ../../Common/Minimal/BlockQ.o
 .text.xAreBlockingQueuesStillRunning
                0x00004544       0xc4 ../../Common/Minimal/BlockQ.o
                0x00004544                xAreBlockingQueuesStillRunning
 .text          0x00004608        0x0 ../../Common/Minimal/blocktim.o
 .text.vCreateBlockTimeTasks
                0x00004608       0xac ../../Common/Minimal/blocktim.o
                0x00004608                vCreateBlockTimeTasks
 .text.vPrimaryBlockTimeTestTask
                0x000046b4      0x468 ../../Common/Minimal/blocktim.o
 .text.vSecondaryBlockTimeTestTask
                0x00004b1c      0x148 ../../Common/Minimal/blocktim.o
 .text.xAreBlockTimeTestTasksStillRunning
                0x00004c64       0x94 ../../Common/Minimal/blocktim.o
                0x00004c64                xAreBlockTimeTestTasksStillRunning
 .text          0x00004cf8        0x0 ../../Common/Minimal/death.o
 .text.vCreateSuicidalTasks
                0x00004cf8       0x78 ../../Common/Minimal/death.o
                0x00004cf8                vCreateSuicidalTasks
 .text.vSuicidalTask
                0x00004d70       0x60 ../../Common/Minimal/death.o
 .text.vCreateTasks
                0x00004dd0       0xb8 ../../Common/Minimal/death.o
 .text.xIsCreateTaskStillRunning
                0x00004e88       0xac ../../Common/Minimal/death.o
                0x00004e88                xIsCreateTaskStillRunning
 .text          0x00004f34        0x0 ../../Common/Minimal/integer.o
 .text.vStartIntegerMathTasks
                0x00004f34       0x68 ../../Common/Minimal/integer.o
                0x00004f34                vStartIntegerMathTasks
 .text.vCompeteingIntMathTask
                0x00004f9c       0x80 ../../Common/Minimal/integer.o
 .text.xAreIntegerMathsTaskStillRunning
                0x0000501c       0x60 ../../Common/Minimal/integer.o
                0x0000501c                xAreIntegerMathsTaskStillRunning
 .text          0x0000507c        0x0 ../../Common/Minimal/PollQ.o
 .text.vStartPolledQueueTasks
                0x0000507c       0xb0 ../../Common/Minimal/PollQ.o
                0x0000507c                vStartPolledQueueTasks
 .text.vPolledQueueProducer
                0x0000512c       0x8c ../../Common/Minimal/PollQ.o
 .text.vPolledQueueConsumer
                0x000051b8       0x94 ../../Common/Minimal/PollQ.o
 .text.xArePollingQueuesStillRunning
                0x0000524c       0x5c ../../Common/Minimal/PollQ.o
                0x0000524c                xArePollingQueuesStillRunning
 .text          0x000052a8        0x0 ../../Common/Minimal/semtest.o
 .text.vStartSemaphoreTasks
                0x000052a8      0x1d4 ../../Common/Minimal/semtest.o
                0x000052a8                vStartSemaphoreTasks
 .text.prvSemaphoreTest
                0x0000547c      0x13c ../../Common/Minimal/semtest.o
 .text.xAreSemaphoreTasksStillRunning
                0x000055b8       0x7c ../../Common/Minimal/semtest.o
                0x000055b8                xAreSemaphoreTasksStillRunning
 .text          0x00005634        0x0 ../../Common/Minimal/GenQTest.o
 .text.vStartGenericQueueTasks
                0x00005634      0x118 ../../Common/Minimal/GenQTest.o
                0x00005634                vStartGenericQueueTasks
 .text.prvSendFrontAndBackTest
                0x0000574c      0x468 ../../Common/Minimal/GenQTest.o
 .text.prvLowPriorityMutexTask
                0x00005bb4      0x160 ../../Common/Minimal/GenQTest.o
 .text.prvMediumPriorityMutexTask
                0x00005d14       0x2c ../../Common/Minimal/GenQTest.o
 .text.prvHighPriorityMutexTask
                0x00005d40       0x68 ../../Common/Minimal/GenQTest.o
 .text.xAreGenericQueueTasksStillRunning
                0x00005da8       0x94 ../../Common/Minimal/GenQTest.o
                0x00005da8                xAreGenericQueueTasksStillRunning
 .text          0x00005e3c        0x0 ../../Common/Minimal/QPeek.o
 .text.vStartQueuePeekTasks
                0x00005e3c      0x104 ../../Common/Minimal/QPeek.o
                0x00005e3c                vStartQueuePeekTasks
 .text.prvHighestPriorityPeekTask
                0x00005f40      0x168 ../../Common/Minimal/QPeek.o
 .text.prvHighPriorityPeekTask
                0x000060a8       0xc0 ../../Common/Minimal/QPeek.o
 .text.prvMediumPriorityPeekTask
                0x00006168       0x8c ../../Common/Minimal/QPeek.o
 .text.prvLowPriorityPeekTask
                0x000061f4      0x174 ../../Common/Minimal/QPeek.o
 .text.xAreQueuePeekTasksStillRunning
                0x00006368       0x58 ../../Common/Minimal/QPeek.o
                0x00006368                xAreQueuePeekTasksStillRunning
 .text          0x000063c0        0x0 ../../Common/Minimal/recmutex.o
 .text.vStartRecursiveMutexTasks
                0x000063c0       0xe8 ../../Common/Minimal/recmutex.o
                0x000063c0                vStartRecursiveMutexTasks
 .text.prvRecursiveMutexControllingTask
                0x000064a8      0x118 ../../Common/Minimal/recmutex.o
 .text.prvRecursiveMutexBlockingTask
                0x000065c0       0xdc ../../Common/Minimal/recmutex.o
 .text.prvRecursiveMutexPollingTask
                0x0000669c       0xdc ../../Common/Minimal/recmutex.o
 .text.xAreRecursiveMutexTasksStillRunning
                0x00006778       0xe4 ../../Common/Minimal/recmutex.o
                0x00006778                xAreRecursiveMutexTasksStillRunning
 .text          0x0000685c        0x0 ../../Common/Minimal/IntQueue.o
 .text.vStartInterruptQueueTasks
                0x0000685c      0x1bc ../../Common/Minimal/IntQueue.o
                0x0000685c                vStartInterruptQueueTasks
 .text.prvRecordValue_NormallyFull
                0x00006a18       0x44 ../../Common/Minimal/IntQueue.o
 .text.prvRecordValue_NormallyEmpty
                0x00006a5c       0x44 ../../Common/Minimal/IntQueue.o
 .text.prvQueueAccessLogError
                0x00006aa0       0x2c ../../Common/Minimal/IntQueue.o
 .text.prvHigherPriorityNormallyEmptyTask
                0x00006acc      0x1cc ../../Common/Minimal/IntQueue.o
 .text.prvLowerPriorityNormallyEmptyTask
                0x00006c98       0xf4 ../../Common/Minimal/IntQueue.o
 .text.prv1stHigherPriorityNormallyFullTask
                0x00006d8c      0x1c4 ../../Common/Minimal/IntQueue.o
 .text.prv2ndHigherPriorityNormallyFullTask
                0x00006f50       0xe4 ../../Common/Minimal/IntQueue.o
 .text.prvLowerPriorityNormallyFullTask
                0x00007034       0xd0 ../../Common/Minimal/IntQueue.o
 .text.xFirstTimerHandler
                0x00007104      0x204 ../../Common/Minimal/IntQueue.o
                0x00007104                xFirstTimerHandler
 .text.xSecondTimerHandler
                0x00007308      0x338 ../../Common/Minimal/IntQueue.o
                0x00007308                xSecondTimerHandler
 .text.xAreIntQueueTasksStillRunning
                0x00007640       0xe4 ../../Common/Minimal/IntQueue.o
                0x00007640                xAreIntQueueTasksStillRunning
 .text          0x00007724        0x0 ./IntQueueTimer.o
 .text.vInitialiseTimerForIntQueueTest
                0x00007724       0xe8 ./IntQueueTimer.o
                0x00007724                vInitialiseTimerForIntQueueTest
 .text.vT2InterruptHandler
                0x0000780c       0x24 ./IntQueueTimer.o
                0x0000780c                vT2InterruptHandler
 .text.vT3InterruptHandler
                0x00007830       0x24 ./IntQueueTimer.o
                0x00007830                vT3InterruptHandler
 .text          0x00007854        0x0 ./webserver/uIP_Task.o
 .text.clock_init
                0x00007854        0xc ./webserver/uIP_Task.o
                0x00007854                clock_init
 .text.clock_time
                0x00007860       0x10 ./webserver/uIP_Task.o
                0x00007860                clock_time
 .text.vuIP_Task
                0x00007870      0x208 ./webserver/uIP_Task.o
                0x00007870                vuIP_Task
 .text.prvENET_Send
                0x00007a78       0x20 ./webserver/uIP_Task.o
 .text.prvSetMACAddress
                0x00007a98       0xc4 ./webserver/uIP_Task.o
 .text.vApplicationProcessFormInput
                0x00007b5c       0xe0 ./webserver/uIP_Task.o
                0x00007b5c                vApplicationProcessFormInput
 .text          0x00007c3c        0x0 ./webserver/emac.o
 .text.vInitEMAC
                0x00007c3c      0x160 ./webserver/emac.o
                0x00007c3c                vInitEMAC
 .text.uiGetEMACRxData
                0x00007d9c       0xac ./webserver/emac.o
                0x00007d9c                uiGetEMACRxData
 .text.vInitialiseSend
                0x00007e48       0x18 ./webserver/emac.o
                0x00007e48                vInitialiseSend
 .text.vIncrementTxLength
                0x00007e60       0x2c ./webserver/emac.o
                0x00007e60                vIncrementTxLength
 .text.vSendBufferToMAC
                0x00007e8c       0x98 ./webserver/emac.o
                0x00007e8c                vSendBufferToMAC
 .text.vEMAC_ISR
                0x00007f24       0x78 ./webserver/emac.o
                0x00007f24                vEMAC_ISR
 .text.vMACHandleTask
                0x00007f9c      0x180 ./webserver/emac.o
                0x00007f9c                vMACHandleTask
 .text          0x0000811c        0x0 ./webserver/httpd.o
 .text.generate_part_of_file
                0x0000811c       0x78 ./webserver/httpd.o
 .text.send_file
                0x00008194       0x94 ./webserver/httpd.o
 .text.send_part_of_file
                0x00008228       0x68 ./webserver/httpd.o
 .text.next_scriptstate
                0x00008290       0x50 ./webserver/httpd.o
 .text.handle_script
                0x000082e0      0x22c ./webserver/httpd.o
 .text.send_headers
                0x0000850c      0x2d4 ./webserver/httpd.o
 .text.handle_output
                0x000087e0      0x17c ./webserver/httpd.o
 .text.handle_input
                0x0000895c      0x1e0 ./webserver/httpd.o
 .text.handle_connection
                0x00008b3c       0x28 ./webserver/httpd.o
 .text.httpd_appcall
                0x00008b64      0x118 ./webserver/httpd.o
                0x00008b64                httpd_appcall
 .text.httpd_init
                0x00008c7c       0x10 ./webserver/httpd.o
                0x00008c7c                httpd_init
 .text          0x00008c8c        0x0 ./webserver/httpd-cgi.o
 .text.nullfunction
                0x00008c8c       0x30 ./webserver/httpd-cgi.o
 .text.httpd_cgi
                0x00008cbc       0x64 ./webserver/httpd-cgi.o
                0x00008cbc                httpd_cgi
 .text.generate_file_stats
                0x00008d20       0x40 ./webserver/httpd-cgi.o
 .text.file_stats
                0x00008d60       0x74 ./webserver/httpd-cgi.o
 .text.generate_tcp_stats
                0x00008dd4      0x120 ./webserver/httpd-cgi.o
 .text.tcp_stats
                0x00008ef4       0xb4 ./webserver/httpd-cgi.o
 .text.generate_net_stats
                0x00008fa8       0x4c ./webserver/httpd-cgi.o
 .text.net_stats
                0x00008ff4       0x8c ./webserver/httpd-cgi.o
 .text.generate_rtos_stats
                0x00009080       0x88 ./webserver/httpd-cgi.o
 .text.rtos_stats
                0x00009108       0x68 ./webserver/httpd-cgi.o
 .text.generate_io_state
                0x00009170       0x80 ./webserver/httpd-cgi.o
 .text.generate_runtime_stats
                0x000091f0       0x88 ./webserver/httpd-cgi.o
 .text.run_time
                0x00009278       0x6c ./webserver/httpd-cgi.o
 .text.led_io   0x000092e4       0x6c ./webserver/httpd-cgi.o
 .text          0x00009350        0x0 ./webserver/httpd-fs.o
 .text.httpd_fs_strcmp
                0x00009350       0x6c ./webserver/httpd-fs.o
 .text.httpd_fs_open
                0x000093bc       0x88 ./webserver/httpd-fs.o
                0x000093bc                httpd_fs_open
 .text.httpd_fs_init
                0x00009444       0x38 ./webserver/httpd-fs.o
                0x00009444                httpd_fs_init
 .text.httpd_fs_count
                0x0000947c       0x60 ./webserver/httpd-fs.o
                0x0000947c                httpd_fs_count
 .text          0x000094dc        0x0 ./webserver/http-strings.o
 .text          0x000094dc        0x0 ../../Common/ethernet/uIP/uip-1.0/uip/uip_arp.o
 .text.uip_arp_init
                0x000094dc       0x8c ../../Common/ethernet/uIP/uip-1.0/uip/uip_arp.o
                0x000094dc                uip_arp_init
 .text.uip_arp_timer
                0x00009568       0xd8 ../../Common/ethernet/uIP/uip-1.0/uip/uip_arp.o
                0x00009568                uip_arp_timer
 .text.uip_arp_update
                0x00009640      0x248 ../../Common/ethernet/uIP/uip-1.0/uip/uip_arp.o
 .text.uip_arp_ipin
                0x00009888       0xac ../../Common/ethernet/uIP/uip-1.0/uip/uip_arp.o
                0x00009888                uip_arp_ipin
 .text.uip_arp_arpin
                0x00009934      0x244 ../../Common/ethernet/uIP/uip-1.0/uip/uip_arp.o
                0x00009934                uip_arp_arpin
 .text.uip_arp_out
                0x00009b78      0x394 ../../Common/ethernet/uIP/uip-1.0/uip/uip_arp.o
                0x00009b78                uip_arp_out
 .text          0x00009f0c        0x0 ../../Common/ethernet/uIP/uip-1.0/uip/psock.o
 .text.buf_setup
                0x00009f0c       0x24 ../../Common/ethernet/uIP/uip-1.0/uip/psock.o
 .text.buf_bufdata
                0x00009f30      0x118 ../../Common/ethernet/uIP/uip-1.0/uip/psock.o
 .text.buf_bufto
                0x0000a048       0xa0 ../../Common/ethernet/uIP/uip-1.0/uip/psock.o
 .text.send_data
                0x0000a0e8       0x6c ../../Common/ethernet/uIP/uip-1.0/uip/psock.o
 .text.data_acked
                0x0000a154       0x84 ../../Common/ethernet/uIP/uip-1.0/uip/psock.o
 .text.psock_send
                0x0000a1d8       0x94 ../../Common/ethernet/uIP/uip-1.0/uip/psock.o
                0x0000a1d8                psock_send
 .text.psock_generator_send
                0x0000a26c       0xb4 ../../Common/ethernet/uIP/uip-1.0/uip/psock.o
                0x0000a26c                psock_generator_send
 .text.psock_datalen
                0x0000a320       0x24 ../../Common/ethernet/uIP/uip-1.0/uip/psock.o
                0x0000a320                psock_datalen
 .text.psock_newdata
                0x0000a344       0x58 ../../Common/ethernet/uIP/uip-1.0/uip/psock.o
                0x0000a344                psock_newdata
 .text.psock_readto
                0x0000a39c       0xc8 ../../Common/ethernet/uIP/uip-1.0/uip/psock.o
                0x0000a39c                psock_readto
 .text.psock_readbuf
                0x0000a464       0xd0 ../../Common/ethernet/uIP/uip-1.0/uip/psock.o
                0x0000a464                psock_readbuf
 .text.psock_init
                0x0000a534       0x48 ../../Common/ethernet/uIP/uip-1.0/uip/psock.o
                0x0000a534                psock_init
 .text          0x0000a57c        0x0 ../../Common/ethernet/uIP/uip-1.0/uip/timer.o
 .text.timer_set
                0x0000a57c       0x24 ../../Common/ethernet/uIP/uip-1.0/uip/timer.o
                0x0000a57c                timer_set
 .text.timer_reset
                0x0000a5a0       0x20 ../../Common/ethernet/uIP/uip-1.0/uip/timer.o
                0x0000a5a0                timer_reset
 .text.timer_restart
                0x0000a5c0       0x1c ../../Common/ethernet/uIP/uip-1.0/uip/timer.o
                0x0000a5c0                timer_restart
 .text.timer_expired
                0x0000a5dc       0x2c ../../Common/ethernet/uIP/uip-1.0/uip/timer.o
                0x0000a5dc                timer_expired
 .text          0x0000a608        0x0 ../../Common/ethernet/uIP/uip-1.0/uip/uip.o
 .text.uip_setipid
                0x0000a608       0x20 ../../Common/ethernet/uIP/uip-1.0/uip/uip.o
                0x0000a608                uip_setipid
 .text.uip_add32
                0x0000a628      0x144 ../../Common/ethernet/uIP/uip-1.0/uip/uip.o
                0x0000a628                uip_add32
 .text.chksum   0x0000a76c       0x98 ../../Common/ethernet/uIP/uip-1.0/uip/uip.o
 .text.uip_chksum
                0x0000a804       0x30 ../../Common/ethernet/uIP/uip-1.0/uip/uip.o
                0x0000a804                uip_chksum
 .text.uip_ipchksum
                0x0000a834       0x48 ../../Common/ethernet/uIP/uip-1.0/uip/uip.o
                0x0000a834                uip_ipchksum
 .text.upper_layer_chksum
                0x0000a87c       0xa8 ../../Common/ethernet/uIP/uip-1.0/uip/uip.o
 .text.uip_tcpchksum
                0x0000a924       0x14 ../../Common/ethernet/uIP/uip-1.0/uip/uip.o
                0x0000a924                uip_tcpchksum
 .text.uip_udpchksum
                0x0000a938       0x14 ../../Common/ethernet/uIP/uip-1.0/uip/uip.o
                0x0000a938                uip_udpchksum
 .text.uip_init
                0x0000a94c       0xcc ../../Common/ethernet/uIP/uip-1.0/uip/uip.o
                0x0000a94c                uip_init
 .text.uip_connect
                0x0000aa18      0x1d0 ../../Common/ethernet/uIP/uip-1.0/uip/uip.o
                0x0000aa18                uip_connect
 .text.uip_unlisten
                0x0000abe8       0x88 ../../Common/ethernet/uIP/uip-1.0/uip/uip.o
                0x0000abe8                uip_unlisten
 .text.uip_listen
                0x0000ac70       0x84 ../../Common/ethernet/uIP/uip-1.0/uip/uip.o
                0x0000ac70                uip_listen
 .text.uip_add_rcv_nxt
                0x0000acf4       0x84 ../../Common/ethernet/uIP/uip-1.0/uip/uip.o
 .text.uip_process
                0x0000ad78     0x1ea4 ../../Common/ethernet/uIP/uip-1.0/uip/uip.o
                0x0000ad78                uip_process
 .text.htons    0x0000cc1c       0x30 ../../Common/ethernet/uIP/uip-1.0/uip/uip.o
                0x0000cc1c                htons
 .text.uip_send
                0x0000cc4c       0x58 ../../Common/ethernet/uIP/uip-1.0/uip/uip.o
                0x0000cc4c                uip_send
 .text          0x0000cca4        0x0 ../../../Source/list.o
 .text.vListInitialise
                0x0000cca4       0x40 ../../../Source/list.o
                0x0000cca4                vListInitialise
 .text.vListInitialiseItem
                0x0000cce4       0x1c ../../../Source/list.o
                0x0000cce4                vListInitialiseItem
 .text.vListInsertEnd
                0x0000cd00       0x50 ../../../Source/list.o
                0x0000cd00                vListInsertEnd
 .text.vListInsert
                0x0000cd50       0x74 ../../../Source/list.o
                0x0000cd50                vListInsert
 .text.vListRemove
                0x0000cdc4       0x54 ../../../Source/list.o
                0x0000cdc4                vListRemove
 .text          0x0000ce18        0x0 ../../../Source/queue.o
 .text.xQueueGenericReset
                0x0000ce18       0xac ../../../Source/queue.o
                0x0000ce18                xQueueGenericReset
 .text.xQueueGenericCreate
                0x0000cec4       0x84 ../../../Source/queue.o
                0x0000cec4                xQueueGenericCreate
 .text.xQueueCreateMutex
                0x0000cf48       0xa0 ../../../Source/queue.o
                0x0000cf48                xQueueCreateMutex
 .text.xQueueGiveMutexRecursive
                0x0000cfe8       0x58 ../../../Source/queue.o
                0x0000cfe8                xQueueGiveMutexRecursive
 .text.xQueueTakeMutexRecursive
                0x0000d040       0x5c ../../../Source/queue.o
                0x0000d040                xQueueTakeMutexRecursive
 .text.xQueueGenericSend
                0x0000d09c      0x120 ../../../Source/queue.o
                0x0000d09c                xQueueGenericSend
 .text.xQueueGenericSendFromISR
                0x0000d1bc       0x90 ../../../Source/queue.o
                0x0000d1bc                xQueueGenericSendFromISR
 .text.xQueueGenericReceive
                0x0000d24c      0x188 ../../../Source/queue.o
                0x0000d24c                xQueueGenericReceive
 .text.xQueueReceiveFromISR
                0x0000d3d4       0x94 ../../../Source/queue.o
                0x0000d3d4                xQueueReceiveFromISR
 .text.uxQueueMessagesWaiting
                0x0000d468       0x24 ../../../Source/queue.o
                0x0000d468                uxQueueMessagesWaiting
 .text.uxQueueMessagesWaitingFromISR
                0x0000d48c       0x1c ../../../Source/queue.o
                0x0000d48c                uxQueueMessagesWaitingFromISR
 .text.vQueueDelete
                0x0000d4a8       0x28 ../../../Source/queue.o
                0x0000d4a8                vQueueDelete
 .text.ucQueueGetQueueNumber
                0x0000d4d0       0x1c ../../../Source/queue.o
                0x0000d4d0                ucQueueGetQueueNumber
 .text.vQueueSetQueueNumber
                0x0000d4ec       0x20 ../../../Source/queue.o
                0x0000d4ec                vQueueSetQueueNumber
 .text.ucQueueGetQueueType
                0x0000d50c       0x1c ../../../Source/queue.o
                0x0000d50c                ucQueueGetQueueType
 .text.prvCopyDataToQueue
                0x0000d528       0xc8 ../../../Source/queue.o
 .text.prvCopyDataFromQueue
                0x0000d5f0       0x50 ../../../Source/queue.o
 .text.prvUnlockQueue
                0x0000d640       0xa0 ../../../Source/queue.o
 .text.prvIsQueueEmpty
                0x0000d6e0       0x2c ../../../Source/queue.o
 .text.xQueueIsQueueEmptyFromISR
                0x0000d70c       0x24 ../../../Source/queue.o
                0x0000d70c                xQueueIsQueueEmptyFromISR
 .text.prvIsQueueFull
                0x0000d730       0x30 ../../../Source/queue.o
 .text.xQueueIsQueueFullFromISR
                0x0000d760       0x28 ../../../Source/queue.o
                0x0000d760                xQueueIsQueueFullFromISR
 .text.vQueueAddToRegistry
                0x0000d788       0x64 ../../../Source/queue.o
                0x0000d788                vQueueAddToRegistry
 .text.vQueueUnregisterQueue
                0x0000d7ec       0x54 ../../../Source/queue.o
 .text          0x0000d840        0x0 ../../../Source/tasks.o
 .text.xTaskGenericCreate
                0x0000d840      0x1b8 ../../../Source/tasks.o
                0x0000d840                xTaskGenericCreate
 .text.vTaskDelete
                0x0000d9f8       0xc0 ../../../Source/tasks.o
                0x0000d9f8                vTaskDelete
 .text.vTaskDelayUntil
                0x0000dab8       0xb0 ../../../Source/tasks.o
                0x0000dab8                vTaskDelayUntil
 .text.vTaskDelay
                0x0000db68       0x5c ../../../Source/tasks.o
                0x0000db68                vTaskDelay
 .text.uxTaskPriorityGet
                0x0000dbc4       0x38 ../../../Source/tasks.o
                0x0000dbc4                uxTaskPriorityGet
 .text.vTaskPrioritySet
                0x0000dbfc      0x12c ../../../Source/tasks.o
                0x0000dbfc                vTaskPrioritySet
 .text.vTaskSuspend
                0x0000dd28       0xc0 ../../../Source/tasks.o
                0x0000dd28                vTaskSuspend
 .text.xTaskIsTaskSuspended
                0x0000dde8       0x50 ../../../Source/tasks.o
                0x0000dde8                xTaskIsTaskSuspended
 .text.vTaskResume
                0x0000de38       0xac ../../../Source/tasks.o
                0x0000de38                vTaskResume
 .text.xTaskResumeFromISR
                0x0000dee4       0xd4 ../../../Source/tasks.o
                0x0000dee4                xTaskResumeFromISR
 .text.vTaskStartScheduler
                0x0000dfb8       0x80 ../../../Source/tasks.o
                0x0000dfb8                vTaskStartScheduler
 .text.vTaskEndScheduler
                0x0000e038       0x20 ../../../Source/tasks.o
                0x0000e038                vTaskEndScheduler
 .text.vTaskSuspendAll
                0x0000e058       0x24 ../../../Source/tasks.o
                0x0000e058                vTaskSuspendAll
 .text.xTaskResumeAll
                0x0000e07c      0x154 ../../../Source/tasks.o
                0x0000e07c                xTaskResumeAll
 .text.xTaskGetTickCount
                0x0000e1d0       0x28 ../../../Source/tasks.o
                0x0000e1d0                xTaskGetTickCount
 .text.xTaskGetTickCountFromISR
                0x0000e1f8       0x38 ../../../Source/tasks.o
                0x0000e1f8                xTaskGetTickCountFromISR
 .text.uxTaskGetNumberOfTasks
                0x0000e230       0x18 ../../../Source/tasks.o
                0x0000e230                uxTaskGetNumberOfTasks
 .text.vTaskList
                0x0000e248      0x12c ../../../Source/tasks.o
                0x0000e248                vTaskList
 .text.vTaskGetRunTimeStats
                0x0000e374      0x144 ../../../Source/tasks.o
                0x0000e374                vTaskGetRunTimeStats
 .text.vTaskIncrementTick
                0x0000e4b8      0x1cc ../../../Source/tasks.o
                0x0000e4b8                vTaskIncrementTick
 .text.vTaskSwitchContext
                0x0000e684      0x180 ../../../Source/tasks.o
                0x0000e684                vTaskSwitchContext
 .text.vTaskPlaceOnEventList
                0x0000e804       0x78 ../../../Source/tasks.o
                0x0000e804                vTaskPlaceOnEventList
 .text.xTaskRemoveFromEventList
                0x0000e87c       0xc4 ../../../Source/tasks.o
                0x0000e87c                xTaskRemoveFromEventList
 .text.vTaskSetTimeOutState
                0x0000e940       0x30 ../../../Source/tasks.o
                0x0000e940                vTaskSetTimeOutState
 .text.xTaskCheckForTimeOut
                0x0000e970       0xa4 ../../../Source/tasks.o
                0x0000e970                xTaskCheckForTimeOut
 .text.vTaskMissedYield
                0x0000ea14       0x18 ../../../Source/tasks.o
                0x0000ea14                vTaskMissedYield
 .text.uxTaskGetTaskNumber
                0x0000ea2c       0x30 ../../../Source/tasks.o
                0x0000ea2c                uxTaskGetTaskNumber
 .text.vTaskSetTaskNumber
                0x0000ea5c       0x24 ../../../Source/tasks.o
                0x0000ea5c                vTaskSetTaskNumber
 .text.prvIdleTask
                0x0000ea80       0x10 ../../../Source/tasks.o
 .text.prvInitialiseTCBVariables
                0x0000ea90       0x80 ../../../Source/tasks.o
 .text.prvInitialiseTaskLists
                0x0000eb10       0xa4 ../../../Source/tasks.o
 .text.prvCheckTasksWaitingTermination
                0x0000ebb4       0x98 ../../../Source/tasks.o
 .text.prvAddCurrentTaskToDelayedList
                0x0000ec4c       0x8c ../../../Source/tasks.o
 .text.prvAllocateTCBAndStack
                0x0000ecd8       0x70 ../../../Source/tasks.o
 .text.prvListTaskWithinSingleList
                0x0000ed48       0xc4 ../../../Source/tasks.o
 .text.prvGenerateRunTimeStatsForTasksInList
                0x0000ee0c      0x108 ../../../Source/tasks.o
 .text.usTaskCheckFreeStackSpace
                0x0000ef14       0x38 ../../../Source/tasks.o
 .text.uxTaskGetStackHighWaterMark
                0x0000ef4c       0x3c ../../../Source/tasks.o
                0x0000ef4c                uxTaskGetStackHighWaterMark
 .text.prvDeleteTCB
                0x0000ef88       0x20 ../../../Source/tasks.o
 .text.xTaskGetCurrentTaskHandle
                0x0000efa8       0x20 ../../../Source/tasks.o
                0x0000efa8                xTaskGetCurrentTaskHandle
 .text.vTaskPriorityInherit
                0x0000efc8       0xd8 ../../../Source/tasks.o
                0x0000efc8                vTaskPriorityInherit
 .text.vTaskPriorityDisinherit
                0x0000f0a0       0x90 ../../../Source/tasks.o
                0x0000f0a0                vTaskPriorityDisinherit
 .text          0x0000f130        0x0 ../../../Source/portable/GCC/ARM_CM3/port.o
 .text.pxPortInitialiseStack
                0x0000f130       0x60 ../../../Source/portable/GCC/ARM_CM3/port.o
                0x0000f130                pxPortInitialiseStack
 .text.vPortSVCHandler
                0x0000f190       0x20 ../../../Source/portable/GCC/ARM_CM3/port.o
                0x0000f190                vPortSVCHandler
 .text.vPortStartFirstTask
                0x0000f1b0       0x14 ../../../Source/portable/GCC/ARM_CM3/port.o
                0x0000f1b0                vPortStartFirstTask
 .text.xPortStartScheduler
                0x0000f1c4       0x54 ../../../Source/portable/GCC/ARM_CM3/port.o
                0x0000f1c4                xPortStartScheduler
 .text.vPortEndScheduler
                0x0000f218        0xc ../../../Source/portable/GCC/ARM_CM3/port.o
                0x0000f218                vPortEndScheduler
 .text.vPortYieldFromISR
                0x0000f224       0x18 ../../../Source/portable/GCC/ARM_CM3/port.o
                0x0000f224                vPortYieldFromISR
 .text.vPortEnterCritical
                0x0000f23c       0x2c ../../../Source/portable/GCC/ARM_CM3/port.o
                0x0000f23c                vPortEnterCritical
 .text.vPortExitCritical
                0x0000f268       0x38 ../../../Source/portable/GCC/ARM_CM3/port.o
                0x0000f268                vPortExitCritical
 .text.xPortPendSVHandler
                0x0000f2a0       0x3c ../../../Source/portable/GCC/ARM_CM3/port.o
                0x0000f2a0                xPortPendSVHandler
 .text.xPortSysTickHandler
                0x0000f2dc       0x38 ../../../Source/portable/GCC/ARM_CM3/port.o
                0x0000f2dc                xPortSysTickHandler
 .text.prvSetupTimerInterrupt
                0x0000f314       0x28 ../../../Source/portable/GCC/ARM_CM3/port.o
 .text          0x0000f33c        0x0 ../../../Source/portable/MemMang/heap_2.o
 .text.pvPortMalloc
                0x0000f33c      0x1b0 ../../../Source/portable/MemMang/heap_2.o
                0x0000f33c                pvPortMalloc
 .text.vPortFree
                0x0000f4ec       0x88 ../../../Source/portable/MemMang/heap_2.o
                0x0000f4ec                vPortFree
 .text.xPortGetFreeHeapSize
                0x0000f574       0x18 ../../../Source/portable/MemMang/heap_2.o
                0x0000f574                xPortGetFreeHeapSize
 .text.vPortInitialiseBlocks
                0x0000f58c        0xc ../../../Source/portable/MemMang/heap_2.o
                0x0000f58c                vPortInitialiseBlocks
 .text          0x0000f598        0x0 startup.o
 .text.NmiSR    0x0000f598        0x4 startup.o
 .text.FaultISR
                0x0000f59c        0x4 startup.o
 .text.IntDefaultHandler
                0x0000f5a0        0x4 startup.o
 .text.ResetISR
                0x0000f5a4       0x6c startup.o
                0x0000f5a4                ResetISR
 .text.uipprintf
                0x0000f610        0xc startup.o
                0x0000f610                uipprintf
 .text          0x0000f61c        0x0 driverlib/gcc/libdriver.a(ethernet.o)
 .text.EthernetPacketGetInternal
                0x0000f61c       0x84 driverlib/gcc/libdriver.a(ethernet.o)
 .text.EthernetPacketPutInternal
                0x0000f6a0       0x76 driverlib/gcc/libdriver.a(ethernet.o)
 *fill*         0x0000f716        0x2 00
 .text.EthernetInitExpClk
                0x0000f718       0x14 driverlib/gcc/libdriver.a(ethernet.o)
                0x0000f718                EthernetInitExpClk
 .text.EthernetConfigSet
                0x0000f72c       0x34 driverlib/gcc/libdriver.a(ethernet.o)
                0x0000f72c                EthernetConfigSet
 .text.EthernetConfigGet
                0x0000f760       0x18 driverlib/gcc/libdriver.a(ethernet.o)
                0x0000f760                EthernetConfigGet
 .text.EthernetMACAddrSet
                0x0000f778       0x36 driverlib/gcc/libdriver.a(ethernet.o)
                0x0000f778                EthernetMACAddrSet
 .text.EthernetMACAddrGet
                0x0000f7ae       0x28 driverlib/gcc/libdriver.a(ethernet.o)
                0x0000f7ae                EthernetMACAddrGet
 .text.EthernetEnable
                0x0000f7d6       0x22 driverlib/gcc/libdriver.a(ethernet.o)
                0x0000f7d6                EthernetEnable
 .text.EthernetDisable
                0x0000f7f8       0x22 driverlib/gcc/libdriver.a(ethernet.o)
                0x0000f7f8                EthernetDisable
 .text.EthernetPacketAvail
                0x0000f81a        0xe driverlib/gcc/libdriver.a(ethernet.o)
                0x0000f81a                EthernetPacketAvail
 .text.EthernetSpaceAvail
                0x0000f828        0xc driverlib/gcc/libdriver.a(ethernet.o)
                0x0000f828                EthernetSpaceAvail
 .text.EthernetPacketGetNonBlocking
                0x0000f834       0x10 driverlib/gcc/libdriver.a(ethernet.o)
                0x0000f834                EthernetPacketGetNonBlocking
 .text.EthernetPacketGet
                0x0000f844        0xc driverlib/gcc/libdriver.a(ethernet.o)
                0x0000f844                EthernetPacketGet
 .text.EthernetPacketPutNonBlocking
                0x0000f850       0x10 driverlib/gcc/libdriver.a(ethernet.o)
                0x0000f850                EthernetPacketPutNonBlocking
 .text.EthernetPacketPut
                0x0000f860        0xc driverlib/gcc/libdriver.a(ethernet.o)
                0x0000f860                EthernetPacketPut
 .text.EthernetIntRegister
                0x0000f86c       0x12 driverlib/gcc/libdriver.a(ethernet.o)
                0x0000f86c                EthernetIntRegister
 .text.EthernetIntUnregister
                0x0000f87e       0x12 driverlib/gcc/libdriver.a(ethernet.o)
                0x0000f87e                EthernetIntUnregister
 .text.EthernetIntEnable
                0x0000f890        0x8 driverlib/gcc/libdriver.a(ethernet.o)
                0x0000f890                EthernetIntEnable
 .text.EthernetIntDisable
                0x0000f898        0xa driverlib/gcc/libdriver.a(ethernet.o)
                0x0000f898                EthernetIntDisable
 .text.EthernetIntStatus
                0x0000f8a2        0xc driverlib/gcc/libdriver.a(ethernet.o)
                0x0000f8a2                EthernetIntStatus
 .text.EthernetIntClear
                0x0000f8ae        0x4 driverlib/gcc/libdriver.a(ethernet.o)
                0x0000f8ae                EthernetIntClear
 .text.EthernetPHYWrite
                0x0000f8b2       0x28 driverlib/gcc/libdriver.a(ethernet.o)
                0x0000f8b2                EthernetPHYWrite
 .text.EthernetPHYRead
                0x0000f8da       0x26 driverlib/gcc/libdriver.a(ethernet.o)
                0x0000f8da                EthernetPHYRead
 .text.EthernetPHYPowerOff
                0x0000f900       0x1e driverlib/gcc/libdriver.a(ethernet.o)
                0x0000f900                EthernetPHYPowerOff
 .text.EthernetPHYPowerOn
                0x0000f91e       0x1e driverlib/gcc/libdriver.a(ethernet.o)
                0x0000f91e                EthernetPHYPowerOn
 .text          0x0000f93c        0x0 driverlib/gcc/libdriver.a(flash.o)
 .text.FlashUsecGet
                0x0000f93c        0xc driverlib/gcc/libdriver.a(flash.o)
                0x0000f93c                FlashUsecGet
 .text.FlashUsecSet
                0x0000f948        0xc driverlib/gcc/libdriver.a(flash.o)
                0x0000f948                FlashUsecSet
 .text.FlashErase
                0x0000f954       0x3c driverlib/gcc/libdriver.a(flash.o)
                0x0000f954                FlashErase
 .text.FlashProgram
                0x0000f990       0xa8 driverlib/gcc/libdriver.a(flash.o)
                0x0000f990                FlashProgram
 .text.FlashProtectGet
                0x0000fa38       0x84 driverlib/gcc/libdriver.a(flash.o)
                0x0000fa38                FlashProtectGet
 .text.FlashProtectSet
                0x0000fabc      0x104 driverlib/gcc/libdriver.a(flash.o)
                0x0000fabc                FlashProtectSet
 .text.FlashProtectSave
                0x0000fbc0       0x50 driverlib/gcc/libdriver.a(flash.o)
                0x0000fbc0                FlashProtectSave
 .text.FlashUserGet
                0x0000fc10       0x44 driverlib/gcc/libdriver.a(flash.o)
                0x0000fc10                FlashUserGet
 .text.FlashUserSet
                0x0000fc54       0x3c driverlib/gcc/libdriver.a(flash.o)
                0x0000fc54                FlashUserSet
 .text.FlashUserSave
                0x0000fc90       0x68 driverlib/gcc/libdriver.a(flash.o)
                0x0000fc90                FlashUserSave
 .text.FlashIntRegister
                0x0000fcf8       0x14 driverlib/gcc/libdriver.a(flash.o)
                0x0000fcf8                FlashIntRegister
 .text.FlashIntUnregister
                0x0000fd0c       0x12 driverlib/gcc/libdriver.a(flash.o)
                0x0000fd0c                FlashIntUnregister
 *fill*         0x0000fd1e        0x2 00
 .text.FlashIntEnable
                0x0000fd20       0x10 driverlib/gcc/libdriver.a(flash.o)
                0x0000fd20                FlashIntEnable
 .text.FlashIntDisable
                0x0000fd30       0x10 driverlib/gcc/libdriver.a(flash.o)
                0x0000fd30                FlashIntDisable
 .text.FlashIntStatus
                0x0000fd40       0x18 driverlib/gcc/libdriver.a(flash.o)
                0x0000fd40                FlashIntStatus
 .text.FlashIntClear
                0x0000fd58        0xc driverlib/gcc/libdriver.a(flash.o)
                0x0000fd58                FlashIntClear
 .text          0x0000fd64        0x0 driverlib/gcc/libdriver.a(gpio.o)
 .text.GPIOGetIntNumber
                0x0000fd64       0xf4 driverlib/gcc/libdriver.a(gpio.o)
 .text.GPIODirModeSet
                0x0000fe58       0x2e driverlib/gcc/libdriver.a(gpio.o)
                0x0000fe58                GPIODirModeSet
 .text.GPIODirModeGet
                0x0000fe86       0x24 driverlib/gcc/libdriver.a(gpio.o)
                0x0000fe86                GPIODirModeGet
 .text.GPIOIntTypeSet
                0x0000feaa       0x48 driverlib/gcc/libdriver.a(gpio.o)
                0x0000feaa                GPIOIntTypeSet
 .text.GPIOIntTypeGet
                0x0000fef2       0x32 driverlib/gcc/libdriver.a(gpio.o)
                0x0000fef2                GPIOIntTypeGet
 .text.GPIOPadConfigSet
                0x0000ff24       0xc8 driverlib/gcc/libdriver.a(gpio.o)
                0x0000ff24                GPIOPadConfigSet
 .text.GPIOPadConfigGet
                0x0000ffec       0x78 driverlib/gcc/libdriver.a(gpio.o)
                0x0000ffec                GPIOPadConfigGet
 .text.GPIOPinIntEnable
                0x00010064        0xc driverlib/gcc/libdriver.a(gpio.o)
                0x00010064                GPIOPinIntEnable
 .text.GPIOPinIntDisable
                0x00010070        0xe driverlib/gcc/libdriver.a(gpio.o)
                0x00010070                GPIOPinIntDisable
 .text.GPIOPinIntStatus
                0x0001007e        0xe driverlib/gcc/libdriver.a(gpio.o)
                0x0001007e                GPIOPinIntStatus
 .text.GPIOPinIntClear
                0x0001008c        0x6 driverlib/gcc/libdriver.a(gpio.o)
                0x0001008c                GPIOPinIntClear
 .text.GPIOPortIntRegister
                0x00010092       0x1a driverlib/gcc/libdriver.a(gpio.o)
                0x00010092                GPIOPortIntRegister
 .text.GPIOPortIntUnregister
                0x000100ac       0x16 driverlib/gcc/libdriver.a(gpio.o)
                0x000100ac                GPIOPortIntUnregister
 .text.GPIOPinRead
                0x000100c2        0x6 driverlib/gcc/libdriver.a(gpio.o)
                0x000100c2                GPIOPinRead
 .text.GPIOPinWrite
                0x000100c8        0x6 driverlib/gcc/libdriver.a(gpio.o)
                0x000100c8                GPIOPinWrite
 .text.GPIOPinTypeADC
                0x000100ce       0x1c driverlib/gcc/libdriver.a(gpio.o)
                0x000100ce                GPIOPinTypeADC
 .text.GPIOPinTypeCAN
                0x000100ea       0x1c driverlib/gcc/libdriver.a(gpio.o)
                0x000100ea                GPIOPinTypeCAN
 .text.GPIOPinTypeComparator
                0x00010106       0x1c driverlib/gcc/libdriver.a(gpio.o)
                0x00010106                GPIOPinTypeComparator
 .text.GPIOPinTypeGPIOInput
                0x00010122       0x1c driverlib/gcc/libdriver.a(gpio.o)
                0x00010122                GPIOPinTypeGPIOInput
 .text.GPIOPinTypeGPIOOutput
                0x0001013e       0x1c driverlib/gcc/libdriver.a(gpio.o)
                0x0001013e                GPIOPinTypeGPIOOutput
 .text.GPIOPinTypeGPIOOutputOD
                0x0001015a       0x1c driverlib/gcc/libdriver.a(gpio.o)
                0x0001015a                GPIOPinTypeGPIOOutputOD
 .text.GPIOPinTypeI2C
                0x00010176       0x1c driverlib/gcc/libdriver.a(gpio.o)
                0x00010176                GPIOPinTypeI2C
 .text.GPIOPinTypePWM
                0x00010192       0x1c driverlib/gcc/libdriver.a(gpio.o)
                0x00010192                GPIOPinTypePWM
 .text.GPIOPinTypeQEI
                0x000101ae       0x1c driverlib/gcc/libdriver.a(gpio.o)
                0x000101ae                GPIOPinTypeQEI
 .text.GPIOPinTypeSSI
                0x000101ca       0x1c driverlib/gcc/libdriver.a(gpio.o)
                0x000101ca                GPIOPinTypeSSI
 .text.GPIOPinTypeTimer
                0x000101e6       0x1c driverlib/gcc/libdriver.a(gpio.o)
                0x000101e6                GPIOPinTypeTimer
 .text.GPIOPinTypeUART
                0x00010202       0x1c driverlib/gcc/libdriver.a(gpio.o)
                0x00010202                GPIOPinTypeUART
 .text.GPIOPinTypeUSBDigital
                0x0001021e       0x1c driverlib/gcc/libdriver.a(gpio.o)
                0x0001021e                GPIOPinTypeUSBDigital
 .text.GPIOPinTypeUSBAnalog
                0x0001023a       0x1c driverlib/gcc/libdriver.a(gpio.o)
                0x0001023a                GPIOPinTypeUSBAnalog
 .text.GPIOPinTypeI2S
                0x00010256       0x1c driverlib/gcc/libdriver.a(gpio.o)
                0x00010256                GPIOPinTypeI2S
 .text.GPIOPinTypeEthernetLED
                0x00010272       0x1c driverlib/gcc/libdriver.a(gpio.o)
                0x00010272                GPIOPinTypeEthernetLED
 .text.GPIOPinTypeEPI
                0x0001028e       0x1c driverlib/gcc/libdriver.a(gpio.o)
                0x0001028e                GPIOPinTypeEPI
 *fill*         0x000102aa        0x2 00
 .text.GPIOPinConfigure
                0x000102ac       0x4c driverlib/gcc/libdriver.a(gpio.o)
                0x000102ac                GPIOPinConfigure
 .text          0x000102f8        0x0 driverlib/gcc/libdriver.a(i2s.o)
 .text.I2STxEnable
                0x000102f8       0x12 driverlib/gcc/libdriver.a(i2s.o)
                0x000102f8                I2STxEnable
 .text.I2STxDisable
                0x0001030a        0xe driverlib/gcc/libdriver.a(i2s.o)
                0x0001030a                I2STxDisable
 .text.I2STxDataPut
                0x00010318        0xa driverlib/gcc/libdriver.a(i2s.o)
                0x00010318                I2STxDataPut
 .text.I2STxDataPutNonBlocking
                0x00010322       0x10 driverlib/gcc/libdriver.a(i2s.o)
                0x00010322                I2STxDataPutNonBlocking
 .text.I2STxConfigSet
                0x00010332       0x1a driverlib/gcc/libdriver.a(i2s.o)
                0x00010332                I2STxConfigSet
 .text.I2STxFIFOLimitSet
                0x0001034c        0x4 driverlib/gcc/libdriver.a(i2s.o)
                0x0001034c                I2STxFIFOLimitSet
 .text.I2STxFIFOLimitGet
                0x00010350        0x4 driverlib/gcc/libdriver.a(i2s.o)
                0x00010350                I2STxFIFOLimitGet
 .text.I2STxFIFOLevelGet
                0x00010354        0x4 driverlib/gcc/libdriver.a(i2s.o)
                0x00010354                I2STxFIFOLevelGet
 .text.I2SRxEnable
                0x00010358       0x14 driverlib/gcc/libdriver.a(i2s.o)
                0x00010358                I2SRxEnable
 .text.I2SRxDisable
                0x0001036c        0xe driverlib/gcc/libdriver.a(i2s.o)
                0x0001036c                I2SRxDisable
 .text.I2SRxDataGet
                0x0001037a       0x10 driverlib/gcc/libdriver.a(i2s.o)
                0x0001037a                I2SRxDataGet
 .text.I2SRxDataGetNonBlocking
                0x0001038a       0x14 driverlib/gcc/libdriver.a(i2s.o)
                0x0001038a                I2SRxDataGetNonBlocking
 .text.I2SRxConfigSet
                0x0001039e       0x36 driverlib/gcc/libdriver.a(i2s.o)
                0x0001039e                I2SRxConfigSet
 .text.I2SRxFIFOLimitSet
                0x000103d4        0x6 driverlib/gcc/libdriver.a(i2s.o)
                0x000103d4                I2SRxFIFOLimitSet
 .text.I2SRxFIFOLimitGet
                0x000103da        0xe driverlib/gcc/libdriver.a(i2s.o)
                0x000103da                I2SRxFIFOLimitGet
 .text.I2SRxFIFOLevelGet
                0x000103e8        0x6 driverlib/gcc/libdriver.a(i2s.o)
                0x000103e8                I2SRxFIFOLevelGet
 .text.I2STxRxEnable
                0x000103ee       0x16 driverlib/gcc/libdriver.a(i2s.o)
                0x000103ee                I2STxRxEnable
 .text.I2STxRxDisable
                0x00010404        0xe driverlib/gcc/libdriver.a(i2s.o)
                0x00010404                I2STxRxDisable
 .text.I2STxRxConfigSet
                0x00010412       0x48 driverlib/gcc/libdriver.a(i2s.o)
                0x00010412                I2STxRxConfigSet
 .text.I2SMasterClockSelect
                0x0001045a       0x10 driverlib/gcc/libdriver.a(i2s.o)
                0x0001045a                I2SMasterClockSelect
 .text.I2SIntEnable
                0x0001046a        0xc driverlib/gcc/libdriver.a(i2s.o)
                0x0001046a                I2SIntEnable
 .text.I2SIntDisable
                0x00010476        0xe driverlib/gcc/libdriver.a(i2s.o)
                0x00010476                I2SIntDisable
 .text.I2SIntStatus
                0x00010484        0xe driverlib/gcc/libdriver.a(i2s.o)
                0x00010484                I2SIntStatus
 .text.I2SIntClear
                0x00010492        0x6 driverlib/gcc/libdriver.a(i2s.o)
                0x00010492                I2SIntClear
 .text.I2SIntRegister
                0x00010498       0x12 driverlib/gcc/libdriver.a(i2s.o)
                0x00010498                I2SIntRegister
 .text.I2SIntUnregister
                0x000104aa       0x12 driverlib/gcc/libdriver.a(i2s.o)
                0x000104aa                I2SIntUnregister
 .text          0x000104bc        0x0 driverlib/gcc/libdriver.a(interrupt.o)
 .text.IntDefaultHandler
                0x000104bc        0x2 driverlib/gcc/libdriver.a(interrupt.o)
 .text.IntMasterEnable
                0x000104be        0xa driverlib/gcc/libdriver.a(interrupt.o)
                0x000104be                IntMasterEnable
 .text.IntMasterDisable
                0x000104c8        0xa driverlib/gcc/libdriver.a(interrupt.o)
                0x000104c8                IntMasterDisable
 *fill*         0x000104d2        0x2 00
 .text.IntRegister
                0x000104d4       0x30 driverlib/gcc/libdriver.a(interrupt.o)
                0x000104d4                IntRegister
 .text.IntUnregister
                0x00010504       0x14 driverlib/gcc/libdriver.a(interrupt.o)
                0x00010504                IntUnregister
 .text.IntPriorityGroupingSet
                0x00010518       0x1c driverlib/gcc/libdriver.a(interrupt.o)
                0x00010518                IntPriorityGroupingSet
 .text.IntPriorityGroupingGet
                0x00010534       0x24 driverlib/gcc/libdriver.a(interrupt.o)
                0x00010534                IntPriorityGroupingGet
 .text.IntPrioritySet
                0x00010558       0x28 driverlib/gcc/libdriver.a(interrupt.o)
                0x00010558                IntPrioritySet
 .text.IntPriorityGet
                0x00010580       0x1c driverlib/gcc/libdriver.a(interrupt.o)
                0x00010580                IntPriorityGet
 .text.IntEnable
                0x0001059c       0x70 driverlib/gcc/libdriver.a(interrupt.o)
                0x0001059c                IntEnable
 .text.IntDisable
                0x0001060c       0x70 driverlib/gcc/libdriver.a(interrupt.o)
                0x0001060c                IntDisable
 .text.IntPendSet
                0x0001067c       0x60 driverlib/gcc/libdriver.a(interrupt.o)
                0x0001067c                IntPendSet
 .text.IntPendClear
                0x000106dc       0x50 driverlib/gcc/libdriver.a(interrupt.o)
                0x000106dc                IntPendClear
 .text.IntPriorityMaskSet
                0x0001072c        0x4 driverlib/gcc/libdriver.a(interrupt.o)
                0x0001072c                IntPriorityMaskSet
 .text.IntPriorityMaskGet
                0x00010730        0x4 driverlib/gcc/libdriver.a(interrupt.o)
                0x00010730                IntPriorityMaskGet
 .text          0x00010734        0x0 driverlib/gcc/libdriver.a(sysctl.o)
 .text.SysCtlSRAMSizeGet
                0x00010734       0x14 driverlib/gcc/libdriver.a(sysctl.o)
                0x00010734                SysCtlSRAMSizeGet
 .text.SysCtlFlashSizeGet
                0x00010748       0x14 driverlib/gcc/libdriver.a(sysctl.o)
                0x00010748                SysCtlFlashSizeGet
 .text.SysCtlPinPresent
                0x0001075c       0x14 driverlib/gcc/libdriver.a(sysctl.o)
                0x0001075c                SysCtlPinPresent
 .text.SysCtlPeripheralPresent
                0x00010770       0x44 driverlib/gcc/libdriver.a(sysctl.o)
                0x00010770                SysCtlPeripheralPresent
 .text.SysCtlPeripheralReset
                0x000107b4       0x40 driverlib/gcc/libdriver.a(sysctl.o)
                0x000107b4                SysCtlPeripheralReset
 .text.SysCtlPeripheralEnable
                0x000107f4       0x20 driverlib/gcc/libdriver.a(sysctl.o)
                0x000107f4                SysCtlPeripheralEnable
 .text.SysCtlPeripheralDisable
                0x00010814       0x24 driverlib/gcc/libdriver.a(sysctl.o)
                0x00010814                SysCtlPeripheralDisable
 .text.SysCtlPeripheralSleepEnable
                0x00010838       0x20 driverlib/gcc/libdriver.a(sysctl.o)
                0x00010838                SysCtlPeripheralSleepEnable
 .text.SysCtlPeripheralSleepDisable
                0x00010858       0x24 driverlib/gcc/libdriver.a(sysctl.o)
                0x00010858                SysCtlPeripheralSleepDisable
 .text.SysCtlPeripheralDeepSleepEnable
                0x0001087c       0x20 driverlib/gcc/libdriver.a(sysctl.o)
                0x0001087c                SysCtlPeripheralDeepSleepEnable
 .text.SysCtlPeripheralDeepSleepDisable
                0x0001089c       0x24 driverlib/gcc/libdriver.a(sysctl.o)
                0x0001089c                SysCtlPeripheralDeepSleepDisable
 .text.SysCtlPeripheralClockGating
                0x000108c0       0x1c driverlib/gcc/libdriver.a(sysctl.o)
                0x000108c0                SysCtlPeripheralClockGating
 .text.SysCtlIntRegister
                0x000108dc       0x14 driverlib/gcc/libdriver.a(sysctl.o)
                0x000108dc                SysCtlIntRegister
 .text.SysCtlIntUnregister
                0x000108f0       0x12 driverlib/gcc/libdriver.a(sysctl.o)
                0x000108f0                SysCtlIntUnregister
 *fill*         0x00010902        0x2 00
 .text.SysCtlIntEnable
                0x00010904       0x10 driverlib/gcc/libdriver.a(sysctl.o)
                0x00010904                SysCtlIntEnable
 .text.SysCtlIntDisable
                0x00010914       0x10 driverlib/gcc/libdriver.a(sysctl.o)
                0x00010914                SysCtlIntDisable
 .text.SysCtlIntClear
                0x00010924        0xc driverlib/gcc/libdriver.a(sysctl.o)
                0x00010924                SysCtlIntClear
 .text.SysCtlIntStatus
                0x00010930       0x18 driverlib/gcc/libdriver.a(sysctl.o)
                0x00010930                SysCtlIntStatus
 .text.SysCtlLDOSet
                0x00010948        0xc driverlib/gcc/libdriver.a(sysctl.o)
                0x00010948                SysCtlLDOSet
 .text.SysCtlLDOGet
                0x00010954        0xc driverlib/gcc/libdriver.a(sysctl.o)
                0x00010954                SysCtlLDOGet
 .text.SysCtlLDOConfigSet
                0x00010960        0xc driverlib/gcc/libdriver.a(sysctl.o)
                0x00010960                SysCtlLDOConfigSet
 .text.SysCtlReset
                0x0001096c       0x10 driverlib/gcc/libdriver.a(sysctl.o)
                0x0001096c                SysCtlReset
 .text.SysCtlSleep
                0x0001097c        0x4 driverlib/gcc/libdriver.a(sysctl.o)
                0x0001097c                SysCtlSleep
 .text.SysCtlDeepSleep
                0x00010980       0x20 driverlib/gcc/libdriver.a(sysctl.o)
                0x00010980                SysCtlDeepSleep
 .text.SysCtlResetCauseGet
                0x000109a0        0xc driverlib/gcc/libdriver.a(sysctl.o)
                0x000109a0                SysCtlResetCauseGet
 .text.SysCtlResetCauseClear
                0x000109ac       0x10 driverlib/gcc/libdriver.a(sysctl.o)
                0x000109ac                SysCtlResetCauseClear
 .text.SysCtlBrownOutConfigSet
                0x000109bc       0x10 driverlib/gcc/libdriver.a(sysctl.o)
                0x000109bc                SysCtlBrownOutConfigSet
 .text.SysCtlDelay
                0x000109cc        0x6 driverlib/gcc/libdriver.a(sysctl.o)
                0x000109cc                SysCtlDelay
 *fill*         0x000109d2        0x2 00
 .text.SysCtlClockSet
                0x000109d4      0x158 driverlib/gcc/libdriver.a(sysctl.o)
                0x000109d4                SysCtlClockSet
 .text.SysCtlClockGet
                0x00010b2c      0x1dc driverlib/gcc/libdriver.a(sysctl.o)
                0x00010b2c                SysCtlClockGet
 .text.SysCtlPWMClockSet
                0x00010d08       0x14 driverlib/gcc/libdriver.a(sysctl.o)
                0x00010d08                SysCtlPWMClockSet
 .text.SysCtlPWMClockGet
                0x00010d1c       0x18 driverlib/gcc/libdriver.a(sysctl.o)
                0x00010d1c                SysCtlPWMClockGet
 .text.SysCtlADCSpeedSet
                0x00010d34       0x20 driverlib/gcc/libdriver.a(sysctl.o)
                0x00010d34                SysCtlADCSpeedSet
 .text.SysCtlADCSpeedGet
                0x00010d54       0x10 driverlib/gcc/libdriver.a(sysctl.o)
                0x00010d54                SysCtlADCSpeedGet
 .text.SysCtlIOSCVerificationSet
                0x00010d64       0x1c driverlib/gcc/libdriver.a(sysctl.o)
                0x00010d64                SysCtlIOSCVerificationSet
 .text.SysCtlMOSCVerificationSet
                0x00010d80       0x1c driverlib/gcc/libdriver.a(sysctl.o)
                0x00010d80                SysCtlMOSCVerificationSet
 .text.SysCtlPLLVerificationSet
                0x00010d9c       0x1c driverlib/gcc/libdriver.a(sysctl.o)
                0x00010d9c                SysCtlPLLVerificationSet
 .text.SysCtlClkVerificationClear
                0x00010db8       0x10 driverlib/gcc/libdriver.a(sysctl.o)
                0x00010db8                SysCtlClkVerificationClear
 .text.SysCtlGPIOAHBEnable
                0x00010dc8       0x14 driverlib/gcc/libdriver.a(sysctl.o)
                0x00010dc8                SysCtlGPIOAHBEnable
 .text.SysCtlGPIOAHBDisable
                0x00010ddc       0x14 driverlib/gcc/libdriver.a(sysctl.o)
                0x00010ddc                SysCtlGPIOAHBDisable
 .text.SysCtlUSBPLLEnable
                0x00010df0       0x10 driverlib/gcc/libdriver.a(sysctl.o)
                0x00010df0                SysCtlUSBPLLEnable
 .text.SysCtlUSBPLLDisable
                0x00010e00       0x10 driverlib/gcc/libdriver.a(sysctl.o)
                0x00010e00                SysCtlUSBPLLDisable
 .text.SysCtlI2SMClkSet
                0x00010e10       0xe4 driverlib/gcc/libdriver.a(sysctl.o)
                0x00010e10                SysCtlI2SMClkSet
 .text          0x00010ef4        0x0 driverlib/gcc/libdriver.a(timer.o)
 .text.TimerEnable
                0x00010ef4       0x12 driverlib/gcc/libdriver.a(timer.o)
                0x00010ef4                TimerEnable
 .text.TimerDisable
                0x00010f06       0x12 driverlib/gcc/libdriver.a(timer.o)
                0x00010f06                TimerDisable
 .text.TimerConfigure
                0x00010f18       0x20 driverlib/gcc/libdriver.a(timer.o)
                0x00010f18                TimerConfigure
 .text.TimerControlLevel
                0x00010f38       0x20 driverlib/gcc/libdriver.a(timer.o)
                0x00010f38                TimerControlLevel
 .text.TimerControlTrigger
                0x00010f58       0x20 driverlib/gcc/libdriver.a(timer.o)
                0x00010f58                TimerControlTrigger
 .text.TimerControlEvent
                0x00010f78       0x1c driverlib/gcc/libdriver.a(timer.o)
                0x00010f78                TimerControlEvent
 .text.TimerControlStall
                0x00010f94       0x20 driverlib/gcc/libdriver.a(timer.o)
                0x00010f94                TimerControlStall
 .text.TimerControlWaitOnTrigger
                0x00010fb4       0x34 driverlib/gcc/libdriver.a(timer.o)
                0x00010fb4                TimerControlWaitOnTrigger
 .text.TimerRTCEnable
                0x00010fe8        0xa driverlib/gcc/libdriver.a(timer.o)
                0x00010fe8                TimerRTCEnable
 .text.TimerRTCDisable
                0x00010ff2        0xa driverlib/gcc/libdriver.a(timer.o)
                0x00010ff2                TimerRTCDisable
 .text.TimerPrescaleSet
                0x00010ffc       0x12 driverlib/gcc/libdriver.a(timer.o)
                0x00010ffc                TimerPrescaleSet
 .text.TimerPrescaleGet
                0x0001100e        0xa driverlib/gcc/libdriver.a(timer.o)
                0x0001100e                TimerPrescaleGet
 .text.TimerPrescaleMatchSet
                0x00011018       0x12 driverlib/gcc/libdriver.a(timer.o)
                0x00011018                TimerPrescaleMatchSet
 .text.TimerPrescaleMatchGet
                0x0001102a        0xa driverlib/gcc/libdriver.a(timer.o)
                0x0001102a                TimerPrescaleMatchGet
 .text.TimerLoadSet
                0x00011034       0x12 driverlib/gcc/libdriver.a(timer.o)
                0x00011034                TimerLoadSet
 .text.TimerLoadGet
                0x00011046        0xa driverlib/gcc/libdriver.a(timer.o)
                0x00011046                TimerLoadGet
 .text.TimerValueGet
                0x00011050        0xa driverlib/gcc/libdriver.a(timer.o)
                0x00011050                TimerValueGet
 .text.TimerMatchSet
                0x0001105a       0x12 driverlib/gcc/libdriver.a(timer.o)
                0x0001105a                TimerMatchSet
 .text.TimerMatchGet
                0x0001106c        0xa driverlib/gcc/libdriver.a(timer.o)
                0x0001106c                TimerMatchGet
 *fill*         0x00011076        0x2 00
 .text.TimerIntRegister
                0x00011078       0x60 driverlib/gcc/libdriver.a(timer.o)
                0x00011078                TimerIntRegister
 .text.TimerIntUnregister
                0x000110d8       0x5c driverlib/gcc/libdriver.a(timer.o)
                0x000110d8                TimerIntUnregister
 .text.TimerIntEnable
                0x00011134        0x8 driverlib/gcc/libdriver.a(timer.o)
                0x00011134                TimerIntEnable
 .text.TimerIntDisable
                0x0001113c        0xa driverlib/gcc/libdriver.a(timer.o)
                0x0001113c                TimerIntDisable
 .text.TimerIntStatus
                0x00011146        0xa driverlib/gcc/libdriver.a(timer.o)
                0x00011146                TimerIntStatus
 .text.TimerIntClear
                0x00011150        0x4 driverlib/gcc/libdriver.a(timer.o)
                0x00011150                TimerIntClear
 .text.TimerQuiesce
                0x00011154       0x3c driverlib/gcc/libdriver.a(timer.o)
                0x00011154                TimerQuiesce
 .text          0x00011190        0x0 driverlib/gcc/libdriver.a(cpu.o)
 .text.CPUcpsid
                0x00011190        0x8 driverlib/gcc/libdriver.a(cpu.o)
                0x00011190                CPUcpsid
 .text.CPUprimask
                0x00011198        0x6 driverlib/gcc/libdriver.a(cpu.o)
                0x00011198                CPUprimask
 .text.CPUcpsie
                0x0001119e        0x8 driverlib/gcc/libdriver.a(cpu.o)
                0x0001119e                CPUcpsie
 .text.CPUwfi   0x000111a6        0x4 driverlib/gcc/libdriver.a(cpu.o)
                0x000111a6                CPUwfi
 .text.CPUbasepriSet
                0x000111aa        0x6 driverlib/gcc/libdriver.a(cpu.o)
                0x000111aa                CPUbasepriSet
 .text.CPUbasepriGet
                0x000111b0        0x6 driverlib/gcc/libdriver.a(cpu.o)
                0x000111b0                CPUbasepriGet
 *fill*         0x000111b6        0x2 00
 .text          0x000111b8       0x5c d:/sourcery_codebench_lite_for_arm_eabi/bin/../lib/gcc/arm-none-eabi/4.6.1/../../../../arm-none-eabi/lib/thumb2\libc.a(lib_a-memcmp.o)
                0x000111b8                memcmp
 .text          0x00011214       0xf0 d:/sourcery_codebench_lite_for_arm_eabi/bin/../lib/gcc/arm-none-eabi/4.6.1/../../../../arm-none-eabi/lib/thumb2\libc.a(lib_a-memcpy.o)
                0x00011214                memcpy
 .text          0x00011304       0x8c d:/sourcery_codebench_lite_for_arm_eabi/bin/../lib/gcc/arm-none-eabi/4.6.1/../../../../arm-none-eabi/lib/thumb2\libc.a(lib_a-memset.o)
                0x00011304                memset
 .text          0x00011390       0x48 d:/sourcery_codebench_lite_for_arm_eabi/bin/../lib/gcc/arm-none-eabi/4.6.1/../../../../arm-none-eabi/lib/thumb2\libc.a(lib_a-strcat.o)
                0x00011390                strcat
 .text          0x000113d8       0xf0 d:/sourcery_codebench_lite_for_arm_eabi/bin/../lib/gcc/arm-none-eabi/4.6.1/../../../../arm-none-eabi/lib/thumb2\libc.a(lib_a-strchr.o)
                0x000113d8                strchr
 .text          0x000114c8       0xbc d:/sourcery_codebench_lite_for_arm_eabi/bin/../lib/gcc/arm-none-eabi/4.6.1/../../../../arm-none-eabi/lib/thumb2\libc.a(lib_a-strcpy.o)
                0x000114c8                strcpy
 .text          0x00011584       0x60 d:/sourcery_codebench_lite_for_arm_eabi/bin/../lib/gcc/arm-none-eabi/4.6.1/../../../../arm-none-eabi/lib/thumb2\libc.a(lib_a-strlen.o)
                0x00011584                strlen
 .text          0x000115e4       0xa8 d:/sourcery_codebench_lite_for_arm_eabi/bin/../lib/gcc/arm-none-eabi/4.6.1/../../../../arm-none-eabi/lib/thumb2\libc.a(lib_a-strncmp.o)
                0x000115e4                strncmp
 .text          0x0001168c       0x74 d:/sourcery_codebench_lite_for_arm_eabi/bin/../lib/gcc/arm-none-eabi/4.6.1/../../../../arm-none-eabi/lib/thumb2\libc.a(lib_a-strncpy.o)
                0x0001168c                strncpy
 .text          0x00011700       0x28 d:/sourcery_codebench_lite_for_arm_eabi/bin/../lib/gcc/arm-none-eabi/4.6.1/../../../../arm-none-eabi/lib/thumb2\libc.a(lib_a-strrchr.o)
                0x00011700                strrchr
 .text          0x00011728      0x4c8 d:/sourcery_codebench_lite_for_arm_eabi/bin/../lib/gcc/arm-none-eabi/4.6.1/../../../../arm-none-eabi/lib/thumb2\libc.a(lib_a-strstr.o)
                0x000119dc                strstr
 .text          0x00011bf0       0x88 d:/sourcery_codebench_lite_for_arm_eabi/bin/../lib/gcc/arm-none-eabi/4.6.1/../../../../arm-none-eabi/lib/thumb2\libc.a(lib_a-memchr.o)
                0x00011bf0                memchr
 *(.rodata*)
 .rodata.pucBasicBitmap
                0x00011c78      0xc84 main.o
                0x00011c78                pucBasicBitmap
 .rodata.pucGrLibBitmap
                0x000128fc      0x6a8 main.o
                0x000128fc                pucGrLibBitmap
 .rodata        0x00012fa4      0x10c main.o
 .rodata.pcWelcomeMessage
                0x000130b0        0x4 main.o
                0x000130b0                pcWelcomeMessage
 .rodata.g_pucFont
                0x000130b4      0x1dc ./evalbot_drivers/display96x16x1.o
 .rodata.g_pucRITInit
                0x00013290       0x30 ./evalbot_drivers/display96x16x1.o
 .rodata.g_pucRITRow1
                0x000132c0        0x8 ./evalbot_drivers/display96x16x1.o
 .rodata.g_pucRITRow2
                0x000132c8        0x8 ./evalbot_drivers/display96x16x1.o
 .rodata        0x000132d0       0x10 ./evalbot_drivers/wav.o
 .rodata        0x000132e0       0x1c driverlib/ustdlib.o
 .rodata.g_pcHex
                0x000132fc        0x4 driverlib/ustdlib.o
 .rodata.g_psDaysToMonth
                0x00013300       0x18 driverlib/ustdlib.o
 .rodata        0x00013318       0x30 ../../Common/Minimal/BlockQ.o
 .rodata        0x00013348       0x24 ../../Common/Minimal/blocktim.o
 .rodata.uxMaxNumberOfExtraTasksRunning
                0x0001336c        0x4 ../../Common/Minimal/death.o
 .rodata        0x00013370       0x18 ../../Common/Minimal/death.o
 .rodata        0x00013388        0x8 ../../Common/Minimal/integer.o
 .rodata        0x00013390       0x20 ../../Common/Minimal/PollQ.o
 .rodata        0x000133b0       0x40 ../../Common/Minimal/semtest.o
 .rodata        0x000133f0       0x40 ../../Common/Minimal/GenQTest.o
 .rodata        0x00013430       0x34 ../../Common/Minimal/QPeek.o
 .rodata        0x00013464       0x28 ../../Common/Minimal/recmutex.o
 .rodata        0x0001348c       0x48 ../../Common/Minimal/IntQueue.o
 .rodata        0x000134d4       0x10 ./webserver/uIP_Task.o
 .rodata        0x000134e4        0x4 ./webserver/emac.o
 .rodata        0x000134e8      0x154 ./webserver/httpd-cgi.o
 .rodata.file   0x0001363c        0x8 ./webserver/httpd-cgi.o
 .rodata.tcp    0x00013644        0x8 ./webserver/httpd-cgi.o
 .rodata.net    0x0001364c        0x8 ./webserver/httpd-cgi.o
 .rodata.rtos   0x00013654        0x8 ./webserver/httpd-cgi.o
 .rodata.run    0x0001365c        0x8 ./webserver/httpd-cgi.o
 .rodata.io     0x00013664        0x8 ./webserver/httpd-cgi.o
 .rodata.closed
                0x0001366c        0x8 ./webserver/httpd-cgi.o
 .rodata.syn_rcvd
                0x00013674        0xc ./webserver/httpd-cgi.o
 .rodata.syn_sent
                0x00013680        0xc ./webserver/httpd-cgi.o
 .rodata.established
                0x0001368c        0xc ./webserver/httpd-cgi.o
 .rodata.fin_wait_1
                0x00013698        0xc ./webserver/httpd-cgi.o
 .rodata.fin_wait_2
                0x000136a4        0xc ./webserver/httpd-cgi.o
 .rodata.closing
                0x000136b0        0x8 ./webserver/httpd-cgi.o
 .rodata.time_wait
                0x000136b8        0xc ./webserver/httpd-cgi.o
 .rodata.last_ack
                0x000136c4        0xc ./webserver/httpd-cgi.o
 .rodata.data_404_html
                0x000136d0       0xac ./webserver/httpd-fs.o
 .rodata.data_index_html
                0x0001377c      0x1a4 ./webserver/httpd-fs.o
 .rodata.data_index_shtml
                0x00013920      0x348 ./webserver/httpd-fs.o
 .rodata.data_io_shtml
                0x00013c68      0x330 ./webserver/httpd-fs.o
 .rodata.data_runtime_shtml
                0x00013f98      0x340 ./webserver/httpd-fs.o
 .rodata.data_stats_shtml
                0x000142d8      0x55c ./webserver/httpd-fs.o
 .rodata.data_tcp_shtml
                0x00014834      0x2d8 ./webserver/httpd-fs.o
 .rodata.file_404_html
                0x00014b0c       0x14 ./webserver/httpd-fs.o
                0x00014b0c                file_404_html
 .rodata.file_index_html
                0x00014b20       0x14 ./webserver/httpd-fs.o
                0x00014b20                file_index_html
 .rodata.file_index_shtml
                0x00014b34       0x14 ./webserver/httpd-fs.o
                0x00014b34                file_index_shtml
 .rodata.file_io_shtml
                0x00014b48       0x14 ./webserver/httpd-fs.o
                0x00014b48                file_io_shtml
 .rodata.file_runtime_shtml
                0x00014b5c       0x14 ./webserver/httpd-fs.o
                0x00014b5c                file_runtime_shtml
 .rodata.file_stats_shtml
                0x00014b70       0x14 ./webserver/httpd-fs.o
                0x00014b70                file_stats_shtml
 .rodata.file_tcp_shtml
                0x00014b84       0x14 ./webserver/httpd-fs.o
                0x00014b84                file_tcp_shtml
 .rodata.http_http
                0x00014b98        0x8 ./webserver/http-strings.o
                0x00014b98                http_http
 .rodata.http_200
                0x00014ba0        0x8 ./webserver/http-strings.o
                0x00014ba0                http_200
 .rodata.http_301
                0x00014ba8        0x8 ./webserver/http-strings.o
                0x00014ba8                http_301
 .rodata.http_302
                0x00014bb0        0x8 ./webserver/http-strings.o
                0x00014bb0                http_302
 .rodata.http_get
                0x00014bb8        0x8 ./webserver/http-strings.o
                0x00014bb8                http_get
 .rodata.http_10
                0x00014bc0        0xc ./webserver/http-strings.o
                0x00014bc0                http_10
 .rodata.http_11
                0x00014bcc        0xc ./webserver/http-strings.o
                0x00014bcc                http_11
 .rodata.http_content_type
                0x00014bd8       0x10 ./webserver/http-strings.o
                0x00014bd8                http_content_type
 .rodata.http_texthtml
                0x00014be8        0xc ./webserver/http-strings.o
                0x00014be8                http_texthtml
 .rodata.http_location
                0x00014bf4        0xc ./webserver/http-strings.o
                0x00014bf4                http_location
 .rodata.http_host
                0x00014c00        0x8 ./webserver/http-strings.o
                0x00014c00                http_host
 .rodata.http_crnl
                0x00014c08        0x4 ./webserver/http-strings.o
                0x00014c08                http_crnl
 .rodata.http_index_html
                0x00014c0c        0xc ./webserver/http-strings.o
                0x00014c0c                http_index_html
 .rodata.http_404_html
                0x00014c18        0xc ./webserver/http-strings.o
                0x00014c18                http_404_html
 .rodata.http_referer
                0x00014c24        0xc ./webserver/http-strings.o
                0x00014c24                http_referer
 .rodata.http_header_200
                0x00014c30       0x54 ./webserver/http-strings.o
                0x00014c30                http_header_200
 .rodata.http_header_404
                0x00014c84       0x5c ./webserver/http-strings.o
                0x00014c84                http_header_404
 .rodata.http_content_type_plain
                0x00014ce0       0x20 ./webserver/http-strings.o
                0x00014ce0                http_content_type_plain
 .rodata.http_content_type_html
                0x00014d00       0x1c ./webserver/http-strings.o
                0x00014d00                http_content_type_html
 .rodata.http_content_type_css
                0x00014d1c       0x1c ./webserver/http-strings.o
                0x00014d1c                http_content_type_css
 .rodata.http_content_type_text
                0x00014d38       0x1c ./webserver/http-strings.o
                0x00014d38                http_content_type_text
 .rodata.http_content_type_png
                0x00014d54       0x1c ./webserver/http-strings.o
                0x00014d54                http_content_type_png
 .rodata.http_content_type_gif
                0x00014d70       0x1c ./webserver/http-strings.o
                0x00014d70                http_content_type_gif
 .rodata.http_content_type_jpg
                0x00014d8c       0x20 ./webserver/http-strings.o
                0x00014d8c                http_content_type_jpg
 .rodata.http_content_type_binary
                0x00014dac       0x2c ./webserver/http-strings.o
                0x00014dac                http_content_type_binary
 .rodata.http_html
                0x00014dd8        0x8 ./webserver/http-strings.o
                0x00014dd8                http_html
 .rodata.http_shtml
                0x00014de0        0x8 ./webserver/http-strings.o
                0x00014de0                http_shtml
 .rodata.http_htm
                0x00014de8        0x8 ./webserver/http-strings.o
                0x00014de8                http_htm
 .rodata.http_css
                0x00014df0        0x8 ./webserver/http-strings.o
                0x00014df0                http_css
 .rodata.http_png
                0x00014df8        0x8 ./webserver/http-strings.o
                0x00014df8                http_png
 .rodata.http_gif
                0x00014e00        0x8 ./webserver/http-strings.o
                0x00014e00                http_gif
 .rodata.http_jpg
                0x00014e08        0x8 ./webserver/http-strings.o
                0x00014e08                http_jpg
 .rodata.http_text
                0x00014e10        0x8 ./webserver/http-strings.o
                0x00014e10                http_text
 .rodata.http_txt
                0x00014e18        0x8 ./webserver/http-strings.o
                0x00014e18                http_txt
 .rodata.broadcast_ethaddr
                0x00014e20        0x8 ../../Common/ethernet/uIP/uip-1.0/uip/uip_arp.o
 .rodata.broadcast_ipaddr
                0x00014e28        0x4 ../../Common/ethernet/uIP/uip-1.0/uip/uip_arp.o
 .rodata        0x00014e2c       0x14 ../../Common/ethernet/uIP/uip-1.0/uip/psock.o
 .rodata.all_ones_addr
                0x00014e40        0x4 ../../Common/ethernet/uIP/uip-1.0/uip/uip.o
 .rodata.all_zeroes_addr
                0x00014e44        0x4 ../../Common/ethernet/uIP/uip-1.0/uip/uip.o
 .rodata        0x00014e48       0x50 ../../../Source/tasks.o
 .rodata.ucExpectedStackBytes.5777
                0x00014e98       0x14 ../../../Source/tasks.o
 .rodata.ulKernelPriority
                0x00014eac        0x4 ../../../Source/portable/GCC/ARM_CM3/port.o
                0x00014eac                ulKernelPriority
 .rodata.heapSTRUCT_SIZE
                0x00014eb0        0x2 ../../../Source/portable/MemMang/heap_2.o
 *fill*         0x00014eb2        0x2 00
 .rodata.g_pulFMPPERegs
                0x00014eb4       0x10 driverlib/gcc/libdriver.a(flash.o)
 .rodata.g_pulFMPRERegs
                0x00014ec4       0x10 driverlib/gcc/libdriver.a(flash.o)
 .rodata.CSWTCH.4
                0x00014ed4        0x3 driverlib/gcc/libdriver.a(flash.o)
 *fill*         0x00014ed7        0x1 00
 .rodata.g_pulGPIOBaseAddrs
                0x00014ed8       0x48 driverlib/gcc/libdriver.a(gpio.o)
 .rodata.g_pulPriority
                0x00014f20       0x20 driverlib/gcc/libdriver.a(interrupt.o)
 .rodata.g_pulRegs
                0x00014f40       0x48 driverlib/gcc/libdriver.a(interrupt.o)
 .rodata.g_pulDCRegs
                0x00014f88       0x10 driverlib/gcc/libdriver.a(sysctl.o)
 .rodata.g_pulXtals
                0x00014f98       0x5c driverlib/gcc/libdriver.a(sysctl.o)
 .rodata.g_pulDCGCRegs
                0x00014ff4        0xc driverlib/gcc/libdriver.a(sysctl.o)
 .rodata.g_pulRCGCRegs
                0x00015000        0xc driverlib/gcc/libdriver.a(sysctl.o)
 .rodata.g_pulSCGCRegs
                0x0001500c        0xc driverlib/gcc/libdriver.a(sysctl.o)
 .rodata.g_pulSRCRRegs
                0x00015018        0xc driverlib/gcc/libdriver.a(sysctl.o)
                0x00015024                _etext = .

.glue_7         0x00015024        0x0
 .glue_7        0x00000000        0x0 linker stubs

.glue_7t        0x00015024        0x0
 .glue_7t       0x00000000        0x0 linker stubs

.vfp11_veneer   0x00015024        0x0
 .vfp11_veneer  0x00000000        0x0 linker stubs

.v4_bx          0x00015024        0x0
 .v4_bx         0x00000000        0x0 linker stubs

.iplt           0x00015024        0x0
 .iplt          0x00000000        0x0 main.o

.rel.dyn        0x00015024        0x0
 .rel.iplt      0x00000000        0x0 main.o

.data           0x20000000      0x178 load address 0x00015024
                0x20000000                _data = .
 *(vtable)
 vtable         0x20000000      0x11c driverlib/gcc/libdriver.a(interrupt.o)
 *(.data*)
 .data          0x2000011c        0x0 main.o
 .data.xMessage.5702
                0x2000011c        0x4 main.o
 .data          0x20000120        0x0 timertest.o
 .data          0x20000120        0x0 ./ParTest/ParTest.o
 .data          0x20000120        0x0 ./evalbot_drivers/dac.o
 .data.g_ucHPVolume
                0x20000120        0x1 ./evalbot_drivers/dac.o
 .data          0x20000121        0x0 ./evalbot_drivers/display96x16x1.o
 .data          0x20000121        0x0 ./evalbot_drivers/io.o
 .data.g_ucDebouncedButtons
                0x20000121        0x1 ./evalbot_drivers/io.o
 .data          0x20000122        0x0 ./evalbot_drivers/motor.o
 .data          0x20000122        0x0 ./evalbot_drivers/sensors.o
 .data.g_ucDebouncedBumpers
                0x20000122        0x1 ./evalbot_drivers/sensors.o
 .data          0x20000123        0x0 ./evalbot_drivers/sound.o
 .data.g_ucVolume
                0x20000123        0x1 ./evalbot_drivers/sound.o
 .data          0x20000124        0x0 ./evalbot_drivers/wav.o
 .data          0x20000124        0x0 driverlib/ustdlib.o
 .data          0x20000124        0x0 ../../Common/Minimal/BlockQ.o
 .data          0x20000124        0x0 ../../Common/Minimal/blocktim.o
 .data          0x20000124        0x0 ../../Common/Minimal/death.o
 .data.usLastCreationCount.4715
                0x20000124        0x2 ../../Common/Minimal/death.o
 .data          0x20000126        0x0 ../../Common/Minimal/integer.o
 .data          0x20000126        0x0 ../../Common/Minimal/PollQ.o
 .data          0x20000126        0x0 ../../Common/Minimal/semtest.o
 .data          0x20000126        0x0 ../../Common/Minimal/GenQTest.o
 .data          0x20000126        0x0 ../../Common/Minimal/QPeek.o
 .data          0x20000126        0x0 ../../Common/Minimal/recmutex.o
 .data          0x20000126        0x0 ../../Common/Minimal/IntQueue.o
 *fill*         0x20000126        0x2 00
 .data.xErrorStatus
                0x20000128        0x4 ../../Common/Minimal/IntQueue.o
 .data          0x2000012c        0x0 ./IntQueueTimer.o
 .data          0x2000012c        0x0 ./webserver/uIP_Task.o
 .data          0x2000012c        0x0 ./webserver/emac.o
 .data          0x2000012c        0x0 ./webserver/httpd.o
 .data          0x2000012c        0x0 ./webserver/httpd-cgi.o